Script started on Tue 26 May 2015 11:12:36 PM PDT
~
vhall001@hammer $ cd rshell
~/rshell
vhall001@hammer $ make
if [ ! -d bin ]; then mkdir bin; fi
g++ -Wall -Werror -ansi -pedantic src/shell.cpp -o bin/rshell
g++ -Wall -Werror -ansi -pedantic src/ls.cpp -o bin/ls
g++ -Wall -Werror -ansi -pedantic src/cp.cpp -o bin/cp
g++ -Wall -Werror -ansi -pedantic src/mv.cpp -o bin/mv
g++ -Wall -Werror -ansi -pedantic src/rm.cpp -o bin/rm
~/rshell
vhall001@hammer $ #no flags
~/rshell
vhall001@hammer $ bin/ls
[1;34mbin[0;00m/  LICENSE  Makefile  README.md  [1;34msrc[0;00m/  [1;34mtests[0;00m/  
~/rshell
vhall001@hammer $ #with flags
~/rshell
vhall001@hammer $ bin/ls -a
[1;47;34m.[0;00m/  [1;47;34m..[0;00m/  [1;47;34m.git[0;00m/  [1;34mbin[0;00m/  LICENSE  Makefile  README.md  [1;34msrc[0;00m/  [1;34mtests[0;00m/  
~/rshell
vhall001@hammer $ bin [K/ls -l
total 40
drwx------ 2 vhall001 csmajs    4096 May 26 23:06 [1;34mbin[0;00m/
-rw------- 1 vhall001 csmajs   18027 May 17 21:59 LICENSE
-rw------- 1 vhall001 csmajs     672 May 26 21:04 Makefile
-rw------- 1 vhall001 csmajs     457 May 26 21:04 README.md
drwx------ 2 vhall001 csmajs    4096 May 26 23:03 [1;34msrc[0;00m/
drwx------ 2 vhall001 csmajs    4096 May 26 23:05 [1;34mtests[0;00m/
~/rshell
vhall001@hammer $ bin/ls -R
.:
[1;34mbin[0;00m/  LICENSE  Makefile  README.md  [1;34msrc[0;00m/  [1;34mtests[0;00m/  

./bin:
[1;32mcp[0;00m  [1;32mls[0;00m  [1;32mmv[0;00m  [1;32mrm[0;00m  [1;32mrshell[0;00m  

./src:
cp.cpp  ls.cpp  mv.cpp  rm.cpp  shell.cpp  Timer.h  

./tests:
exec.script  ls.script  piping.script  
~/rshell
vhall001@hammer $ #muli[Ktiple flags
~/rshell
vhall001@hammer $ bin/ls -al[K[Kla
total 52
drwx------ 6 vhall001 csmajs    4096 May 26 23:05 [1;47;34m.[0;00m/
drwx------ 12 vhall001 csmajs    4096 May 26 23:01 [1;47;34m..[0;00m/
drwx------ 8 vhall001 csmajs    4096 May 26 23:04 [1;47;34m.git[0;00m/
drwx------ 2 vhall001 csmajs    4096 May 26 23:06 [1;34mbin[0;00m/
-rw------- 1 vhall001 csmajs   18027 May 17 21:59 LICENSE
-rw------- 1 vhall001 csmajs     672 May 26 21:04 Makefile
-rw------- 1 vhall001 csmajs     457 May 26 21:04 README.md
drwx------ 2 vhall001 csmajs    4096 May 26 23:03 [1;34msrc[0;00m/
drwx------ 2 vhall001 csmajs    4096 May 26 23:05 [1;34mtests[0;00m/
~/rshell
vhall001@hammer $ bin/ls - [Kl -a
total 52
drwx------ 6 vhall001 csmajs    4096 May 26 23:05 [1;47;34m.[0;00m/
drwx------ 12 vhall001 csmajs    4096 May 26 23:01 [1;47;34m..[0;00m/
drwx------ 8 vhall001 csmajs    4096 May 26 23:04 [1;47;34m.git[0;00m/
drwx------ 2 vhall001 csmajs    4096 May 26 23:06 [1;34mbin[0;00m/
-rw------- 1 vhall001 csmajs   18027 May 17 21:59 LICENSE
-rw------- 1 vhall001 csmajs     672 May 26 21:04 Makefile
-rw------- 1 vhall001 csmajs     457 May 26 21:04 README.md
drwx------ 2 vhall001 csmajs    4096 May 26 23:03 [1;34msrc[0;00m/
drwx------ 2 vhall001 csmajs    4096 May 26 23:05 [1;34mtests[0;00m/
~/rshell
vhall001@hammer $ bin/ls -aR
.:
[1;47;34m.[0;00m/  [1;47;34m..[0;00m/  [1;47;34m.git[0;00m/  [1;34mbin[0;00m/  LICENSE  Makefile  README.md  [1;34msrc[0;00m/  [1;34mtests[0;00m/  

./.git:
[1;47;34m.[0;00m/  [1;47;34m..[0;00m/  [1;34mbranches[0;00m/  COMMIT_EDITMSG  config  description  FETCH_HEAD  HEAD  [1;34mhooks[0;00m/  index  [1;34minfo[0;00m/  [1;34mlogs[0;00m/  [1;34mobjects[0;00m/  ORIG_HEAD  packed-refs  [1;34mrefs[0;00m/  

./branches:
[1;47;34m.[0;00m/  [1;47;34m..[0;00m/  

./hooks:
[1;47;34m.[0;00m/  [1;47;34m..[0;00m/  [1;32mapplypatch-msg.sample[0;00m  [1;32mcommit-msg.sample[0;00m  [1;32mpost-update.sample[0;00m  [1;32mpre-applypatch.sample[0;00m  [1;32mpre-commit.sample[0;00m  [1;32mpre-push.sample[0;00m  [1;32mpre-rebase.sample[0;00m  [1;32mprepare-commit-msg.sample[0;00m  [1;32mupdate.sample[0;00m  

./info:
[1;47;34m.[0;00m/  [1;47;34m..[0;00m/  exclude  

./logs:
[1;47;34m.[0;00m/  [1;47;34m..[0;00m/  HEAD  [1;34mrefs[0;00m/  

./refs:
[1;47;34m.[0;00m/  [1;47;34m..[0;00m/  [1;34mheads[0;00m/  [1;34mremotes[0;00m/  

./heads:
[1;47;34m.[0;00m/  [1;47;34m..[0;00m/  master  

./remotes:
[1;47;34m.[0;00m/  [1;47;34m..[0;00m/  [1;34morigin[0;00m/  

./origin:
[1;47;34m.[0;00m/  [1;47;34m..[0;00m/  HEAD  master  

./objects:
[1;47;34m.[0;00m/  [1;47;34m..[0;00m/  [1;34m00[0;00m/  [1;34m01[0;00m/  [1;34m02[0;00m/  [1;34m04[0;00m/  [1;34m05[0;00m/  [1;34m09[0;00m/  [1;34m0a[0;00m/  [1;34m10[0;00m/  [1;34m12[0;00m/  [1;34m15[0;00m/  [1;34m18[0;00m/  [1;34m1d[0;00m/  [1;34m1e[0;00m/  [1;34m21[0;00m/  [1;34m22[0;00m/  [1;34m24[0;00m/  [1;34m28[0;00m/  [1;34m29[0;00m/  [1;34m2a[0;00m/  [1;34m2e[0;00m/  [1;34m30[0;00m/  [1;34m33[0;00m/  [1;34m37[0;00m/  [1;34m3a[0;00m/  [1;34m3b[0;00m/  [1;34m3d[0;00m/  [1;34m3e[0;00m/  [1;34m3f[0;00m/  [1;34m42[0;00m/  [1;34m44[0;00m/  [1;34m47[0;00m/  [1;34m4c[0;00m/  [1;34m4f[0;00m/  [1;34m50[0;00m/  [1;34m51[0;00m/  [1;34m52[0;00m/  [1;34m53[0;00m/  [1;34m54[0;00m/  [1;34m55[0;00m/  [1;34m58[0;00m/  [1;34m5a[0;00m/  [1;34m5f[0;00m/  [1;34m62[0;00m/  [1;34m66[0;00m/  [1;34m67[0;00m/  [1;34m6a[0;00m/  [1;34m6c[0;00m/  [1;34m6d[0;00m/  [1;34m70[0;00m/  [1;34m72[0;00m/  [1;34m73[0;00m/  [1;34m75[0;00m/  [1;34m77[0;00m/  [1;34m79[0;00m/  [1;34m7b[0;00m/  [1;34m7d[0;00m/  [1;34m7e[0;00m/  [1;34m7f[0;00m/  [1;34m80[0;00m/  [1;34m89[0;00m/  [1;34m8a[0;00m/  [1;34m8b[0;00m/  [1;34m8e[0;00m/  [1;34m8f[0;00m/  [1;34m92[0;00m/  [1;34m94[0;00m/  [1;34m96[0;00m/  [1;34m97[0;00m/  [1;34m98[0;00m/  [1;34m99[0;00m/  [1;34m9a[0;00m/  [1;34m9c[0;00m/  [1;34m9e[0;00m/  [1;34ma1[0;00m/  [1;34ma6[0;00m/  [1;34ma7[0;00m/  [1;34ma8[0;00m/  [1;34mab[0;00m/  [1;34mac[0;00m/  [1;34mad[0;00m/  [1;34mb0[0;00m/  [1;34mb2[0;00m/  [1;34mb9[0;00m/  [1;34mba[0;00m/  [1;34mbb[0;00m/  [1;34mbf[0;00m/  [1;34mc0[0;00m/  [1;34mc2[0;00m/  [1;34mc3[0;00m/  [1;34mc4[0;00m/  [1;34mc5[0;00m/  [1;34mc7[0;00m/  [1;34mc8[0;00m/  [1;34mca[0;00m/  [1;34mcb[0;00m/  [1;34md3[0;00m/  [1;34md6[0;00m/  [1;34md8[0;00m/  [1;34md9[0;00m/  [1;34mdb[0;00m/  [1;34mdd[0;00m/  [1;34me0[0;00m/  [1;34me1[0;00m/  [1;34me3[0;00m/  [1;34me5[0;00m/  [1;34me6[0;00m/  [1;34meb[0;00m/  [1;34mee[0;00m/  [1;34mf1[0;00m/  [1;34mf2[0;00m/  [1;34mf3[0;00m/  [1;34mf5[0;00m/  [1;34mf6[0;00m/  [1;34mf7[0;00m/  [1;34mf9[0;00m/  [1;34mfe[0;00m/  [1;34minfo[0;00m/  [1;34mpack[0;00m/  

./00:
[1;47;34m.[0;00m/  [1;47;34m..[0;00m/  e4686e7846a8060b53c734c21f6dc0c9f8c4b2  

./01:
[1;47;34m.[0;00m/  [1;47;34m..[0;00m/  4561edc69d1623f2fbe4d970a4b335038fe544  

./02:
[1;47;34m.[0;00m/  [1;47;34m..[0;00m/  05e2763f57d4b50ba57848fcb9dd97d9da5d1c  

./04:
[1;47;34m.[0;00m/  [1;47;34m..[0;00m/  2fc7ffef3acc5c3bf8a79125a79658c3f904cc  c0204f5aabb2007f3ee86ddcdffda015967021  

./05:
[1;47;34m.[0;00m/  [1;47;34m..[0;00m/  64a8a487e2f9b493abc8453c558011999b3948  be84da74cc4dd9e7171e6778f409ff68fdeec6  

./09:
[1;47;34m.[0;00m/  [1;47;34m..[0;00m/  16ce03d4ff95fec01314ef37543b0644073928  

./0a:
[1;47;34m.[0;00m/  [1;47;34m..[0;00m/  17176d6577d2b1345e4bf70ee4bd53933eb25d  

./10:
[1;47;34m.[0;00m/  [1;47;34m..[0;00m/  6f7a26ca2a024efb6f8c7fa5fc5d0e0f2a7df0  

./12:
[1;47;34m.[0;00m/  [1;47;34m..[0;00m/  a9b143a753a68a7f407be3a67d728b5acc54ec  

./15:
[1;47;34m.[0;00m/  [1;47;34m..[0;00m/  2187f8f7d6b882542db91dddb4f7498d186094  

./18:
[1;47;34m.[0;00m/  [1;47;34m..[0;00m/  518a14dee32f4aae3f87e2840a8683ac82ed7d  

./1d:
[1;47;34m.[0;00m/  [1;47;34m..[0;00m/  c5b82057d0df13c406cc2481535fb62eacdb9d  

./1e:
[1;47;34m.[0;00m/  [1;47;34m..[0;00m/  258b81f4ab5898c47263c459438cda673c1ca6  4f707632b8dafdb49b0ff57f3e6261be7b8ce5  

./21:
[1;47;34m.[0;00m/  [1;47;34m..[0;00m/  231a0b8fdbc88708ed69c7ac434d701cd3504f  

./22:
[1;47;34m.[0;00m/  [1;47;34m..[0;00m/  89dbfb301096804f826f299a4299896d98557b  

./24:
[1;47;34m.[0;00m/  [1;47;34m..[0;00m/  90b6a969f2f2c38f3ce44e7bf6297afaa5e3d8  

./28:
[1;47;34m.[0;00m/  [1;47;34m..[0;00m/  1d171ed5f15c6666a6c95f180e3dcda318aeae  

./29:
[1;47;34m.[0;00m/  [1;47;34m..[0;00m/  0ba06ca74b64a247828bfb07eae6393ca2d5d3  26d429bf34d904b279af8ce74bdf5c160d2b26  896c129cf540914fd9b6ba4884243e907adf4e  fc379e307a65674f4160a4bd1e67639852d7f7  

./2a:
[1;47;34m.[0;00m/  [1;47;34m..[0;00m/  10cd42cb15978bfbf71daa34cd9c79995e2294  f7f15ed4a6b2354d13cdacd70046bb02489f77  

./2e:
[1;47;34m.[0;00m/  [1;47;34m..[0;00m/  d6a7cdf8b5d34f6dcbe0200f6516006e54c78e  

./30:
[1;47;34m.[0;00m/  [1;47;34m..[0;00m/  25c8644338e276742f7f16687ce31114954edb  7a019873d20abd7787ab2e7d04b5d405331fa7  

./33:
[1;47;34m.[0;00m/  [1;47;34m..[0;00m/  662d10f3c76ed8097853068d7ba5c25a8e4820  

./37:
[1;47;34m.[0;00m/  [1;47;34m..[0;00m/  fbd1d63726028c8a22c6d04dc6b498c2328468  

./3a:
[1;47;34m.[0;00m/  [1;47;34m..[0;00m/  4ec65061ccb3babcebf4643091bf5e7017c3c8  

./3b:
[1;47;34m.[0;00m/  [1;47;34m..[0;00m/  daa49671c47678c83e8c8158f230c6223819b1  ec4fdd5a6faade9ed3221d3485f71b9e84441c  

./3d:
[1;47;34m.[0;00m/  [1;47;34m..[0;00m/  c0140b0593f3620271cfdd3b7ca0603b609782  

./3e:
[1;47;34m.[0;00m/  [1;47;34m..[0;00m/  324fdcbea9e33a11a8e2dbc509a0fcdc557c02  

./3f:
[1;47;34m.[0;00m/  [1;47;34m..[0;00m/  9caa01370d2725de8e4ffd288c231541e2cb57  b34db656a4138f0ebbba1d7f95c4b801e8cd8a  

./42:
[1;47;34m.[0;00m/  [1;47;34m..[0;00m/  e4010c249082509a25a6a6a4039704b44864e3  

./44:
[1;47;34m.[0;00m/  [1;47;34m..[0;00m/  934efccb2e212946f0712f9445ac46af7403b3  

./47:
[1;47;34m.[0;00m/  [1;47;34m..[0;00m/  d9955f036f077afaa27dee05888d3b2f040bc4  

./4c:
[1;47;34m.[0;00m/  [1;47;34m..[0;00m/  3dd38f5079afb45a27e48dfe7b6a6ec278fe50  

./4f:
[1;47;34m.[0;00m/  [1;47;34m..[0;00m/  0a23c05c1d415a418a5b736d35441040e5cbc0  

./50:
[1;47;34m.[0;00m/  [1;47;34m..[0;00m/  2d2ba96689c494e04a810639b5dcc6b4ae3f8f  

./51:
[1;47;34m.[0;00m/  [1;47;34m..[0;00m/  d2602f66d53bc18b60ab6c0822218c1e5171d8  

./52:
[1;47;34m.[0;00m/  [1;47;34m..[0;00m/  d624df9a93b6390fcb55c4baafae3572b20e96  fcc8a69b94edf2257c0a0157dee1d1bd468dd8  

./53:
[1;47;34m.[0;00m/  [1;47;34m..[0;00m/  b8075dcdcf4e3d017b29035b9d2cb4638b306c  

./54:
[1;47;34m.[0;00m/  [1;47;34m..[0;00m/  a40aedb8d658b01f62d056c06ea38c4f08c508  

./55:
[1;47;34m.[0;00m/  [1;47;34m..[0;00m/  724983b9e44d48ceff84c43d19973dcbf84ab4  

./58:
[1;47;34m.[0;00m/  [1;47;34m..[0;00m/  2571771c4b35f908e144e0f943e72bf7dd3840  

./5a:
[1;47;34m.[0;00m/  [1;47;34m..[0;00m/  075607ceb21d7c1fe2ad9c038f17ab713d6bf8  

./5f:
[1;47;34m.[0;00m/  [1;47;34m..[0;00m/  872c58566302284f8278959dd141c2fb77d225  

./62:
[1;47;34m.[0;00m/  [1;47;34m..[0;00m/  798071a0e28d67e4e72ce683b39bebf3aedb35  

./66:
[1;47;34m.[0;00m/  [1;47;34m..[0;00m/  76d09aa00769c9ce05c04bcaff496a476cad7c  

./67:
[1;47;34m.[0;00m/  [1;47;34m..[0;00m/  082a0d1fde470fa335f6751a63924fb4ea7125  db043ee9a5f1d9586dbe842dadb946cbcaf593  

./6a:
[1;47;34m.[0;00m/  [1;47;34m..[0;00m/  1a6f90dcb6c92c93b5530c08564738746a43e9  

./6c:
[1;47;34m.[0;00m/  [1;47;34m..[0;00m/  b08313680d298a2f25b7e97e1ddb05d76f673c  

./6d:
[1;47;34m.[0;00m/  [1;47;34m..[0;00m/  ba4ca753ea9549087bf1da62b4036a40af7232  

./70:
[1;47;34m.[0;00m/  [1;47;34m..[0;00m/  a4344c2a01dc22db42fedc1582b64757f15f12  

./72:
[1;47;34m.[0;00m/  [1;47;34m..[0;00m/  f61d1f6d2dc141bf9db5251448aca05ce6cda2  

./73:
[1;47;34m.[0;00m/  [1;47;34m..[0;00m/  19d3d5ff89f379a98898f19548472a7220e77a  

./75:
[1;47;34m.[0;00m/  [1;47;34m..[0;00m/  4706e0deb188879cd23bea23d160ca71c6ba01  

./77:
[1;47;34m.[0;00m/  [1;47;34m..[0;00m/  7695fa847c5f933ef822fc2fa796c7eb4ed9b5  

./79:
[1;47;34m.[0;00m/  [1;47;34m..[0;00m/  4400a3b16f0b72e5800a80fe03a517844fb85c  5db412413958a7436110f166ea2706e5b287e8  

./7b:
[1;47;34m.[0;00m/  [1;47;34m..[0;00m/  e674f133cdaceae2c0fa00a6cc6d2b13ca4515  

./7d:
[1;47;34m.[0;00m/  [1;47;34m..[0;00m/  d33a596aff58e9d1922c7c8f56a9242209c273  

./7e:
[1;47;34m.[0;00m/  [1;47;34m..[0;00m/  999af13fa28a0de87c4c1875f1f08fa2914871  

./7f:
[1;47;34m.[0;00m/  [1;47;34m..[0;00m/  663d072c2c65fbec9ebe90b768d5e4c799ee52  

./80:
[1;47;34m.[0;00m/  [1;47;34m..[0;00m/  62aa373b8ce174a8c07b2abdb9309c95ef8bc6  

./89:
[1;47;34m.[0;00m/  [1;47;34m..[0;00m/  c53aa3dc10a0d5b7d3105171296992be199436  

./8a:
[1;47;34m.[0;00m/  [1;47;34m..[0;00m/  0c736ead13f1adc55e913ecb81a51a00241eee  ce59d7bd8577c35287af9cf3ae541aabca5952  

./8b:
[1;47;34m.[0;00m/  [1;47;34m..[0;00m/  137891791fe96927ad78e64b0aad7bded08bdc  

./8e:
[1;47;34m.[0;00m/  [1;47;34m..[0;00m/  81b1c3d7b7bbc8ed0615086359a13797fca5d8  

./8f:
[1;47;34m.[0;00m/  [1;47;34m..[0;00m/  0ce684a5341538b9cf3b8c00621394bb760ab4  f4621898edf4df130384dc6641a925c142f38e  

./92:
[1;47;34m.[0;00m/  [1;47;34m..[0;00m/  c862808e140a6665d52d4bb2c7c160068e8545  

./94:
[1;47;34m.[0;00m/  [1;47;34m..[0;00m/  7b61721a3f4166b8d85bc06373535238bbca5f  

./96:
[1;47;34m.[0;00m/  [1;47;34m..[0;00m/  4aa82f750b4793f77280130b49bffb30df875c  

./97:
[1;47;34m.[0;00m/  [1;47;34m..[0;00m/  e050b123a54e7b44755c77cd4095eeec1276ba  

./98:
[1;47;34m.[0;00m/  [1;47;34m..[0;00m/  370a3402fbbebed9ae3999bd43f51d70319e91  

./99:
[1;47;34m.[0;00m/  [1;47;34m..[0;00m/  00021ca21e6dc18e86a395b1b9340c88ff67c1  

./9a:
[1;47;34m.[0;00m/  [1;47;34m..[0;00m/  4d521bcfc9cd0c9f2cb763cb069bfb89558323  

./9c:
[1;47;34m.[0;00m/  [1;47;34m..[0;00m/  fc512c4b07a52f63cbc26c24ebdd0746bbcc7a  

./9e:
[1;47;34m.[0;00m/  [1;47;34m..[0;00m/  56c8c77d21c550541d30c3ddfeb1e76f7e10dd  d1dda6b3a41d137a0afccbed07cde5cd4b30f6  f0ef3d9a36d522bac392e841f05ecf6982f38e  

./a1:
[1;47;34m.[0;00m/  [1;47;34m..[0;00m/  4258a5c09324342affcafa63c75a35dacab7a2  4b8e5ded2778b2880114c6804c142f296dcd2b  

./a6:
[1;47;34m.[0;00m/  [1;47;34m..[0;00m/  e9e28ce0fdfb3cff1935e7eb5e8bdcab378f86  

./a7:
[1;47;34m.[0;00m/  [1;47;34m..[0;00m/  0d052bd594e8b16c246a9cb061a5f6fdfc4b1e  caf5432cbf9f0c34348cee432770843ec9439d  

./a8:
[1;47;34m.[0;00m/  [1;47;34m..[0;00m/  33a1ac8b3a1d8fdd534b0f6eee50d417385977  38f2683962b16e385773ba3717711b7a032542  

./ab:
[1;47;34m.[0;00m/  [1;47;34m..[0;00m/  1f02698ee1f7ac3bf99051fc06721272274635  bdda4a4b9116fefb2eb79e8509d005c697f996  

./ac:
[1;47;34m.[0;00m/  [1;47;34m..[0;00m/  c91c291d37fe6deeee5b671b0fdd393bbe36d9  

./ad:
[1;47;34m.[0;00m/  [1;47;34m..[0;00m/  0be61784fd8a79b92226d6ef7bebb8fa2ef1b3  

./b0:
[1;47;34m.[0;00m/  [1;47;34m..[0;00m/  f33b387def62168c2894454ca2688904756ab5  f7d61f7338f6e6d1c2d4bf20b7792e0647ac96  

./b2:
[1;47;34m.[0;00m/  [1;47;34m..[0;00m/  a8043ba9fe2914c2366669bc777d5633e59a0a  

./b9:
[1;47;34m.[0;00m/  [1;47;34m..[0;00m/  00f2afb70e00400fed56817cfc7901dc45d550  cb49eef64d6d5ac3f06927e1c2d01dc3f0b647  

./ba:
[1;47;34m.[0;00m/  [1;47;34m..[0;00m/  45c124cbdc278b063ec880edbc31c6f5ed5262  df8959067f45d63b6213253cd2b8f233262f52  

./bb:
[1;47;34m.[0;00m/  [1;47;34m..[0;00m/  fce26936c02e47708ce0a5c39ad91979264865  

./bf:
[1;47;34m.[0;00m/  [1;47;34m..[0;00m/  55d04cbe41606f08839521b69443bbf44378a5  

./c0:
[1;47;34m.[0;00m/  [1;47;34m..[0;00m/  614f814a1cd9fe0d75b195964f2abd18b99651  

./c2:
[1;47;34m.[0;00m/  [1;47;34m..[0;00m/  b89a52ee4eade5257600e04bec764824f39668  f86eac088d14119d6b7b13fc86e204362f51b8  

./c3:
[1;47;34m.[0;00m/  [1;47;34m..[0;00m/  3647d41bbc77227bc0387fafaf916c3182b8ab  

./c4:
[1;47;34m.[0;00m/  [1;47;34m..[0;00m/  7da919d1a55ecba45755ff3fc698a9122648ae  874cc7b1859abfc097104937bb3d050931411c  

./c5:
[1;47;34m.[0;00m/  [1;47;34m..[0;00m/  358081619fa80eba34edc226ad10ea9710e9ef  

./c7:
[1;47;34m.[0;00m/  [1;47;34m..[0;00m/  653599075418184fafe79f922067e81ec4203c  

./c8:
[1;47;34m.[0;00m/  [1;47;34m..[0;00m/  8893bfd261b5b661bfbcc32140b9cfb66dab20  

./ca:
[1;47;34m.[0;00m/  [1;47;34m..[0;00m/  4f1dffa3d29ee2a73a301aed2b2481b76d0505  

./cb:
[1;47;34m.[0;00m/  [1;47;34m..[0;00m/  3d83bd1a1b68eea7c315038b00c5295d05be73  

./d3:
[1;47;34m.[0;00m/  [1;47;34m..[0;00m/  4859355d2632931617ae52b951a64fa412bea0  

./d6:
[1;47;34m.[0;00m/  [1;47;34m..[0;00m/  a93266f748d606b884f9434ff662fe80b9dc21  

./d8:
[1;47;34m.[0;00m/  [1;47;34m..[0;00m/  4909bdde047fec685aeee2dba5d57e579f1233  908e7383fd6d585701fc61bcbfc87fca43fab7  

./d9:
[1;47;34m.[0;00m/  [1;47;34m..[0;00m/  2d0f86e223f82cadfa190cd61f9e1835b200ee  eab3b9c00de60bfcca211f87fa612595c98942  

./db:
[1;47;34m.[0;00m/  [1;47;34m..[0;00m/  264da369e248af57e5850aadd9c88085991dce  

./dd:
[1;47;34m.[0;00m/  [1;47;34m..[0;00m/  258e2be2f6b8931fd6d62307c1aca089a5cb07  

./e0:
[1;47;34m.[0;00m/  [1;47;34m..[0;00m/  04948398175b2f01f53bb0d603ff3460ee0374  

./e1:
[1;47;34m.[0;00m/  [1;47;34m..[0;00m/  19d6a5c8cffd6b955c6f7d544b56d6797502d0  

./e3:
[1;47;34m.[0;00m/  [1;47;34m..[0;00m/  f24eefa7d934afb31b96c1303718dc8a84d6dc  

./e5:
[1;47;34m.[0;00m/  [1;47;34m..[0;00m/  cdb24c183c476f62fd6081110777d258c310f7  

./e6:
[1;47;34m.[0;00m/  [1;47;34m..[0;00m/  9de29bb2d1d6434b8b29ae775ad8c2e48c5391  

./eb:
[1;47;34m.[0;00m/  [1;47;34m..[0;00m/  1888f24d683b626a81b74c09fc2988d115ce20  4ae46392ac5cc293604a8736f46a10b0ab4c3f  

./ee:
[1;47;34m.[0;00m/  [1;47;34m..[0;00m/  6e34cde3e0d6abf3e8909bbbb34a64cfc4e386  

./f1:
[1;47;34m.[0;00m/  [1;47;34m..[0;00m/  91245721555049de087dbb5ca1e892575954df  f1344ea3ec1350c8b40ebcbbcef1e8eab08905  

./f2:
[1;47;34m.[0;00m/  [1;47;34m..[0;00m/  730348848f205873a802f84058715aa0d7467f  

./f3:
[1;47;34m.[0;00m/  [1;47;34m..[0;00m/  6c59fd7af10e734eda7dfcbfad0db6a83bbfea  

./f5:
[1;47;34m.[0;00m/  [1;47;34m..[0;00m/  03ba485a46aba8549ee8277f66236c07c22004  

./f6:
[1;47;34m.[0;00m/  [1;47;34m..[0;00m/  5aab611c783399d3b55648bdf136f5b2eb1bfe  

./f7:
[1;47;34m.[0;00m/  [1;47;34m..[0;00m/  09058a05d3622565a7e99285ff733fe7a45cf6  

./f9:
[1;47;34m.[0;00m/  [1;47;34m..[0;00m/  a7dbb04f8b334c76e57cdc230b90b47b467844  

./fe:
[1;47;34m.[0;00m/  [1;47;34m..[0;00m/  1f7577ae7b586b2c667b503fecad3c0f10a39c  

./info:
[1;47;34m.[0;00m/  [1;47;34m..[0;00m/  

./pack:
[1;47;34m.[0;00m/  [1;47;34m..[0;00m/  

./refs:
[1;47;34m.[0;00m/  [1;47;34m..[0;00m/  [1;34mheads[0;00m/  [1;34mremotes[0;00m/  [1;34mtags[0;00m/  

./heads:
[1;47;34m.[0;00m/  [1;47;34m..[0;00m/  master  

./remotes:
[1;47;34m.[0;00m/  [1;47;34m..[0;00m/  [1;34morigin[0;00m/  

./origin:
[1;47;34m.[0;00m/  [1;47;34m..[0;00m/  HEAD  master  

./tags:
[1;47;34m.[0;00m/  [1;47;34m..[0;00m/  hw2  

./bin:
[1;47;34m.[0;00m/  [1;47;34m..[0;00m/  [1;32mcp[0;00m  [1;32mls[0;00m  [1;32mmv[0;00m  [1;32mrm[0;00m  [1;32mrshell[0;00m  

./src:
[1;47;34m.[0;00m/  [1;47;34m..[0;00m/  cp.cpp  ls.cpp  mv.cpp  rm.cpp  shell.cpp  Timer.h  

./tests:
[1;47;34m.[0;00m/  [1;47;34m..[0;00m/  exec.script  ls.script  piping.script  
~/rshell
vhall001@hammer $ bin/ls -a -r[KR
.:
[1;47;34m.[0;00m/  [1;47;34m..[0;00m/  [1;47;34m.git[0;00m/  [1;34mbin[0;00m/  LICENSE  Makefile  README.md  [1;34msrc[0;00m/  [1;34mtests[0;00m/  

./.git:
[1;47;34m.[0;00m/  [1;47;34m..[0;00m/  [1;34mbranches[0;00m/  COMMIT_EDITMSG  config  description  FETCH_HEAD  HEAD  [1;34mhooks[0;00m/  index  [1;34minfo[0;00m/  [1;34mlogs[0;00m/  [1;34mobjects[0;00m/  ORIG_HEAD  packed-refs  [1;34mrefs[0;00m/  

./branches:
[1;47;34m.[0;00m/  [1;47;34m..[0;00m/  

./hooks:
[1;47;34m.[0;00m/  [1;47;34m..[0;00m/  [1;32mapplypatch-msg.sample[0;00m  [1;32mcommit-msg.sample[0;00m  [1;32mpost-update.sample[0;00m  [1;32mpre-applypatch.sample[0;00m  [1;32mpre-commit.sample[0;00m  [1;32mpre-push.sample[0;00m  [1;32mpre-rebase.sample[0;00m  [1;32mprepare-commit-msg.sample[0;00m  [1;32mupdate.sample[0;00m  

./info:
[1;47;34m.[0;00m/  [1;47;34m..[0;00m/  exclude  

./logs:
[1;47;34m.[0;00m/  [1;47;34m..[0;00m/  HEAD  [1;34mrefs[0;00m/  

./refs:
[1;47;34m.[0;00m/  [1;47;34m..[0;00m/  [1;34mheads[0;00m/  [1;34mremotes[0;00m/  

./heads:
[1;47;34m.[0;00m/  [1;47;34m..[0;00m/  master  

./remotes:
[1;47;34m.[0;00m/  [1;47;34m..[0;00m/  [1;34morigin[0;00m/  

./origin:
[1;47;34m.[0;00m/  [1;47;34m..[0;00m/  HEAD  master  

./objects:
[1;47;34m.[0;00m/  [1;47;34m..[0;00m/  [1;34m00[0;00m/  [1;34m01[0;00m/  [1;34m02[0;00m/  [1;34m04[0;00m/  [1;34m05[0;00m/  [1;34m09[0;00m/  [1;34m0a[0;00m/  [1;34m10[0;00m/  [1;34m12[0;00m/  [1;34m15[0;00m/  [1;34m18[0;00m/  [1;34m1d[0;00m/  [1;34m1e[0;00m/  [1;34m21[0;00m/  [1;34m22[0;00m/  [1;34m24[0;00m/  [1;34m28[0;00m/  [1;34m29[0;00m/  [1;34m2a[0;00m/  [1;34m2e[0;00m/  [1;34m30[0;00m/  [1;34m33[0;00m/  [1;34m37[0;00m/  [1;34m3a[0;00m/  [1;34m3b[0;00m/  [1;34m3d[0;00m/  [1;34m3e[0;00m/  [1;34m3f[0;00m/  [1;34m42[0;00m/  [1;34m44[0;00m/  [1;34m47[0;00m/  [1;34m4c[0;00m/  [1;34m4f[0;00m/  [1;34m50[0;00m/  [1;34m51[0;00m/  [1;34m52[0;00m/  [1;34m53[0;00m/  [1;34m54[0;00m/  [1;34m55[0;00m/  [1;34m58[0;00m/  [1;34m5a[0;00m/  [1;34m5f[0;00m/  [1;34m62[0;00m/  [1;34m66[0;00m/  [1;34m67[0;00m/  [1;34m6a[0;00m/  [1;34m6c[0;00m/  [1;34m6d[0;00m/  [1;34m70[0;00m/  [1;34m72[0;00m/  [1;34m73[0;00m/  [1;34m75[0;00m/  [1;34m77[0;00m/  [1;34m79[0;00m/  [1;34m7b[0;00m/  [1;34m7d[0;00m/  [1;34m7e[0;00m/  [1;34m7f[0;00m/  [1;34m80[0;00m/  [1;34m89[0;00m/  [1;34m8a[0;00m/  [1;34m8b[0;00m/  [1;34m8e[0;00m/  [1;34m8f[0;00m/  [1;34m92[0;00m/  [1;34m94[0;00m/  [1;34m96[0;00m/  [1;34m97[0;00m/  [1;34m98[0;00m/  [1;34m99[0;00m/  [1;34m9a[0;00m/  [1;34m9c[0;00m/  [1;34m9e[0;00m/  [1;34ma1[0;00m/  [1;34ma6[0;00m/  [1;34ma7[0;00m/  [1;34ma8[0;00m/  [1;34mab[0;00m/  [1;34mac[0;00m/  [1;34mad[0;00m/  [1;34mb0[0;00m/  [1;34mb2[0;00m/  [1;34mb9[0;00m/  [1;34mba[0;00m/  [1;34mbb[0;00m/  [1;34mbf[0;00m/  [1;34mc0[0;00m/  [1;34mc2[0;00m/  [1;34mc3[0;00m/  [1;34mc4[0;00m/  [1;34mc5[0;00m/  [1;34mc7[0;00m/  [1;34mc8[0;00m/  [1;34mca[0;00m/  [1;34mcb[0;00m/  [1;34md3[0;00m/  [1;34md6[0;00m/  [1;34md8[0;00m/  [1;34md9[0;00m/  [1;34mdb[0;00m/  [1;34mdd[0;00m/  [1;34me0[0;00m/  [1;34me1[0;00m/  [1;34me3[0;00m/  [1;34me5[0;00m/  [1;34me6[0;00m/  [1;34meb[0;00m/  [1;34mee[0;00m/  [1;34mf1[0;00m/  [1;34mf2[0;00m/  [1;34mf3[0;00m/  [1;34mf5[0;00m/  [1;34mf6[0;00m/  [1;34mf7[0;00m/  [1;34mf9[0;00m/  [1;34mfe[0;00m/  [1;34minfo[0;00m/  [1;34mpack[0;00m/  

./00:
[1;47;34m.[0;00m/  [1;47;34m..[0;00m/  e4686e7846a8060b53c734c21f6dc0c9f8c4b2  

./01:
[1;47;34m.[0;00m/  [1;47;34m..[0;00m/  4561edc69d1623f2fbe4d970a4b335038fe544  

./02:
[1;47;34m.[0;00m/  [1;47;34m..[0;00m/  05e2763f57d4b50ba57848fcb9dd97d9da5d1c  

./04:
[1;47;34m.[0;00m/  [1;47;34m..[0;00m/  2fc7ffef3acc5c3bf8a79125a79658c3f904cc  c0204f5aabb2007f3ee86ddcdffda015967021  

./05:
[1;47;34m.[0;00m/  [1;47;34m..[0;00m/  64a8a487e2f9b493abc8453c558011999b3948  be84da74cc4dd9e7171e6778f409ff68fdeec6  

./09:
[1;47;34m.[0;00m/  [1;47;34m..[0;00m/  16ce03d4ff95fec01314ef37543b0644073928  

./0a:
[1;47;34m.[0;00m/  [1;47;34m..[0;00m/  17176d6577d2b1345e4bf70ee4bd53933eb25d  

./10:
[1;47;34m.[0;00m/  [1;47;34m..[0;00m/  6f7a26ca2a024efb6f8c7fa5fc5d0e0f2a7df0  

./12:
[1;47;34m.[0;00m/  [1;47;34m..[0;00m/  a9b143a753a68a7f407be3a67d728b5acc54ec  

./15:
[1;47;34m.[0;00m/  [1;47;34m..[0;00m/  2187f8f7d6b882542db91dddb4f7498d186094  

./18:
[1;47;34m.[0;00m/  [1;47;34m..[0;00m/  518a14dee32f4aae3f87e2840a8683ac82ed7d  

./1d:
[1;47;34m.[0;00m/  [1;47;34m..[0;00m/  c5b82057d0df13c406cc2481535fb62eacdb9d  

./1e:
[1;47;34m.[0;00m/  [1;47;34m..[0;00m/  258b81f4ab5898c47263c459438cda673c1ca6  4f707632b8dafdb49b0ff57f3e6261be7b8ce5  

./21:
[1;47;34m.[0;00m/  [1;47;34m..[0;00m/  231a0b8fdbc88708ed69c7ac434d701cd3504f  

./22:
[1;47;34m.[0;00m/  [1;47;34m..[0;00m/  89dbfb301096804f826f299a4299896d98557b  

./24:
[1;47;34m.[0;00m/  [1;47;34m..[0;00m/  90b6a969f2f2c38f3ce44e7bf6297afaa5e3d8  

./28:
[1;47;34m.[0;00m/  [1;47;34m..[0;00m/  1d171ed5f15c6666a6c95f180e3dcda318aeae  

./29:
[1;47;34m.[0;00m/  [1;47;34m..[0;00m/  0ba06ca74b64a247828bfb07eae6393ca2d5d3  26d429bf34d904b279af8ce74bdf5c160d2b26  896c129cf540914fd9b6ba4884243e907adf4e  fc379e307a65674f4160a4bd1e67639852d7f7  

./2a:
[1;47;34m.[0;00m/  [1;47;34m..[0;00m/  10cd42cb15978bfbf71daa34cd9c79995e2294  f7f15ed4a6b2354d13cdacd70046bb02489f77  

./2e:
[1;47;34m.[0;00m/  [1;47;34m..[0;00m/  d6a7cdf8b5d34f6dcbe0200f6516006e54c78e  

./30:
[1;47;34m.[0;00m/  [1;47;34m..[0;00m/  25c8644338e276742f7f16687ce31114954edb  7a019873d20abd7787ab2e7d04b5d405331fa7  

./33:
[1;47;34m.[0;00m/  [1;47;34m..[0;00m/  662d10f3c76ed8097853068d7ba5c25a8e4820  

./37:
[1;47;34m.[0;00m/  [1;47;34m..[0;00m/  fbd1d63726028c8a22c6d04dc6b498c2328468  

./3a:
[1;47;34m.[0;00m/  [1;47;34m..[0;00m/  4ec65061ccb3babcebf4643091bf5e7017c3c8  

./3b:
[1;47;34m.[0;00m/  [1;47;34m..[0;00m/  daa49671c47678c83e8c8158f230c6223819b1  ec4fdd5a6faade9ed3221d3485f71b9e84441c  

./3d:
[1;47;34m.[0;00m/  [1;47;34m..[0;00m/  c0140b0593f3620271cfdd3b7ca0603b609782  

./3e:
[1;47;34m.[0;00m/  [1;47;34m..[0;00m/  324fdcbea9e33a11a8e2dbc509a0fcdc557c02  

./3f:
[1;47;34m.[0;00m/  [1;47;34m..[0;00m/  9caa01370d2725de8e4ffd288c231541e2cb57  b34db656a4138f0ebbba1d7f95c4b801e8cd8a  

./42:
[1;47;34m.[0;00m/  [1;47;34m..[0;00m/  e4010c249082509a25a6a6a4039704b44864e3  

./44:
[1;47;34m.[0;00m/  [1;47;34m..[0;00m/  934efccb2e212946f0712f9445ac46af7403b3  

./47:
[1;47;34m.[0;00m/  [1;47;34m..[0;00m/  d9955f036f077afaa27dee05888d3b2f040bc4  

./4c:
[1;47;34m.[0;00m/  [1;47;34m..[0;00m/  3dd38f5079afb45a27e48dfe7b6a6ec278fe50  

./4f:
[1;47;34m.[0;00m/  [1;47;34m..[0;00m/  0a23c05c1d415a418a5b736d35441040e5cbc0  

./50:
[1;47;34m.[0;00m/  [1;47;34m..[0;00m/  2d2ba96689c494e04a810639b5dcc6b4ae3f8f  

./51:
[1;47;34m.[0;00m/  [1;47;34m..[0;00m/  d2602f66d53bc18b60ab6c0822218c1e5171d8  

./52:
[1;47;34m.[0;00m/  [1;47;34m..[0;00m/  d624df9a93b6390fcb55c4baafae3572b20e96  fcc8a69b94edf2257c0a0157dee1d1bd468dd8  

./53:
[1;47;34m.[0;00m/  [1;47;34m..[0;00m/  b8075dcdcf4e3d017b29035b9d2cb4638b306c  

./54:
[1;47;34m.[0;00m/  [1;47;34m..[0;00m/  a40aedb8d658b01f62d056c06ea38c4f08c508  

./55:
[1;47;34m.[0;00m/  [1;47;34m..[0;00m/  724983b9e44d48ceff84c43d19973dcbf84ab4  

./58:
[1;47;34m.[0;00m/  [1;47;34m..[0;00m/  2571771c4b35f908e144e0f943e72bf7dd3840  

./5a:
[1;47;34m.[0;00m/  [1;47;34m..[0;00m/  075607ceb21d7c1fe2ad9c038f17ab713d6bf8  

./5f:
[1;47;34m.[0;00m/  [1;47;34m..[0;00m/  872c58566302284f8278959dd141c2fb77d225  

./62:
[1;47;34m.[0;00m/  [1;47;34m..[0;00m/  798071a0e28d67e4e72ce683b39bebf3aedb35  

./66:
[1;47;34m.[0;00m/  [1;47;34m..[0;00m/  76d09aa00769c9ce05c04bcaff496a476cad7c  

./67:
[1;47;34m.[0;00m/  [1;47;34m..[0;00m/  082a0d1fde470fa335f6751a63924fb4ea7125  db043ee9a5f1d9586dbe842dadb946cbcaf593  

./6a:
[1;47;34m.[0;00m/  [1;47;34m..[0;00m/  1a6f90dcb6c92c93b5530c08564738746a43e9  

./6c:
[1;47;34m.[0;00m/  [1;47;34m..[0;00m/  b08313680d298a2f25b7e97e1ddb05d76f673c  

./6d:
[1;47;34m.[0;00m/  [1;47;34m..[0;00m/  ba4ca753ea9549087bf1da62b4036a40af7232  

./70:
[1;47;34m.[0;00m/  [1;47;34m..[0;00m/  a4344c2a01dc22db42fedc1582b64757f15f12  

./72:
[1;47;34m.[0;00m/  [1;47;34m..[0;00m/  f61d1f6d2dc141bf9db5251448aca05ce6cda2  

./73:
[1;47;34m.[0;00m/  [1;47;34m..[0;00m/  19d3d5ff89f379a98898f19548472a7220e77a  

./75:
[1;47;34m.[0;00m/  [1;47;34m..[0;00m/  4706e0deb188879cd23bea23d160ca71c6ba01  

./77:
[1;47;34m.[0;00m/  [1;47;34m..[0;00m/  7695fa847c5f933ef822fc2fa796c7eb4ed9b5  

./79:
[1;47;34m.[0;00m/  [1;47;34m..[0;00m/  4400a3b16f0b72e5800a80fe03a517844fb85c  5db412413958a7436110f166ea2706e5b287e8  

./7b:
[1;47;34m.[0;00m/  [1;47;34m..[0;00m/  e674f133cdaceae2c0fa00a6cc6d2b13ca4515  

./7d:
[1;47;34m.[0;00m/  [1;47;34m..[0;00m/  d33a596aff58e9d1922c7c8f56a9242209c273  

./7e:
[1;47;34m.[0;00m/  [1;47;34m..[0;00m/  999af13fa28a0de87c4c1875f1f08fa2914871  

./7f:
[1;47;34m.[0;00m/  [1;47;34m..[0;00m/  663d072c2c65fbec9ebe90b768d5e4c799ee52  

./80:
[1;47;34m.[0;00m/  [1;47;34m..[0;00m/  62aa373b8ce174a8c07b2abdb9309c95ef8bc6  

./89:
[1;47;34m.[0;00m/  [1;47;34m..[0;00m/  c53aa3dc10a0d5b7d3105171296992be199436  

./8a:
[1;47;34m.[0;00m/  [1;47;34m..[0;00m/  0c736ead13f1adc55e913ecb81a51a00241eee  ce59d7bd8577c35287af9cf3ae541aabca5952  

./8b:
[1;47;34m.[0;00m/  [1;47;34m..[0;00m/  137891791fe96927ad78e64b0aad7bded08bdc  

./8e:
[1;47;34m.[0;00m/  [1;47;34m..[0;00m/  81b1c3d7b7bbc8ed0615086359a13797fca5d8  

./8f:
[1;47;34m.[0;00m/  [1;47;34m..[0;00m/  0ce684a5341538b9cf3b8c00621394bb760ab4  f4621898edf4df130384dc6641a925c142f38e  

./92:
[1;47;34m.[0;00m/  [1;47;34m..[0;00m/  c862808e140a6665d52d4bb2c7c160068e8545  

./94:
[1;47;34m.[0;00m/  [1;47;34m..[0;00m/  7b61721a3f4166b8d85bc06373535238bbca5f  

./96:
[1;47;34m.[0;00m/  [1;47;34m..[0;00m/  4aa82f750b4793f77280130b49bffb30df875c  

./97:
[1;47;34m.[0;00m/  [1;47;34m..[0;00m/  e050b123a54e7b44755c77cd4095eeec1276ba  

./98:
[1;47;34m.[0;00m/  [1;47;34m..[0;00m/  370a3402fbbebed9ae3999bd43f51d70319e91  

./99:
[1;47;34m.[0;00m/  [1;47;34m..[0;00m/  00021ca21e6dc18e86a395b1b9340c88ff67c1  

./9a:
[1;47;34m.[0;00m/  [1;47;34m..[0;00m/  4d521bcfc9cd0c9f2cb763cb069bfb89558323  

./9c:
[1;47;34m.[0;00m/  [1;47;34m..[0;00m/  fc512c4b07a52f63cbc26c24ebdd0746bbcc7a  

./9e:
[1;47;34m.[0;00m/  [1;47;34m..[0;00m/  56c8c77d21c550541d30c3ddfeb1e76f7e10dd  d1dda6b3a41d137a0afccbed07cde5cd4b30f6  f0ef3d9a36d522bac392e841f05ecf6982f38e  

./a1:
[1;47;34m.[0;00m/  [1;47;34m..[0;00m/  4258a5c09324342affcafa63c75a35dacab7a2  4b8e5ded2778b2880114c6804c142f296dcd2b  

./a6:
[1;47;34m.[0;00m/  [1;47;34m..[0;00m/  e9e28ce0fdfb3cff1935e7eb5e8bdcab378f86  

./a7:
[1;47;34m.[0;00m/  [1;47;34m..[0;00m/  0d052bd594e8b16c246a9cb061a5f6fdfc4b1e  caf5432cbf9f0c34348cee432770843ec9439d  

./a8:
[1;47;34m.[0;00m/  [1;47;34m..[0;00m/  33a1ac8b3a1d8fdd534b0f6eee50d417385977  38f2683962b16e385773ba3717711b7a032542  

./ab:
[1;47;34m.[0;00m/  [1;47;34m..[0;00m/  1f02698ee1f7ac3bf99051fc06721272274635  bdda4a4b9116fefb2eb79e8509d005c697f996  

./ac:
[1;47;34m.[0;00m/  [1;47;34m..[0;00m/  c91c291d37fe6deeee5b671b0fdd393bbe36d9  

./ad:
[1;47;34m.[0;00m/  [1;47;34m..[0;00m/  0be61784fd8a79b92226d6ef7bebb8fa2ef1b3  

./b0:
[1;47;34m.[0;00m/  [1;47;34m..[0;00m/  f33b387def62168c2894454ca2688904756ab5  f7d61f7338f6e6d1c2d4bf20b7792e0647ac96  

./b2:
[1;47;34m.[0;00m/  [1;47;34m..[0;00m/  a8043ba9fe2914c2366669bc777d5633e59a0a  

./b9:
[1;47;34m.[0;00m/  [1;47;34m..[0;00m/  00f2afb70e00400fed56817cfc7901dc45d550  cb49eef64d6d5ac3f06927e1c2d01dc3f0b647  

./ba:
[1;47;34m.[0;00m/  [1;47;34m..[0;00m/  45c124cbdc278b063ec880edbc31c6f5ed5262  df8959067f45d63b6213253cd2b8f233262f52  

./bb:
[1;47;34m.[0;00m/  [1;47;34m..[0;00m/  fce26936c02e47708ce0a5c39ad91979264865  

./bf:
[1;47;34m.[0;00m/  [1;47;34m..[0;00m/  55d04cbe41606f08839521b69443bbf44378a5  

./c0:
[1;47;34m.[0;00m/  [1;47;34m..[0;00m/  614f814a1cd9fe0d75b195964f2abd18b99651  

./c2:
[1;47;34m.[0;00m/  [1;47;34m..[0;00m/  b89a52ee4eade5257600e04bec764824f39668  f86eac088d14119d6b7b13fc86e204362f51b8  

./c3:
[1;47;34m.[0;00m/  [1;47;34m..[0;00m/  3647d41bbc77227bc0387fafaf916c3182b8ab  

./c4:
[1;47;34m.[0;00m/  [1;47;34m..[0;00m/  7da919d1a55ecba45755ff3fc698a9122648ae  874cc7b1859abfc097104937bb3d050931411c  

./c5:
[1;47;34m.[0;00m/  [1;47;34m..[0;00m/  358081619fa80eba34edc226ad10ea9710e9ef  

./c7:
[1;47;34m.[0;00m/  [1;47;34m..[0;00m/  653599075418184fafe79f922067e81ec4203c  

./c8:
[1;47;34m.[0;00m/  [1;47;34m..[0;00m/  8893bfd261b5b661bfbcc32140b9cfb66dab20  

./ca:
[1;47;34m.[0;00m/  [1;47;34m..[0;00m/  4f1dffa3d29ee2a73a301aed2b2481b76d0505  

./cb:
[1;47;34m.[0;00m/  [1;47;34m..[0;00m/  3d83bd1a1b68eea7c315038b00c5295d05be73  

./d3:
[1;47;34m.[0;00m/  [1;47;34m..[0;00m/  4859355d2632931617ae52b951a64fa412bea0  

./d6:
[1;47;34m.[0;00m/  [1;47;34m..[0;00m/  a93266f748d606b884f9434ff662fe80b9dc21  

./d8:
[1;47;34m.[0;00m/  [1;47;34m..[0;00m/  4909bdde047fec685aeee2dba5d57e579f1233  908e7383fd6d585701fc61bcbfc87fca43fab7  

./d9:
[1;47;34m.[0;00m/  [1;47;34m..[0;00m/  2d0f86e223f82cadfa190cd61f9e1835b200ee  eab3b9c00de60bfcca211f87fa612595c98942  

./db:
[1;47;34m.[0;00m/  [1;47;34m..[0;00m/  264da369e248af57e5850aadd9c88085991dce  

./dd:
[1;47;34m.[0;00m/  [1;47;34m..[0;00m/  258e2be2f6b8931fd6d62307c1aca089a5cb07  

./e0:
[1;47;34m.[0;00m/  [1;47;34m..[0;00m/  04948398175b2f01f53bb0d603ff3460ee0374  

./e1:
[1;47;34m.[0;00m/  [1;47;34m..[0;00m/  19d6a5c8cffd6b955c6f7d544b56d6797502d0  

./e3:
[1;47;34m.[0;00m/  [1;47;34m..[0;00m/  f24eefa7d934afb31b96c1303718dc8a84d6dc  

./e5:
[1;47;34m.[0;00m/  [1;47;34m..[0;00m/  cdb24c183c476f62fd6081110777d258c310f7  

./e6:
[1;47;34m.[0;00m/  [1;47;34m..[0;00m/  9de29bb2d1d6434b8b29ae775ad8c2e48c5391  

./eb:
[1;47;34m.[0;00m/  [1;47;34m..[0;00m/  1888f24d683b626a81b74c09fc2988d115ce20  4ae46392ac5cc293604a8736f46a10b0ab4c3f  

./ee:
[1;47;34m.[0;00m/  [1;47;34m..[0;00m/  6e34cde3e0d6abf3e8909bbbb34a64cfc4e386  

./f1:
[1;47;34m.[0;00m/  [1;47;34m..[0;00m/  91245721555049de087dbb5ca1e892575954df  f1344ea3ec1350c8b40ebcbbcef1e8eab08905  

./f2:
[1;47;34m.[0;00m/  [1;47;34m..[0;00m/  730348848f205873a802f84058715aa0d7467f  

./f3:
[1;47;34m.[0;00m/  [1;47;34m..[0;00m/  6c59fd7af10e734eda7dfcbfad0db6a83bbfea  

./f5:
[1;47;34m.[0;00m/  [1;47;34m..[0;00m/  03ba485a46aba8549ee8277f66236c07c22004  

./f6:
[1;47;34m.[0;00m/  [1;47;34m..[0;00m/  5aab611c783399d3b55648bdf136f5b2eb1bfe  

./f7:
[1;47;34m.[0;00m/  [1;47;34m..[0;00m/  09058a05d3622565a7e99285ff733fe7a45cf6  

./f9:
[1;47;34m.[0;00m/  [1;47;34m..[0;00m/  a7dbb04f8b334c76e57cdc230b90b47b467844  

./fe:
[1;47;34m.[0;00m/  [1;47;34m..[0;00m/  1f7577ae7b586b2c667b503fecad3c0f10a39c  

./info:
[1;47;34m.[0;00m/  [1;47;34m..[0;00m/  

./pack:
[1;47;34m.[0;00m/  [1;47;34m..[0;00m/  

./refs:
[1;47;34m.[0;00m/  [1;47;34m..[0;00m/  [1;34mheads[0;00m/  [1;34mremotes[0;00m/  [1;34mtags[0;00m/  

./heads:
[1;47;34m.[0;00m/  [1;47;34m..[0;00m/  master  

./remotes:
[1;47;34m.[0;00m/  [1;47;34m..[0;00m/  [1;34morigin[0;00m/  

./origin:
[1;47;34m.[0;00m/  [1;47;34m..[0;00m/  HEAD  master  

./tags:
[1;47;34m.[0;00m/  [1;47;34m..[0;00m/  hw2  

./bin:
[1;47;34m.[0;00m/  [1;47;34m..[0;00m/  [1;32mcp[0;00m  [1;32mls[0;00m  [1;32mmv[0;00m  [1;32mrm[0;00m  [1;32mrshell[0;00m  

./src:
[1;47;34m.[0;00m/  [1;47;34m..[0;00m/  cp.cpp  ls.cpp  mv.cpp  rm.cpp  shell.cpp  Timer.h  

./tests:
[1;47;34m.[0;00m/  [1;47;34m..[0;00m/  exec.script  ls.script  piping.script  
~/rshell
vhall001@hammer $ bin/ls -lR
.:
total 40
drwx------ 2 vhall001 csmajs    4096 May 26 23:06 [1;34mbin[0;00m/
-rw------- 1 vhall001 csmajs   18027 May 17 21:59 LICENSE
-rw------- 1 vhall001 csmajs     672 May 26 21:04 Makefile
-rw------- 1 vhall001 csmajs     457 May 26 21:04 README.md
drwx------ 2 vhall001 csmajs    4096 May 26 23:03 [1;34msrc[0;00m/
drwx------ 2 vhall001 csmajs    4096 May 26 23:05 [1;34mtests[0;00m/

./bin:
total 268
-rwx------ 1 vhall001 csmajs   16275 May 26 23:06 [1;32mcp[0;00m
-rwx------ 1 vhall001 csmajs   81256 May 26 23:05 [1;32mls[0;00m
-rwx------ 1 vhall001 csmajs    9993 May 26 23:06 [1;32mmv[0;00m
-rwx------ 1 vhall001 csmajs   10233 May 26 23:06 [1;32mrm[0;00m
-rwx------ 1 vhall001 csmajs  139841 May 26 23:05 [1;32mrshell[0;00m

./src:
total 56
-rw------- 1 vhall001 csmajs    2977 May 18 16:43 cp.cpp
-rw------- 1 vhall001 csmajs   17073 May 26 23:03 ls.cpp
-rw------- 1 vhall001 csmajs     909 May 18 16:34 mv.cpp
-rw------- 1 vhall001 csmajs    1495 May 18 16:39 rm.cpp
-rw------- 1 vhall001 csmajs   16826 May 26 22:36 shell.cpp
-rw------- 1 vhall001 csmajs    2291 May 18 15:48 Timer.h

./tests:
total 40
-rw------- 1 vhall001 csmajs       0 May 17 21:59 exec.script
-rw------- 1 vhall001 csmajs   32768 May 26 23:08 ls.script
-rw------- 1 vhall001 csmajs    7792 May 17 23:16 piping.script
~/rshell
vhall001@hammer $ bin/ls -Rl #flags wi[Kork in either ore[Kder
.:
total 40
drwx------ 2 vhall001 csmajs    4096 May 26 23:06 [1;34mbin[0;00m/
-rw------- 1 vhall001 csmajs   18027 May 17 21:59 LICENSE
-rw------- 1 vhall001 csmajs     672 May 26 21:04 Makefile
-rw------- 1 vhall001 csmajs     457 May 26 21:04 README.md
drwx------ 2 vhall001 csmajs    4096 May 26 23:03 [1;34msrc[0;00m/
drwx------ 2 vhall001 csmajs    4096 May 26 23:05 [1;34mtests[0;00m/

./bin:
total 268
-rwx------ 1 vhall001 csmajs   16275 May 26 23:06 [1;32mcp[0;00m
-rwx------ 1 vhall001 csmajs   81256 May 26 23:05 [1;32mls[0;00m
-rwx------ 1 vhall001 csmajs    9993 May 26 23:06 [1;32mmv[0;00m
-rwx------ 1 vhall001 csmajs   10233 May 26 23:06 [1;32mrm[0;00m
-rwx------ 1 vhall001 csmajs  139841 May 26 23:05 [1;32mrshell[0;00m

./src:
total 56
-rw------- 1 vhall001 csmajs    2977 May 18 16:43 cp.cpp
-rw------- 1 vhall001 csmajs   17073 May 26 23:03 ls.cpp
-rw------- 1 vhall001 csmajs     909 May 18 16:34 mv.cpp
-rw------- 1 vhall001 csmajs    1495 May 18 16:39 rm.cpp
-rw------- 1 vhall001 csmajs   16826 May 26 22:36 shell.cpp
-rw------- 1 vhall001 csmajs    2291 May 18 15:48 Timer.h

./tests:
total 40
-rw------- 1 vhall001 csmajs       0 May 17 21:59 exec.script
-rw------- 1 vhall001 csmajs   32768 May 26 23:08 ls.script
-rw------- 1 vhall001 csmajs    7792 May 17 23:16 piping.script
~/rshell
vhall001@hammer $ bin/la[Ks -ar[KRl
.:
total 52
drwx------ 6 vhall001 csmajs    4096 May 26 23:05 [1;47;34m.[0;00m/
drwx------ 12 vhall001 csmajs    4096 May 26 23:01 [1;47;34m..[0;00m/
drwx------ 8 vhall001 csmajs    4096 May 26 23:04 [1;47;34m.git[0;00m/
drwx------ 2 vhall001 csmajs    4096 May 26 23:06 [1;34mbin[0;00m/
-rw------- 1 vhall001 csmajs   18027 May 17 21:59 LICENSE
-rw------- 1 vhall001 csmajs     672 May 26 21:04 Makefile
-rw------- 1 vhall001 csmajs     457 May 26 21:04 README.md
drwx------ 2 vhall001 csmajs    4096 May 26 23:03 [1;34msrc[0;00m/
drwx------ 2 vhall001 csmajs    4096 May 26 23:05 [1;34mtests[0;00m/

./.git:
total 52
drwx------ 8 vhall001 csmajs    4096 May 26 23:04 [1;47;34m.[0;00m/
drwx------ 6 vhall001 csmajs    4096 May 26 23:05 [1;47;34m..[0;00m/
drwx------ 2 vhall001 csmajs    4096 May 17 21:59 [1;34mbranches[0;00m/
-rw------- 1 vhall001 csmajs      18 May 26 23:04 COMMIT_EDITMSG
-rw------- 1 vhall001 csmajs     259 May 17 21:59 config
-rw------- 1 vhall001 csmajs      73 May 17 21:59 description
-rw------- 1 vhall001 csmajs     203 May 26 21:04 FETCH_HEAD
-rw------- 1 vhall001 csmajs      23 May 17 23:16 HEAD
drwx------ 2 vhall001 csmajs    4096 May 17 21:59 [1;34mhooks[0;00m/
-rw------- 1 vhall001 csmajs     896 May 26 23:03 index
drwx------ 2 vhall001 csmajs    4096 May 17 21:59 [1;34minfo[0;00m/
drwx------ 3 vhall001 csmajs    4096 May 17 21:59 [1;34mlogs[0;00m/
drwx------ 120 vhall001 csmajs    4096 May 26 23:04 [1;34mobjects[0;00m/
-rw------- 1 vhall001 csmajs      41 May 26 21:04 ORIG_HEAD
-rw------- 1 vhall001 csmajs     173 May 17 22:08 packed-refs
drwx------ 5 vhall001 csmajs    4096 May 17 21:59 [1;34mrefs[0;00m/

./branches:
total 8
drwx------ 2 vhall001 csmajs    4096 May 17 21:59 [1;47;34m.[0;00m/
drwx------ 8 vhall001 csmajs    4096 May 26 23:04 [1;47;34m..[0;00m/

./hooks:
total 48
drwx------ 2 vhall001 csmajs    4096 May 17 21:59 [1;47;34m.[0;00m/
drwx------ 8 vhall001 csmajs    4096 May 26 23:04 [1;47;34m..[0;00m/
-rwx------ 1 vhall001 csmajs     452 May 17 21:59 [1;32mapplypatch-msg.sample[0;00m
-rwx------ 1 vhall001 csmajs     896 May 17 21:59 [1;32mcommit-msg.sample[0;00m
-rwx------ 1 vhall001 csmajs     189 May 17 21:59 [1;32mpost-update.sample[0;00m
-rwx------ 1 vhall001 csmajs     398 May 17 21:59 [1;32mpre-applypatch.sample[0;00m
-rwx------ 1 vhall001 csmajs    1635 May 17 21:59 [1;32mpre-commit.sample[0;00m
-rwx------ 1 vhall001 csmajs    1348 May 17 21:59 [1;32mpre-push.sample[0;00m
-rwx------ 1 vhall001 csmajs    4951 May 17 21:59 [1;32mpre-rebase.sample[0;00m
-rwx------ 1 vhall001 csmajs    1239 May 17 21:59 [1;32mprepare-commit-msg.sample[0;00m
-rwx------ 1 vhall001 csmajs    3611 May 17 21:59 [1;32mupdate.sample[0;00m

./info:
total 12
drwx------ 2 vhall001 csmajs    4096 May 17 21:59 [1;47;34m.[0;00m/
drwx------ 8 vhall001 csmajs    4096 May 26 23:04 [1;47;34m..[0;00m/
-rw------- 1 vhall001 csmajs     240 May 17 21:59 exclude

./logs:
total 16
drwx------ 3 vhall001 csmajs    4096 May 17 21:59 [1;47;34m.[0;00m/
drwx------ 8 vhall001 csmajs    4096 May 26 23:04 [1;47;34m..[0;00m/
-rw------- 1 vhall001 csmajs    3453 May 26 23:04 HEAD
drwx------ 4 vhall001 csmajs    4096 May 17 21:59 [1;34mrefs[0;00m/

./refs:
total 16
drwx------ 4 vhall001 csmajs    4096 May 17 21:59 [1;47;34m.[0;00m/
drwx------ 3 vhall001 csmajs    4096 May 17 21:59 [1;47;34m..[0;00m/
drwx------ 2 vhall001 csmajs    4096 May 17 21:59 [1;34mheads[0;00m/
drwx------ 3 vhall001 csmajs    4096 May 17 21:59 [1;34mremotes[0;00m/

./heads:
total 12
drwx------ 2 vhall001 csmajs    4096 May 17 21:59 [1;47;34m.[0;00m/
drwx------ 4 vhall001 csmajs    4096 May 17 21:59 [1;47;34m..[0;00m/
-rw------- 1 vhall001 csmajs    2236 May 26 23:04 master

./remotes:
total 12
drwx------ 3 vhall001 csmajs    4096 May 17 21:59 [1;47;34m.[0;00m/
drwx------ 4 vhall001 csmajs    4096 May 17 21:59 [1;47;34m..[0;00m/
drwx------ 2 vhall001 csmajs    4096 May 17 22:01 [1;34morigin[0;00m/

./origin:
total 16
drwx------ 2 vhall001 csmajs    4096 May 17 22:01 [1;47;34m.[0;00m/
drwx------ 3 vhall001 csmajs    4096 May 17 21:59 [1;47;34m..[0;00m/
-rw------- 1 vhall001 csmajs     189 May 17 21:59 HEAD
-rw------- 1 vhall001 csmajs    1260 May 26 21:04 master

./objects:
total 480
drwx------ 120 vhall001 csmajs    4096 May 26 23:04 [1;47;34m.[0;00m/
drwx------ 8 vhall001 csmajs    4096 May 26 23:04 [1;47;34m..[0;00m/
drwx------ 2 vhall001 csmajs    4096 May 17 21:59 [1;34m00[0;00m/
drwx------ 2 vhall001 csmajs    4096 May 18 16:29 [1;34m01[0;00m/
drwx------ 2 vhall001 csmajs    4096 May 26 21:04 [1;34m02[0;00m/
drwx------ 2 vhall001 csmajs    4096 May 17 21:59 [1;34m04[0;00m/
drwx------ 2 vhall001 csmajs    4096 May 26 22:55 [1;34m05[0;00m/
drwx------ 2 vhall001 csmajs    4096 May 17 21:59 [1;34m09[0;00m/
drwx------ 2 vhall001 csmajs    4096 May 17 22:21 [1;34m0a[0;00m/
drwx------ 2 vhall001 csmajs    4096 May 17 21:59 [1;34m10[0;00m/
drwx------ 2 vhall001 csmajs    4096 May 17 21:59 [1;34m12[0;00m/
drwx------ 2 vhall001 csmajs    4096 May 18 16:44 [1;34m15[0;00m/
drwx------ 2 vhall001 csmajs    4096 May 17 23:20 [1;34m18[0;00m/
drwx------ 2 vhall001 csmajs    4096 May 17 21:59 [1;34m1d[0;00m/
drwx------ 2 vhall001 csmajs    4096 May 17 22:21 [1;34m1e[0;00m/
drwx------ 2 vhall001 csmajs    4096 May 17 21:59 [1;34m21[0;00m/
drwx------ 2 vhall001 csmajs    4096 May 17 23:15 [1;34m22[0;00m/
drwx------ 2 vhall001 csmajs    4096 May 26 21:04 [1;34m24[0;00m/
drwx------ 2 vhall001 csmajs    4096 May 17 21:59 [1;34m28[0;00m/
drwx------ 2 vhall001 csmajs    4096 May 17 23:20 [1;34m29[0;00m/
drwx------ 2 vhall001 csmajs    4096 May 18 16:40 [1;34m2a[0;00m/
drwx------ 2 vhall001 csmajs    4096 May 18 16:40 [1;34m2e[0;00m/
drwx------ 2 vhall001 csmajs    4096 May 17 21:59 [1;34m30[0;00m/
drwx------ 2 vhall001 csmajs    4096 May 17 21:59 [1;34m33[0;00m/
drwx------ 2 vhall001 csmajs    4096 May 17 21:59 [1;34m37[0;00m/
drwx------ 2 vhall001 csmajs    4096 May 17 21:59 [1;34m3a[0;00m/
drwx------ 2 vhall001 csmajs    4096 May 26 23:04 [1;34m3b[0;00m/
drwx------ 2 vhall001 csmajs    4096 May 18 15:49 [1;34m3d[0;00m/
drwx------ 2 vhall001 csmajs    4096 May 17 21:59 [1;34m3e[0;00m/
drwx------ 2 vhall001 csmajs    4096 May 17 23:15 [1;34m3f[0;00m/
drwx------ 2 vhall001 csmajs    4096 May 17 21:59 [1;34m42[0;00m/
drwx------ 2 vhall001 csmajs    4096 May 17 23:15 [1;34m44[0;00m/
drwx------ 2 vhall001 csmajs    4096 May 17 21:59 [1;34m47[0;00m/
drwx------ 2 vhall001 csmajs    4096 May 18 15:48 [1;34m4c[0;00m/
drwx------ 2 vhall001 csmajs    4096 May 17 23:15 [1;34m4f[0;00m/
drwx------ 2 vhall001 csmajs    4096 May 18 16:40 [1;34m50[0;00m/
drwx------ 2 vhall001 csmajs    4096 May 17 21:59 [1;34m51[0;00m/
drwx------ 2 vhall001 csmajs    4096 May 17 23:14 [1;34m52[0;00m/
drwx------ 2 vhall001 csmajs    4096 May 17 21:59 [1;34m53[0;00m/
drwx------ 2 vhall001 csmajs    4096 May 17 21:59 [1;34m54[0;00m/
drwx------ 2 vhall001 csmajs    4096 May 17 21:59 [1;34m55[0;00m/
drwx------ 2 vhall001 csmajs    4096 May 26 21:04 [1;34m58[0;00m/
drwx------ 2 vhall001 csmajs    4096 May 26 21:04 [1;34m5a[0;00m/
drwx------ 2 vhall001 csmajs    4096 May 17 21:59 [1;34m5f[0;00m/
drwx------ 2 vhall001 csmajs    4096 May 18 16:44 [1;34m62[0;00m/
drwx------ 2 vhall001 csmajs    4096 May 17 21:59 [1;34m66[0;00m/
drwx------ 2 vhall001 csmajs    4096 May 18 16:29 [1;34m67[0;00m/
drwx------ 2 vhall001 csmajs    4096 May 17 23:20 [1;34m6a[0;00m/
drwx------ 2 vhall001 csmajs    4096 May 17 21:59 [1;34m6c[0;00m/
drwx------ 2 vhall001 csmajs    4096 May 26 21:04 [1;34m6d[0;00m/
drwx------ 2 vhall001 csmajs    4096 May 26 21:04 [1;34m70[0;00m/
drwx------ 2 vhall001 csmajs    4096 May 18 16:44 [1;34m72[0;00m/
drwx------ 2 vhall001 csmajs    4096 May 17 22:03 [1;34m73[0;00m/
drwx------ 2 vhall001 csmajs    4096 May 17 21:59 [1;34m75[0;00m/
drwx------ 2 vhall001 csmajs    4096 May 17 21:59 [1;34m77[0;00m/
drwx------ 2 vhall001 csmajs    4096 May 17 21:59 [1;34m79[0;00m/
drwx------ 2 vhall001 csmajs    4096 May 17 21:59 [1;34m7b[0;00m/
drwx------ 2 vhall001 csmajs    4096 May 17 21:59 [1;34m7d[0;00m/
drwx------ 2 vhall001 csmajs    4096 May 17 21:59 [1;34m7e[0;00m/
drwx------ 2 vhall001 csmajs    4096 May 17 22:34 [1;34m7f[0;00m/
drwx------ 2 vhall001 csmajs    4096 May 18 15:49 [1;34m80[0;00m/
drwx------ 2 vhall001 csmajs    4096 May 18 16:29 [1;34m89[0;00m/
drwx------ 2 vhall001 csmajs    4096 May 17 21:59 [1;34m8a[0;00m/
drwx------ 2 vhall001 csmajs    4096 May 26 21:04 [1;34m8b[0;00m/
drwx------ 2 vhall001 csmajs    4096 May 17 21:59 [1;34m8e[0;00m/
drwx------ 2 vhall001 csmajs    4096 May 17 22:21 [1;34m8f[0;00m/
drwx------ 2 vhall001 csmajs    4096 May 17 21:59 [1;34m92[0;00m/
drwx------ 2 vhall001 csmajs    4096 May 18 16:44 [1;34m94[0;00m/
drwx------ 2 vhall001 csmajs    4096 May 17 21:59 [1;34m96[0;00m/
drwx------ 2 vhall001 csmajs    4096 May 18 16:29 [1;34m97[0;00m/
drwx------ 2 vhall001 csmajs    4096 May 17 21:59 [1;34m98[0;00m/
drwx------ 2 vhall001 csmajs    4096 May 18 16:44 [1;34m99[0;00m/
drwx------ 2 vhall001 csmajs    4096 May 17 21:59 [1;34m9a[0;00m/
drwx------ 2 vhall001 csmajs    4096 May 17 22:03 [1;34m9c[0;00m/
drwx------ 2 vhall001 csmajs    4096 May 17 22:33 [1;34m9e[0;00m/
drwx------ 2 vhall001 csmajs    4096 May 17 21:59 [1;34ma1[0;00m/
drwx------ 2 vhall001 csmajs    4096 May 17 21:59 [1;34ma6[0;00m/
drwx------ 2 vhall001 csmajs    4096 May 18 16:40 [1;34ma7[0;00m/
drwx------ 2 vhall001 csmajs    4096 May 17 21:59 [1;34ma8[0;00m/
drwx------ 2 vhall001 csmajs    4096 May 17 21:59 [1;34mab[0;00m/
drwx------ 2 vhall001 csmajs    4096 May 17 21:59 [1;34mac[0;00m/
drwx------ 2 vhall001 csmajs    4096 May 17 21:59 [1;34mad[0;00m/
drwx------ 2 vhall001 csmajs    4096 May 17 21:59 [1;34mb0[0;00m/
drwx------ 2 vhall001 csmajs    4096 May 17 21:59 [1;34mb2[0;00m/
drwx------ 2 vhall001 csmajs    4096 May 18 16:29 [1;34mb9[0;00m/
drwx------ 2 vhall001 csmajs    4096 May 17 21:59 [1;34mba[0;00m/
drwx------ 2 vhall001 csmajs    4096 May 17 21:59 [1;34mbb[0;00m/
drwx------ 2 vhall001 csmajs    4096 May 17 21:59 [1;34mbf[0;00m/
drwx------ 2 vhall001 csmajs    4096 May 26 23:04 [1;34mc0[0;00m/
drwx------ 2 vhall001 csmajs    4096 May 26 21:04 [1;34mc2[0;00m/
drwx------ 2 vhall001 csmajs    4096 May 17 22:01 [1;34mc3[0;00m/
drwx------ 2 vhall001 csmajs    4096 May 18 15:49 [1;34mc4[0;00m/
drwx------ 2 vhall001 csmajs    4096 May 17 21:59 [1;34mc5[0;00m/
drwx------ 2 vhall001 csmajs    4096 May 17 21:59 [1;34mc7[0;00m/
drwx------ 2 vhall001 csmajs    4096 May 17 21:59 [1;34mc8[0;00m/
drwx------ 2 vhall001 csmajs    4096 May 26 21:04 [1;34mca[0;00m/
drwx------ 2 vhall001 csmajs    4096 May 17 21:59 [1;34mcb[0;00m/
drwx------ 2 vhall001 csmajs    4096 May 17 21:59 [1;34md3[0;00m/
drwx------ 2 vhall001 csmajs    4096 May 17 21:59 [1;34md6[0;00m/
drwx------ 2 vhall001 csmajs    4096 May 17 21:59 [1;34md8[0;00m/
do_ypcall: clnt_call: RPC: Unable to send; errno = Operation not permitted
drwx------ 2 vhall001 csmajs    4096 May 26 23:04 [1;34md9[0;00m/
drwx------ 2 vhall001 csmajs    4096 May 18 16:40 [1;34mdb[0;00m/
drwx------ 2 vhall001 csmajs    4096 May 26 22:54 [1;34mdd[0;00m/
drwx------ 2 vhall001 csmajs    4096 May 17 22:01 [1;34me0[0;00m/
drwx------ 2 vhall001 csmajs    4096 May 17 21:59 [1;34me1[0;00m/
drwx------ 2 vhall001 csmajs    4096 May 17 21:59 [1;34me3[0;00m/
drwx------ 2 vhall001 csmajs    4096 May 17 21:59 [1;34me5[0;00m/
drwx------ 2 vhall001 csmajs    4096 May 17 21:59 [1;34me6[0;00m/
drwx------ 2 vhall001 csmajs    4096 May 17 22:03 [1;34meb[0;00m/
drwx------ 2 vhall001 csmajs    4096 May 18 15:48 [1;34mee[0;00m/
drwx------ 2 vhall001 csmajs    4096 May 17 21:59 [1;34mf1[0;00m/
drwx------ 2 vhall001 csmajs    4096 May 17 22:01 [1;34mf2[0;00m/
drwx------ 2 vhall001 csmajs    4096 May 17 21:59 [1;34mf3[0;00m/
drwx------ 2 vhall001 csmajs    4096 May 26 21:04 [1;34mf5[0;00m/
drwx------ 2 vhall001 csmajs    4096 May 17 21:59 [1;34mf6[0;00m/
drwx------ 2 vhall001 csmajs    4096 May 17 21:59 [1;34mf7[0;00m/
drwx------ 2 vhall001 csmajs    4096 May 17 22:03 [1;34mf9[0;00m/
drwx------ 2 vhall001 csmajs    4096 May 17 23:14 [1;34mfe[0;00m/
drwx------ 2 vhall001 csmajs    4096 May 17 21:59 [1;34minfo[0;00m/
drwx------ 2 vhall001 csmajs    4096 May 17 21:59 [1;34mpack[0;00m/

./00:
total 8
drwx------ 2 vhall001 csmajs    4096 May 17 21:59 [1;47;34m.[0;00m/
drwx------ 120 vhall001 csmajs    4096 May 26 23:04 [1;47;34m..[0;00m/
-r-------- 1 vhall001 csmajs      54 May 17 21:59 e4686e7846a8060b53c734c21f6dc0c9f8c4b2

./01:
total 12
drwx------ 2 vhall001 csmajs    4096 May 18 16:29 [1;47;34m.[0;00m/
drwx------ 120 vhall001 csmajs    4096 May 26 23:04 [1;47;34m..[0;00m/
-r-------- 1 vhall001 csmajs     176 May 18 16:29 4561edc69d1623f2fbe4d970a4b335038fe544

./02:
total 12
drwx------ 2 vhall001 csmajs    4096 May 26 21:04 [1;47;34m.[0;00m/
drwx------ 120 vhall001 csmajs    4096 May 26 23:04 [1;47;34m..[0;00m/
-r-------- 1 vhall001 csmajs     194 May 26 21:04 05e2763f57d4b50ba57848fcb9dd97d9da5d1c

./04:
total 12
drwx------ 2 vhall001 csmajs    4096 May 17 21:59 [1;47;34m.[0;00m/
drwx------ 120 vhall001 csmajs    4096 May 26 23:04 [1;47;34m..[0;00m/
-r-------- 1 vhall001 csmajs      54 May 17 21:59 2fc7ffef3acc5c3bf8a79125a79658c3f904cc
-r-------- 1 vhall001 csmajs     177 May 17 21:59 c0204f5aabb2007f3ee86ddcdffda015967021

./05:
total 20
drwx------ 2 vhall001 csmajs    4096 May 26 22:55 [1;47;34m.[0;00m/
drwx------ 120 vhall001 csmajs    4096 May 26 23:04 [1;47;34m..[0;00m/
-r-------- 1 vhall001 csmajs    4316 May 26 22:55 64a8a487e2f9b493abc8453c558011999b3948
-r-------- 1 vhall001 csmajs     182 May 18 16:29 be84da74cc4dd9e7171e6778f409ff68fdeec6

./09:
total 12
drwx------ 2 vhall001 csmajs    4096 May 17 21:59 [1;47;34m.[0;00m/
drwx------ 120 vhall001 csmajs    4096 May 26 23:04 [1;47;34m..[0;00m/
-r-------- 1 vhall001 csmajs    1666 May 17 21:59 16ce03d4ff95fec01314ef37543b0644073928

./0a:
total 12
drwx------ 2 vhall001 csmajs    4096 May 17 22:21 [1;47;34m.[0;00m/
drwx------ 120 vhall001 csmajs    4096 May 26 23:04 [1;47;34m..[0;00m/
-r-------- 1 vhall001 csmajs     176 May 17 22:21 17176d6577d2b1345e4bf70ee4bd53933eb25d

./10:
total 12
drwx------ 2 vhall001 csmajs    4096 May 17 21:59 [1;47;34m.[0;00m/
drwx------ 120 vhall001 csmajs    4096 May 26 23:04 [1;47;34m..[0;00m/
-r-------- 1 vhall001 csmajs     148 May 17 21:59 6f7a26ca2a024efb6f8c7fa5fc5d0e0f2a7df0

./12:
total 12
drwx------ 2 vhall001 csmajs    4096 May 17 21:59 [1;47;34m.[0;00m/
drwx------ 120 vhall001 csmajs    4096 May 26 23:04 [1;47;34m..[0;00m/
-r-------- 1 vhall001 csmajs     177 May 17 21:59 a9b143a753a68a7f407be3a67d728b5acc54ec

./15:
total 12
drwx------ 2 vhall001 csmajs    4096 May 18 16:44 [1;47;34m.[0;00m/
drwx------ 120 vhall001 csmajs    4096 May 26 23:04 [1;47;34m..[0;00m/
-r-------- 1 vhall001 csmajs     174 May 18 16:44 2187f8f7d6b882542db91dddb4f7498d186094

./18:
total 12
drwx------ 2 vhall001 csmajs    4096 May 17 23:20 [1;47;34m.[0;00m/
drwx------ 120 vhall001 csmajs    4096 May 26 23:04 [1;47;34m..[0;00m/
-r-------- 1 vhall001 csmajs     176 May 17 23:20 518a14dee32f4aae3f87e2840a8683ac82ed7d

./1d:
total 12
drwx------ 2 vhall001 csmajs    4096 May 17 21:59 [1;47;34m.[0;00m/
drwx------ 120 vhall001 csmajs    4096 May 26 23:04 [1;47;34m..[0;00m/
-r-------- 1 vhall001 csmajs     180 May 17 21:59 c5b82057d0df13c406cc2481535fb62eacdb9d

./1e:
total 12
drwx------ 2 vhall001 csmajs    4096 May 17 22:21 [1;47;34m.[0;00m/
drwx------ 120 vhall001 csmajs    4096 May 26 23:04 [1;47;34m..[0;00m/
-r-------- 1 vhall001 csmajs     171 May 17 22:21 258b81f4ab5898c47263c459438cda673c1ca6
-r-------- 1 vhall001 csmajs      54 May 17 21:59 4f707632b8dafdb49b0ff57f3e6261be7b8ce5

./21:
total 12
drwx------ 2 vhall001 csmajs    4096 May 17 21:59 [1;47;34m.[0;00m/
drwx------ 120 vhall001 csmajs    4096 May 26 23:04 [1;47;34m..[0;00m/
-r-------- 1 vhall001 csmajs     148 May 17 21:59 231a0b8fdbc88708ed69c7ac434d701cd3504f

./22:
total 12
drwx------ 2 vhall001 csmajs    4096 May 17 23:15 [1;47;34m.[0;00m/
drwx------ 120 vhall001 csmajs    4096 May 26 23:04 [1;47;34m..[0;00m/
-r-------- 1 vhall001 csmajs      88 May 17 23:15 89dbfb301096804f826f299a4299896d98557b

./24:
total 12
drwx------ 2 vhall001 csmajs    4096 May 26 21:04 [1;47;34m.[0;00m/
drwx------ 120 vhall001 csmajs    4096 May 26 23:04 [1;47;34m..[0;00m/
-r-------- 1 vhall001 csmajs     191 May 26 21:04 90b6a969f2f2c38f3ce44e7bf6297afaa5e3d8

./28:
total 12
drwx------ 2 vhall001 csmajs    4096 May 17 21:59 [1;47;34m.[0;00m/
drwx------ 120 vhall001 csmajs    4096 May 26 23:04 [1;47;34m..[0;00m/
-r-------- 1 vhall001 csmajs    1273 May 17 21:59 1d171ed5f15c6666a6c95f180e3dcda318aeae

./29:
total 24
drwx------ 2 vhall001 csmajs    4096 May 17 23:20 [1;47;34m.[0;00m/
drwx------ 120 vhall001 csmajs    4096 May 26 23:04 [1;47;34m..[0;00m/
-r-------- 1 vhall001 csmajs     178 May 17 22:01 0ba06ca74b64a247828bfb07eae6393ca2d5d3
-r-------- 1 vhall001 csmajs     157 May 17 21:59 26d429bf34d904b279af8ce74bdf5c160d2b26
-r-------- 1 vhall001 csmajs     168 May 17 23:20 896c129cf540914fd9b6ba4884243e907adf4e
-r-------- 1 vhall001 csmajs     177 May 17 21:59 fc379e307a65674f4160a4bd1e67639852d7f7

./2a:
total 16
drwx------ 2 vhall001 csmajs    4096 May 18 16:40 [1;47;34m.[0;00m/
drwx------ 120 vhall001 csmajs    4096 May 26 23:04 [1;47;34m..[0;00m/
-r-------- 1 vhall001 csmajs     166 May 18 16:40 10cd42cb15978bfbf71daa34cd9c79995e2294
-r-------- 1 vhall001 csmajs     185 May 17 21:59 f7f15ed4a6b2354d13cdacd70046bb02489f77

./2e:
total 12
drwx------ 2 vhall001 csmajs    4096 May 18 16:40 [1;47;34m.[0;00m/
drwx------ 120 vhall001 csmajs    4096 May 26 23:04 [1;47;34m..[0;00m/
-r-------- 1 vhall001 csmajs     171 May 18 16:40 d6a7cdf8b5d34f6dcbe0200f6516006e54c78e

./30:
total 16
drwx------ 2 vhall001 csmajs    4096 May 17 21:59 [1;47;34m.[0;00m/
drwx------ 120 vhall001 csmajs    4096 May 26 23:04 [1;47;34m..[0;00m/
-r-------- 1 vhall001 csmajs     176 May 17 21:59 25c8644338e276742f7f16687ce31114954edb
-r-------- 1 vhall001 csmajs     835 May 17 21:59 7a019873d20abd7787ab2e7d04b5d405331fa7

./33:
total 12
drwx------ 2 vhall001 csmajs    4096 May 17 21:59 [1;47;34m.[0;00m/
drwx------ 120 vhall001 csmajs    4096 May 26 23:04 [1;47;34m..[0;00m/
do_ypcall: clnt_call: RPC: Unable to send; errno = Operation not permitted
-r-------- 1 vhall001 csmajs     177 May 17 21:59 662d10f3c76ed8097853068d7ba5c25a8e4820

./37:
total 12
drwx------ 2 vhall001 csmajs    4096 May 17 21:59 [1;47;34m.[0;00m/
drwx------ 120 vhall001 csmajs    4096 May 26 23:04 [1;47;34m..[0;00m/
-r-------- 1 vhall001 csmajs     378 May 17 21:59 fbd1d63726028c8a22c6d04dc6b498c2328468

./3a:
total 12
drwx------ 2 vhall001 csmajs    4096 May 17 21:59 [1;47;34m.[0;00m/
drwx------ 120 vhall001 csmajs    4096 May 26 23:04 [1;47;34m..[0;00m/
-r-------- 1 vhall001 csmajs     172 May 17 21:59 4ec65061ccb3babcebf4643091bf5e7017c3c8

./3b:
total 16
drwx------ 2 vhall001 csmajs    4096 May 26 23:04 [1;47;34m.[0;00m/
drwx------ 120 vhall001 csmajs    4096 May 26 23:04 [1;47;34m..[0;00m/
-r-------- 1 vhall001 csmajs     177 May 26 23:04 daa49671c47678c83e8c8158f230c6223819b1
-r-------- 1 vhall001 csmajs     147 May 17 21:59 ec4fdd5a6faade9ed3221d3485f71b9e84441c

./3d:
total 12
drwx------ 2 vhall001 csmajs    4096 May 18 15:49 [1;47;34m.[0;00m/
drwx------ 120 vhall001 csmajs    4096 May 26 23:04 [1;47;34m..[0;00m/
-r-------- 1 vhall001 csmajs     176 May 18 15:49 c0140b0593f3620271cfdd3b7ca0603b609782

./3e:
total 12
drwx------ 2 vhall001 csmajs    4096 May 17 21:59 [1;47;34m.[0;00m/
drwx------ 120 vhall001 csmajs    4096 May 26 23:04 [1;47;34m..[0;00m/
-r-------- 1 vhall001 csmajs     187 May 17 21:59 324fdcbea9e33a11a8e2dbc509a0fcdc557c02

./3f:
total 16
drwx------ 2 vhall001 csmajs    4096 May 17 23:15 [1;47;34m.[0;00m/
drwx------ 120 vhall001 csmajs    4096 May 26 23:04 [1;47;34m..[0;00m/
-r-------- 1 vhall001 csmajs     177 May 17 21:59 9caa01370d2725de8e4ffd288c231541e2cb57
-r-------- 1 vhall001 csmajs     176 May 17 23:15 b34db656a4138f0ebbba1d7f95c4b801e8cd8a

./42:
total 12
drwx------ 2 vhall001 csmajs    4096 May 17 21:59 [1;47;34m.[0;00m/
drwx------ 120 vhall001 csmajs    4096 May 26 23:04 [1;47;34m..[0;00m/
-r-------- 1 vhall001 csmajs     117 May 17 21:59 e4010c249082509a25a6a6a4039704b44864e3

./44:
total 12
drwx------ 2 vhall001 csmajs    4096 May 17 23:15 [1;47;34m.[0;00m/
drwx------ 120 vhall001 csmajs    4096 May 26 23:04 [1;47;34m..[0;00m/
-r-------- 1 vhall001 csmajs     137 May 17 23:15 934efccb2e212946f0712f9445ac46af7403b3

./47:
total 8
do_ypcall: clnt_call: RPC: Unable to send; errno = Operation not permitted
drwx------ 2 vhall001 csmajs    4096 May 17 21:59 [1;47;34m.[0;00m/
drwx------ 120 vhall001 csmajs    4096 May 26 23:04 [1;47;34m..[0;00m/
-r-------- 1 vhall001 csmajs      54 May 17 21:59 d9955f036f077afaa27dee05888d3b2f040bc4

./4c:
total 12
drwx------ 2 vhall001 csmajs    4096 May 18 15:48 [1;47;34m.[0;00m/
drwx------ 120 vhall001 csmajs    4096 May 26 23:04 [1;47;34m..[0;00m/
-r-------- 1 vhall001 csmajs     682 May 18 15:48 3dd38f5079afb45a27e48dfe7b6a6ec278fe50

./4f:
total 12
drwx------ 2 vhall001 csmajs    4096 May 17 23:15 [1;47;34m.[0;00m/
drwx------ 120 vhall001 csmajs    4096 May 26 23:04 [1;47;34m..[0;00m/
-r-------- 1 vhall001 csmajs     175 May 17 23:15 0a23c05c1d415a418a5b736d35441040e5cbc0

./50:
total 12
drwx------ 2 vhall001 csmajs    4096 May 18 16:40 [1;47;34m.[0;00m/
drwx------ 120 vhall001 csmajs    4096 May 26 23:04 [1;47;34m..[0;00m/
-r-------- 1 vhall001 csmajs     399 May 18 16:40 2d2ba96689c494e04a810639b5dcc6b4ae3f8f

./51:
total 12
drwx------ 2 vhall001 csmajs    4096 May 17 21:59 [1;47;34m.[0;00m/
drwx------ 120 vhall001 csmajs    4096 May 26 23:04 [1;47;34m..[0;00m/
do_ypcall: clnt_call: RPC: Unable to send; errno = Operation not permitted
-r-------- 1 vhall001 csmajs    1648 May 17 21:59 d2602f66d53bc18b60ab6c0822218c1e5171d8

./52:
total 16
do_ypcall: clnt_call: RPC: Unable to send; errno = Operation not permitted
drwx------ 2 vhall001 csmajs    4096 May 17 23:14 [1;47;34m.[0;00m/
drwx------ 120 vhall001 csmajs    4096 May 26 23:04 [1;47;34m..[0;00m/
-r-------- 1 vhall001 csmajs    1971 May 17 23:14 d624df9a93b6390fcb55c4baafae3572b20e96
-r-------- 1 vhall001 csmajs    1632 May 17 21:59 fcc8a69b94edf2257c0a0157dee1d1bd468dd8

./53:
total 12
drwx------ 2 vhall001 csmajs    4096 May 17 21:59 [1;47;34m.[0;00m/
drwx------ 120 vhall001 csmajs    4096 May 26 23:04 [1;47;34m..[0;00m/
-r-------- 1 vhall001 csmajs     171 May 17 21:59 b8075dcdcf4e3d017b29035b9d2cb4638b306c

./54:
total 8
drwx------ 2 vhall001 csmajs    4096 May 17 21:59 [1;47;34m.[0;00m/
drwx------ 120 vhall001 csmajs    4096 May 26 23:04 [1;47;34m..[0;00m/
-r-------- 1 vhall001 csmajs      54 May 17 21:59 a40aedb8d658b01f62d056c06ea38c4f08c508

./55:
total 12
drwx------ 2 vhall001 csmajs    4096 May 17 21:59 [1;47;34m.[0;00m/
drwx------ 120 vhall001 csmajs    4096 May 26 23:04 [1;47;34m..[0;00m/
-r-------- 1 vhall001 csmajs     132 May 17 21:59 724983b9e44d48ceff84c43d19973dcbf84ab4

./58:
total 12
drwx------ 2 vhall001 csmajs    4096 May 26 21:04 [1;47;34m.[0;00m/
drwx------ 120 vhall001 csmajs    4096 May 26 23:04 [1;47;34m..[0;00m/
-r-------- 1 vhall001 csmajs     155 May 26 21:04 2571771c4b35f908e144e0f943e72bf7dd3840

./5a:
total 12
drwx------ 2 vhall001 csmajs    4096 May 26 21:04 [1;47;34m.[0;00m/
drwx------ 120 vhall001 csmajs    4096 May 26 23:04 [1;47;34m..[0;00m/
-r-------- 1 vhall001 csmajs     177 May 26 21:04 075607ceb21d7c1fe2ad9c038f17ab713d6bf8

./5f:
total 12
drwx------ 2 vhall001 csmajs    4096 May 17 21:59 [1;47;34m.[0;00m/
do_ypcall: clnt_call: RPC: Unable to send; errno = Operation not permitted
drwx------ 120 vhall001 csmajs    4096 May 26 23:04 [1;47;34m..[0;00m/
-r-------- 1 vhall001 csmajs     177 May 17 21:59 872c58566302284f8278959dd141c2fb77d225

./62:
total 12
drwx------ 2 vhall001 csmajs    4096 May 18 16:44 [1;47;34m.[0;00m/
drwx------ 120 vhall001 csmajs    4096 May 26 23:04 [1;47;34m..[0;00m/
do_ypcall: clnt_call: RPC: Unable to send; errno = Operation not permitted
-r-------- 1 vhall001 csmajs     167 May 18 16:44 798071a0e28d67e4e72ce683b39bebf3aedb35

./66:
total 12
drwx------ 2 vhall001 csmajs    4096 May 17 21:59 [1;47;34m.[0;00m/
drwx------ 120 vhall001 csmajs    4096 May 26 23:04 [1;47;34m..[0;00m/
do_ypcall: clnt_call: RPC: Unable to send; errno = Operation not permitted
-r-------- 1 vhall001 csmajs     104 May 17 21:59 76d09aa00769c9ce05c04bcaff496a476cad7c

./67:
total 16
drwx------ 2 vhall001 csmajs    4096 May 18 16:29 [1;47;34m.[0;00m/
drwx------ 120 vhall001 csmajs    4096 May 26 23:04 [1;47;34m..[0;00m/
-r-------- 1 vhall001 csmajs     664 May 18 16:29 082a0d1fde470fa335f6751a63924fb4ea7125
-r-------- 1 vhall001 csmajs     389 May 18 16:29 db043ee9a5f1d9586dbe842dadb946cbcaf593

./6a:
total 12
drwx------ 2 vhall001 csmajs    4096 May 17 23:20 [1;47;34m.[0;00m/
drwx------ 120 vhall001 csmajs    4096 May 26 23:04 [1;47;34m..[0;00m/
-r-------- 1 vhall001 csmajs     309 May 17 23:20 1a6f90dcb6c92c93b5530c08564738746a43e9

./6c:
total 12
drwx------ 2 vhall001 csmajs    4096 May 17 21:59 [1;47;34m.[0;00m/
drwx------ 120 vhall001 csmajs    4096 May 26 23:04 [1;47;34m..[0;00m/
-r-------- 1 vhall001 csmajs     148 May 17 21:59 b08313680d298a2f25b7e97e1ddb05d76f673c

./6d:
total 12
drwx------ 2 vhall001 csmajs    4096 May 26 21:04 [1;47;34m.[0;00m/
drwx------ 120 vhall001 csmajs    4096 May 26 23:04 [1;47;34m..[0;00m/
-r-------- 1 vhall001 csmajs     177 May 26 21:04 ba4ca753ea9549087bf1da62b4036a40af7232

./70:
total 12
drwx------ 2 vhall001 csmajs    4096 May 26 21:04 [1;47;34m.[0;00m/
drwx------ 120 vhall001 csmajs    4096 May 26 23:04 [1;47;34m..[0;00m/
-r-------- 1 vhall001 csmajs     304 May 26 21:04 a4344c2a01dc22db42fedc1582b64757f15f12

./72:
total 12
drwx------ 2 vhall001 csmajs    4096 May 18 16:44 [1;47;34m.[0;00m/
drwx------ 120 vhall001 csmajs    4096 May 26 23:04 [1;47;34m..[0;00m/
-r-------- 1 vhall001 csmajs    1063 May 18 16:44 f61d1f6d2dc141bf9db5251448aca05ce6cda2

./73:
total 12
drwx------ 2 vhall001 csmajs    4096 May 17 22:03 [1;47;34m.[0;00m/
drwx------ 120 vhall001 csmajs    4096 May 26 23:04 [1;47;34m..[0;00m/
-r-------- 1 vhall001 csmajs     177 May 17 22:03 19d3d5ff89f379a98898f19548472a7220e77a

./75:
total 8
drwx------ 2 vhall001 csmajs    4096 May 17 21:59 [1;47;34m.[0;00m/
drwx------ 120 vhall001 csmajs    4096 May 26 23:04 [1;47;34m..[0;00m/
-r-------- 1 vhall001 csmajs      54 May 17 21:59 4706e0deb188879cd23bea23d160ca71c6ba01

./77:
total 12
drwx------ 2 vhall001 csmajs    4096 May 17 21:59 [1;47;34m.[0;00m/
drwx------ 120 vhall001 csmajs    4096 May 26 23:04 [1;47;34m..[0;00m/
-r-------- 1 vhall001 csmajs     177 May 17 21:59 7695fa847c5f933ef822fc2fa796c7eb4ed9b5

./79:
total 12
drwx------ 2 vhall001 csmajs    4096 May 17 21:59 [1;47;34m.[0;00m/
drwx------ 120 vhall001 csmajs    4096 May 26 23:04 [1;47;34m..[0;00m/
-r-------- 1 vhall001 csmajs      54 May 17 21:59 4400a3b16f0b72e5800a80fe03a517844fb85c
-r-------- 1 vhall001 csmajs     167 May 17 21:59 5db412413958a7436110f166ea2706e5b287e8

./7b:
total 12
drwx------ 2 vhall001 csmajs    4096 May 17 21:59 [1;47;34m.[0;00m/
drwx------ 120 vhall001 csmajs    4096 May 26 23:04 [1;47;34m..[0;00m/
-r-------- 1 vhall001 csmajs     148 May 17 21:59 e674f133cdaceae2c0fa00a6cc6d2b13ca4515

./7d:
total 12
drwx------ 2 vhall001 csmajs    4096 May 17 21:59 [1;47;34m.[0;00m/
drwx------ 120 vhall001 csmajs    4096 May 26 23:04 [1;47;34m..[0;00m/
-r-------- 1 vhall001 csmajs    1674 May 17 21:59 d33a596aff58e9d1922c7c8f56a9242209c273

./7e:
total 12
drwx------ 2 vhall001 csmajs    4096 May 17 21:59 [1;47;34m.[0;00m/
drwx------ 120 vhall001 csmajs    4096 May 26 23:04 [1;47;34m..[0;00m/
-r-------- 1 vhall001 csmajs     132 May 17 21:59 999af13fa28a0de87c4c1875f1f08fa2914871

./7f:
total 12
drwx------ 2 vhall001 csmajs    4096 May 17 22:34 [1;47;34m.[0;00m/
drwx------ 120 vhall001 csmajs    4096 May 26 23:04 [1;47;34m..[0;00m/
-r-------- 1 vhall001 csmajs     177 May 17 22:34 663d072c2c65fbec9ebe90b768d5e4c799ee52

./80:
total 12
drwx------ 2 vhall001 csmajs    4096 May 18 15:49 [1;47;34m.[0;00m/
drwx------ 120 vhall001 csmajs    4096 May 26 23:04 [1;47;34m..[0;00m/
-r-------- 1 vhall001 csmajs     182 May 18 15:49 62aa373b8ce174a8c07b2abdb9309c95ef8bc6

./89:
total 12
drwx------ 2 vhall001 csmajs    4096 May 18 16:29 [1;47;34m.[0;00m/
do_ypcall: clnt_call: RPC: Unable to send; errno = Operation not permitted
drwx------ 120 vhall001 csmajs    4096 May 26 23:04 [1;47;34m..[0;00m/
-r-------- 1 vhall001 csmajs     165 May 18 16:29 c53aa3dc10a0d5b7d3105171296992be199436

./8a:
total 16
drwx------ 2 vhall001 csmajs    4096 May 17 21:59 [1;47;34m.[0;00m/
drwx------ 120 vhall001 csmajs    4096 May 26 23:04 [1;47;34m..[0;00m/
-r-------- 1 vhall001 csmajs     248 May 17 21:59 0c736ead13f1adc55e913ecb81a51a00241eee
-r-------- 1 vhall001 csmajs     177 May 17 21:59 ce59d7bd8577c35287af9cf3ae541aabca5952

./8b:
total 8
drwx------ 2 vhall001 csmajs    4096 May 26 21:04 [1;47;34m.[0;00m/
drwx------ 120 vhall001 csmajs    4096 May 26 23:04 [1;47;34m..[0;00m/
-r-------- 1 vhall001 csmajs      16 May 26 21:04 137891791fe96927ad78e64b0aad7bded08bdc

./8e:
total 8
drwx------ 2 vhall001 csmajs    4096 May 17 21:59 [1;47;34m.[0;00m/
drwx------ 120 vhall001 csmajs    4096 May 26 23:04 [1;47;34m..[0;00m/
-r-------- 1 vhall001 csmajs      54 May 17 21:59 81b1c3d7b7bbc8ed0615086359a13797fca5d8

./8f:
total 16
drwx------ 2 vhall001 csmajs    4096 May 17 22:21 [1;47;34m.[0;00m/
drwx------ 120 vhall001 csmajs    4096 May 26 23:04 [1;47;34m..[0;00m/
-r-------- 1 vhall001 csmajs     195 May 17 22:21 0ce684a5341538b9cf3b8c00621394bb760ab4
-r-------- 1 vhall001 csmajs     170 May 17 21:59 f4621898edf4df130384dc6641a925c142f38e

./92:
total 12
drwx------ 2 vhall001 csmajs    4096 May 17 21:59 [1;47;34m.[0;00m/
drwx------ 120 vhall001 csmajs    4096 May 26 23:04 [1;47;34m..[0;00m/
-r-------- 1 vhall001 csmajs     124 May 17 21:59 c862808e140a6665d52d4bb2c7c160068e8545

./94:
total 12
drwx------ 2 vhall001 csmajs    4096 May 18 16:44 [1;47;34m.[0;00m/
drwx------ 120 vhall001 csmajs    4096 May 26 23:04 [1;47;34m..[0;00m/
-r-------- 1 vhall001 csmajs     176 May 18 16:44 7b61721a3f4166b8d85bc06373535238bbca5f

./96:
total 12
drwx------ 2 vhall001 csmajs    4096 May 17 21:59 [1;47;34m.[0;00m/
drwx------ 120 vhall001 csmajs    4096 May 26 23:04 [1;47;34m..[0;00m/
-r-------- 1 vhall001 csmajs     178 May 17 21:59 4aa82f750b4793f77280130b49bffb30df875c

./97:
total 12
drwx------ 2 vhall001 csmajs    4096 May 18 16:29 [1;47;34m.[0;00m/
drwx------ 120 vhall001 csmajs    4096 May 26 23:04 [1;47;34m..[0;00m/
-r-------- 1 vhall001 csmajs    4015 May 18 16:29 e050b123a54e7b44755c77cd4095eeec1276ba

./98:
total 12
drwx------ 2 vhall001 csmajs    4096 May 17 21:59 [1;47;34m.[0;00m/
do_ypcall: clnt_call: RPC: Unable to send; errno = Operation not permitted
drwx------ 120 vhall001 csmajs    4096 May 26 23:04 [1;47;34m..[0;00m/
-r-------- 1 vhall001 csmajs     183 May 17 21:59 370a3402fbbebed9ae3999bd43f51d70319e91

./99:
total 12
drwx------ 2 vhall001 csmajs    4096 May 18 16:44 [1;47;34m.[0;00m/
drwx------ 120 vhall001 csmajs    4096 May 26 23:04 [1;47;34m..[0;00m/
-r-------- 1 vhall001 csmajs     176 May 18 16:44 00021ca21e6dc18e86a395b1b9340c88ff67c1

./9a:
total 12
drwx------ 2 vhall001 csmajs    4096 May 17 21:59 [1;47;34m.[0;00m/
drwx------ 120 vhall001 csmajs    4096 May 26 23:04 [1;47;34m..[0;00m/
-r-------- 1 vhall001 csmajs     147 May 17 21:59 4d521bcfc9cd0c9f2cb763cb069bfb89558323

./9c:
total 12
drwx------ 2 vhall001 csmajs    4096 May 17 22:03 [1;47;34m.[0;00m/
drwx------ 120 vhall001 csmajs    4096 May 26 23:04 [1;47;34m..[0;00m/
-r-------- 1 vhall001 csmajs     170 May 17 22:03 fc512c4b07a52f63cbc26c24ebdd0746bbcc7a

./9e:
total 16
do_ypcall: clnt_call: RPC: Unable to send; errno = Operation not permitted
drwx------ 2 vhall001 csmajs    4096 May 17 22:33 [1;47;34m.[0;00m/
drwx------ 120 vhall001 csmajs    4096 May 26 23:04 [1;47;34m..[0;00m/
-r-------- 1 vhall001 csmajs      54 May 17 21:59 56c8c77d21c550541d30c3ddfeb1e76f7e10dd
-r-------- 1 vhall001 csmajs     193 May 17 22:33 d1dda6b3a41d137a0afccbed07cde5cd4b30f6
do_ypcall: clnt_call: RPC: Unable to send; errno = Operation not permitted
-r-------- 1 vhall001 csmajs     117 May 17 21:59 f0ef3d9a36d522bac392e841f05ecf6982f38e

./a1:
total 12
drwx------ 2 vhall001 csmajs    4096 May 17 21:59 [1;47;34m.[0;00m/
drwx------ 120 vhall001 csmajs    4096 May 26 23:04 [1;47;34m..[0;00m/
-r-------- 1 vhall001 csmajs     361 May 17 21:59 4258a5c09324342affcafa63c75a35dacab7a2
-r-------- 1 vhall001 csmajs      53 May 17 21:59 4b8e5ded2778b2880114c6804c142f296dcd2b

./a6:
total 8
drwx------ 2 vhall001 csmajs    4096 May 17 21:59 [1;47;34m.[0;00m/
do_ypcall: clnt_call: RPC: Unable to send; errno = Operation not permitted
drwx------ 120 vhall001 csmajs    4096 May 26 23:04 [1;47;34m..[0;00m/
-r-------- 1 vhall001 csmajs      56 May 17 21:59 e9e28ce0fdfb3cff1935e7eb5e8bdcab378f86

./a7:
total 16
drwx------ 2 vhall001 csmajs    4096 May 18 16:40 [1;47;34m.[0;00m/
drwx------ 120 vhall001 csmajs    4096 May 26 23:04 [1;47;34m..[0;00m/
-r-------- 1 vhall001 csmajs    3969 May 17 23:14 0d052bd594e8b16c246a9cb061a5f6fdfc4b1e
-r-------- 1 vhall001 csmajs     671 May 18 16:40 caf5432cbf9f0c34348cee432770843ec9439d

./a8:
total 12
drwx------ 2 vhall001 csmajs    4096 May 17 21:59 [1;47;34m.[0;00m/
drwx------ 120 vhall001 csmajs    4096 May 26 23:04 [1;47;34m..[0;00m/
do_ypcall: clnt_call: RPC: Unable to send; errno = Operation not permitted
-r-------- 1 vhall001 csmajs      54 May 17 21:59 33a1ac8b3a1d8fdd534b0f6eee50d417385977
-r-------- 1 vhall001 csmajs     118 May 17 21:59 38f2683962b16e385773ba3717711b7a032542

./ab:
total 16
drwx------ 2 vhall001 csmajs    4096 May 17 21:59 [1;47;34m.[0;00m/
drwx------ 120 vhall001 csmajs    4096 May 26 23:04 [1;47;34m..[0;00m/
-r-------- 1 vhall001 csmajs     172 May 17 21:59 1f02698ee1f7ac3bf99051fc06721272274635
-r-------- 1 vhall001 csmajs     175 May 17 21:59 bdda4a4b9116fefb2eb79e8509d005c697f996

./ac:
total 12
drwx------ 2 vhall001 csmajs    4096 May 17 21:59 [1;47;34m.[0;00m/
drwx------ 120 vhall001 csmajs    4096 May 26 23:04 [1;47;34m..[0;00m/
do_ypcall: clnt_call: RPC: Unable to send; errno = Operation not permitted
-r-------- 1 vhall001 csmajs     191 May 17 21:59 c91c291d37fe6deeee5b671b0fdd393bbe36d9

./ad:
total 12
drwx------ 2 vhall001 csmajs    4096 May 17 21:59 [1;47;34m.[0;00m/
drwx------ 120 vhall001 csmajs    4096 May 26 23:04 [1;47;34m..[0;00m/
-r-------- 1 vhall001 csmajs     607 May 17 21:59 0be61784fd8a79b92226d6ef7bebb8fa2ef1b3

./b0:
total 16
drwx------ 2 vhall001 csmajs    4096 May 17 21:59 [1;47;34m.[0;00m/
drwx------ 120 vhall001 csmajs    4096 May 26 23:04 [1;47;34m..[0;00m/
-r-------- 1 vhall001 csmajs     147 May 17 21:59 f33b387def62168c2894454ca2688904756ab5
-r-------- 1 vhall001 csmajs     208 May 17 21:59 f7d61f7338f6e6d1c2d4bf20b7792e0647ac96

./b2:
total 12
do_ypcall: clnt_call: RPC: Unable to send; errno = Operation not permitted
drwx------ 2 vhall001 csmajs    4096 May 17 21:59 [1;47;34m.[0;00m/
drwx------ 120 vhall001 csmajs    4096 May 26 23:04 [1;47;34m..[0;00m/
-r-------- 1 vhall001 csmajs     176 May 17 21:59 a8043ba9fe2914c2366669bc777d5633e59a0a

./b9:
total 16
drwx------ 2 vhall001 csmajs    4096 May 18 16:29 [1;47;34m.[0;00m/
drwx------ 120 vhall001 csmajs    4096 May 26 23:04 [1;47;34m..[0;00m/
-r-------- 1 vhall001 csmajs    1066 May 18 16:29 00f2afb70e00400fed56817cfc7901dc45d550
-r-------- 1 vhall001 csmajs     148 May 17 21:59 cb49eef64d6d5ac3f06927e1c2d01dc3f0b647

./ba:
total 16
drwx------ 2 vhall001 csmajs    4096 May 17 21:59 [1;47;34m.[0;00m/
drwx------ 120 vhall001 csmajs    4096 May 26 23:04 [1;47;34m..[0;00m/
-r-------- 1 vhall001 csmajs     107 May 17 21:59 45c124cbdc278b063ec880edbc31c6f5ed5262
-r-------- 1 vhall001 csmajs     160 May 17 21:59 df8959067f45d63b6213253cd2b8f233262f52

./bb:
total 12
drwx------ 2 vhall001 csmajs    4096 May 17 21:59 [1;47;34m.[0;00m/
drwx------ 120 vhall001 csmajs    4096 May 26 23:04 [1;47;34m..[0;00m/
-r-------- 1 vhall001 csmajs    1653 May 17 21:59 fce26936c02e47708ce0a5c39ad91979264865

./bf:
total 8
drwx------ 2 vhall001 csmajs    4096 May 17 21:59 [1;47;34m.[0;00m/
drwx------ 120 vhall001 csmajs    4096 May 26 23:04 [1;47;34m..[0;00m/
-r-------- 1 vhall001 csmajs      54 May 17 21:59 55d04cbe41606f08839521b69443bbf44378a5

./c0:
total 12
drwx------ 2 vhall001 csmajs    4096 May 26 23:04 [1;47;34m.[0;00m/
do_ypcall: clnt_call: RPC: Unable to send; errno = Operation not permitted
drwx------ 120 vhall001 csmajs    4096 May 26 23:04 [1;47;34m..[0;00m/
do_ypcall: clnt_call: RPC: Unable to send; errno = Operation not permitted
-r-------- 1 vhall001 csmajs     170 May 26 23:04 614f814a1cd9fe0d75b195964f2abd18b99651

./c2:
total 12
drwx------ 2 vhall001 csmajs    4096 May 26 21:04 [1;47;34m.[0;00m/
drwx------ 120 vhall001 csmajs    4096 May 26 23:04 [1;47;34m..[0;00m/
-r-------- 1 vhall001 csmajs     157 May 26 21:04 b89a52ee4eade5257600e04bec764824f39668
-r-------- 1 vhall001 csmajs      54 May 17 21:59 f86eac088d14119d6b7b13fc86e204362f51b8

./c3:
total 12
do_ypcall: clnt_call: RPC: Unable to send; errno = Operation not permitted
drwx------ 2 vhall001 csmajs    4096 May 17 22:01 [1;47;34m.[0;00m/
drwx------ 120 vhall001 csmajs    4096 May 26 23:04 [1;47;34m..[0;00m/
do_ypcall: clnt_call: RPC: Unable to send; errno = Operation not permitted
-r-------- 1 vhall001 csmajs     109 May 17 22:01 3647d41bbc77227bc0387fafaf916c3182b8ab

./c4:
total 16
drwx------ 2 vhall001 csmajs    4096 May 18 15:49 [1;47;34m.[0;00m/
drwx------ 120 vhall001 csmajs    4096 May 26 23:04 [1;47;34m..[0;00m/
-r-------- 1 vhall001 csmajs     168 May 18 15:49 7da919d1a55ecba45755ff3fc698a9122648ae
-r-------- 1 vhall001 csmajs     171 May 17 22:34 874cc7b1859abfc097104937bb3d050931411c

./c5:
total 12
drwx------ 2 vhall001 csmajs    4096 May 17 21:59 [1;47;34m.[0;00m/
drwx------ 120 vhall001 csmajs    4096 May 26 23:04 [1;47;34m..[0;00m/
do_ypcall: clnt_call: RPC: Unable to send; errno = Operation not permitted
-r-------- 1 vhall001 csmajs     148 May 17 21:59 358081619fa80eba34edc226ad10ea9710e9ef

./c7:
total 12
drwx------ 2 vhall001 csmajs    4096 May 17 21:59 [1;47;34m.[0;00m/
drwx------ 120 vhall001 csmajs    4096 May 26 23:04 [1;47;34m..[0;00m/
-r-------- 1 vhall001 csmajs     171 May 17 21:59 653599075418184fafe79f922067e81ec4203c

./c8:
total 8
drwx------ 2 vhall001 csmajs    4096 May 17 21:59 [1;47;34m.[0;00m/
drwx------ 120 vhall001 csmajs    4096 May 26 23:04 [1;47;34m..[0;00m/
-r-------- 1 vhall001 csmajs      54 May 17 21:59 8893bfd261b5b661bfbcc32140b9cfb66dab20

./ca:
total 12
drwx------ 2 vhall001 csmajs    4096 May 26 21:04 [1;47;34m.[0;00m/
drwx------ 120 vhall001 csmajs    4096 May 26 23:04 [1;47;34m..[0;00m/
-r-------- 1 vhall001 csmajs     161 May 26 21:04 4f1dffa3d29ee2a73a301aed2b2481b76d0505

./cb:
total 12
do_ypcall: clnt_call: RPC: Unable to send; errno = Operation not permitted
drwx------ 2 vhall001 csmajs    4096 May 17 21:59 [1;47;34m.[0;00m/
do_ypcall: clnt_call: RPC: Unable to send; errno = Operation not permitted
drwx------ 120 vhall001 csmajs    4096 May 26 23:04 [1;47;34m..[0;00m/
-r-------- 1 vhall001 csmajs     109 May 17 21:59 3d83bd1a1b68eea7c315038b00c5295d05be73

./d3:
total 12
drwx------ 2 vhall001 csmajs    4096 May 17 21:59 [1;47;34m.[0;00m/
drwx------ 120 vhall001 csmajs    4096 May 26 23:04 [1;47;34m..[0;00m/
-r-------- 1 vhall001 csmajs    1004 May 17 21:59 4859355d2632931617ae52b951a64fa412bea0

./d6:
total 16
drwx------ 2 vhall001 csmajs    4096 May 17 21:59 [1;47;34m.[0;00m/
drwx------ 120 vhall001 csmajs    4096 May 26 23:04 [1;47;34m..[0;00m/
-r-------- 1 vhall001 csmajs    7710 May 17 21:59 a93266f748d606b884f9434ff662fe80b9dc21

./d8:
total 16
do_ypcall: clnt_call: RPC: Unable to send; errno = Operation not permitted
drwx------ 2 vhall001 csmajs    4096 May 17 21:59 [1;47;34m.[0;00m/
drwx------ 120 vhall001 csmajs    4096 May 26 23:04 [1;47;34m..[0;00m/
-r-------- 1 vhall001 csmajs     381 May 17 21:59 4909bdde047fec685aeee2dba5d57e579f1233
-r-------- 1 vhall001 csmajs     187 May 17 21:59 908e7383fd6d585701fc61bcbfc87fca43fab7

./d9:
total 16
drwx------ 2 vhall001 csmajs    4096 May 26 23:04 [1;47;34m.[0;00m/
drwx------ 120 vhall001 csmajs    4096 May 26 23:04 [1;47;34m..[0;00m/
-r-------- 1 vhall001 csmajs     195 May 26 23:04 2d0f86e223f82cadfa190cd61f9e1835b200ee
-r-------- 1 vhall001 csmajs    3238 May 26 23:03 eab3b9c00de60bfcca211f87fa612595c98942

./db:
total 12
drwx------ 2 vhall001 csmajs    4096 May 18 16:40 [1;47;34m.[0;00m/
drwx------ 120 vhall001 csmajs    4096 May 26 23:04 [1;47;34m..[0;00m/
-r-------- 1 vhall001 csmajs     176 May 18 16:40 264da369e248af57e5850aadd9c88085991dce

./dd:
total 12
drwx------ 2 vhall001 csmajs    4096 May 26 22:54 [1;47;34m.[0;00m/
drwx------ 120 vhall001 csmajs    4096 May 26 23:04 [1;47;34m..[0;00m/
-r-------- 1 vhall001 csmajs    3256 May 26 22:54 258e2be2f6b8931fd6d62307c1aca089a5cb07

./e0:
total 12
drwx------ 2 vhall001 csmajs    4096 May 17 22:01 [1;47;34m.[0;00m/
drwx------ 120 vhall001 csmajs    4096 May 26 23:04 [1;47;34m..[0;00m/
-r-------- 1 vhall001 csmajs    3981 May 17 22:01 04948398175b2f01f53bb0d603ff3460ee0374

./e1:
total 12
drwx------ 2 vhall001 csmajs    4096 May 17 21:59 [1;47;34m.[0;00m/
drwx------ 120 vhall001 csmajs    4096 May 26 23:04 [1;47;34m..[0;00m/
-r-------- 1 vhall001 csmajs     165 May 17 21:59 19d6a5c8cffd6b955c6f7d544b56d6797502d0

./e3:
total 8
drwx------ 2 vhall001 csmajs    4096 May 17 21:59 [1;47;34m.[0;00m/
do_ypcall: clnt_call: RPC: Unable to send; errno = Operation not permitted
drwx------ 120 vhall001 csmajs    4096 May 26 23:04 [1;47;34m..[0;00m/
-r-------- 1 vhall001 csmajs      52 May 17 21:59 f24eefa7d934afb31b96c1303718dc8a84d6dc

./e5:
total 12
drwx------ 2 vhall001 csmajs    4096 May 17 21:59 [1;47;34m.[0;00m/
drwx------ 120 vhall001 csmajs    4096 May 26 23:04 [1;47;34m..[0;00m/
-r-------- 1 vhall001 csmajs     367 May 17 21:59 cdb24c183c476f62fd6081110777d258c310f7

./e6:
total 8
drwx------ 2 vhall001 csmajs    4096 May 17 21:59 [1;47;34m.[0;00m/
drwx------ 120 vhall001 csmajs    4096 May 26 23:04 [1;47;34m..[0;00m/
-r-------- 1 vhall001 csmajs      15 May 17 21:59 9de29bb2d1d6434b8b29ae775ad8c2e48c5391

./eb:
total 16
drwx------ 2 vhall001 csmajs    4096 May 17 22:03 [1;47;34m.[0;00m/
drwx------ 120 vhall001 csmajs    4096 May 26 23:04 [1;47;34m..[0;00m/
-r-------- 1 vhall001 csmajs     136 May 17 22:03 1888f24d683b626a81b74c09fc2988d115ce20
do_ypcall: clnt_call: RPC: Unable to send; errno = Operation not permitted
-r-------- 1 vhall001 csmajs     148 May 17 21:59 4ae46392ac5cc293604a8736f46a10b0ab4c3f

./ee:
total 12
drwx------ 2 vhall001 csmajs    4096 May 18 15:48 [1;47;34m.[0;00m/
drwx------ 120 vhall001 csmajs    4096 May 26 23:04 [1;47;34m..[0;00m/
-r-------- 1 vhall001 csmajs    1013 May 18 15:48 6e34cde3e0d6abf3e8909bbbb34a64cfc4e386

./f1:
total 16
drwx------ 2 vhall001 csmajs    4096 May 17 21:59 [1;47;34m.[0;00m/
drwx------ 120 vhall001 csmajs    4096 May 26 23:04 [1;47;34m..[0;00m/
-r-------- 1 vhall001 csmajs     190 May 17 21:59 91245721555049de087dbb5ca1e892575954df
-r-------- 1 vhall001 csmajs     177 May 17 21:59 f1344ea3ec1350c8b40ebcbbcef1e8eab08905

./f2:
total 12
drwx------ 2 vhall001 csmajs    4096 May 17 22:01 [1;47;34m.[0;00m/
drwx------ 120 vhall001 csmajs    4096 May 26 23:04 [1;47;34m..[0;00m/
-r-------- 1 vhall001 csmajs     177 May 17 22:01 730348848f205873a802f84058715aa0d7467f

./f3:
total 12
drwx------ 2 vhall001 csmajs    4096 May 17 21:59 [1;47;34m.[0;00m/
drwx------ 120 vhall001 csmajs    4096 May 26 23:04 [1;47;34m..[0;00m/
-r-------- 1 vhall001 csmajs    1272 May 17 21:59 6c59fd7af10e734eda7dfcbfad0db6a83bbfea

./f5:
total 12
drwx------ 2 vhall001 csmajs    4096 May 26 21:04 [1;47;34m.[0;00m/
drwx------ 120 vhall001 csmajs    4096 May 26 23:04 [1;47;34m..[0;00m/
do_ypcall: clnt_call: RPC: Unable to send; errno = Operation not permitted
-r-------- 1 vhall001 csmajs     176 May 26 21:04 03ba485a46aba8549ee8277f66236c07c22004

./f6:
total 12
do_ypcall: clnt_call: RPC: Unable to send; errno = Operation not permitted
drwx------ 2 vhall001 csmajs    4096 May 17 21:59 [1;47;34m.[0;00m/
drwx------ 120 vhall001 csmajs    4096 May 26 23:04 [1;47;34m..[0;00m/
-r-------- 1 vhall001 csmajs     186 May 17 21:59 5aab611c783399d3b55648bdf136f5b2eb1bfe

./f7:
total 12
drwx------ 2 vhall001 csmajs    4096 May 17 21:59 [1;47;34m.[0;00m/
drwx------ 120 vhall001 csmajs    4096 May 26 23:04 [1;47;34m..[0;00m/
-r-------- 1 vhall001 csmajs     354 May 17 21:59 09058a05d3622565a7e99285ff733fe7a45cf6

./f9:
total 12
drwx------ 2 vhall001 csmajs    4096 May 17 22:03 [1;47;34m.[0;00m/
drwx------ 120 vhall001 csmajs    4096 May 26 23:04 [1;47;34m..[0;00m/
-r-------- 1 vhall001 csmajs    1009 May 17 22:03 a7dbb04f8b334c76e57cdc230b90b47b467844

./fe:
total 12
drwx------ 2 vhall001 csmajs    4096 May 17 23:14 [1;47;34m.[0;00m/
do_ypcall: clnt_call: RPC: Unable to send; errno = Operation not permitted
drwx------ 120 vhall001 csmajs    4096 May 26 23:04 [1;47;34m..[0;00m/
-r-------- 1 vhall001 csmajs     165 May 17 23:14 1f7577ae7b586b2c667b503fecad3c0f10a39c

./info:
total 8
drwx------ 2 vhall001 csmajs    4096 May 17 21:59 [1;47;34m.[0;00m/
drwx------ 120 vhall001 csmajs    4096 May 26 23:04 [1;47;34m..[0;00m/

./pack:
total 8
drwx------ 2 vhall001 csmajs    4096 May 17 21:59 [1;47;34m.[0;00m/
drwx------ 120 vhall001 csmajs    4096 May 26 23:04 [1;47;34m..[0;00m/

./refs:
total 20
drwx------ 5 vhall001 csmajs    4096 May 17 21:59 [1;47;34m.[0;00m/
drwx------ 8 vhall001 csmajs    4096 May 26 23:04 [1;47;34m..[0;00m/
do_ypcall: clnt_call: RPC: Unable to send; errno = Operation not permitted
drwx------ 2 vhall001 csmajs    4096 May 26 23:04 [1;34mheads[0;00m/
drwx------ 3 vhall001 csmajs    4096 May 17 21:59 [1;34mremotes[0;00m/
drwx------ 2 vhall001 csmajs    4096 May 18 16:45 [1;34mtags[0;00m/

./heads:
total 8
drwx------ 2 vhall001 csmajs    4096 May 26 23:04 [1;47;34m.[0;00m/
drwx------ 5 vhall001 csmajs    4096 May 17 21:59 [1;47;34m..[0;00m/
-rw------- 1 vhall001 csmajs      41 May 26 23:04 master

./remotes:
total 12
drwx------ 3 vhall001 csmajs    4096 May 17 21:59 [1;47;34m.[0;00m/
drwx------ 5 vhall001 csmajs    4096 May 17 21:59 [1;47;34m..[0;00m/
drwx------ 2 vhall001 csmajs    4096 May 26 21:04 [1;34morigin[0;00m/

./origin:
total 8
drwx------ 2 vhall001 csmajs    4096 May 26 21:04 [1;47;34m.[0;00m/
drwx------ 3 vhall001 csmajs    4096 May 17 21:59 [1;47;34m..[0;00m/
-rw------- 1 vhall001 csmajs      32 May 17 21:59 HEAD
do_ypcall: clnt_call: RPC: Unable to send; errno = Operation not permitted
-rw------- 1 vhall001 csmajs      41 May 26 21:04 master

./tags:
total 8
drwx------ 2 vhall001 csmajs    4096 May 18 16:45 [1;47;34m.[0;00m/
drwx------ 5 vhall001 csmajs    4096 May 17 21:59 [1;47;34m..[0;00m/
-rw------- 1 vhall001 csmajs      41 May 18 16:45 hw2

./bin:
total 276
drwx------ 2 vhall001 csmajs    4096 May 26 23:06 [1;47;34m.[0;00m/
drwx------ 6 vhall001 csmajs    4096 May 26 23:05 [1;47;34m..[0;00m/
-rwx------ 1 vhall001 csmajs   16275 May 26 23:06 [1;32mcp[0;00m
-rwx------ 1 vhall001 csmajs   81256 May 26 23:05 [1;32mls[0;00m
-rwx------ 1 vhall001 csmajs    9993 May 26 23:06 [1;32mmv[0;00m
do_ypcall: clnt_call: RPC: Unable to send; errno = Operation not permitted
-rwx------ 1 vhall001 csmajs   10233 May 26 23:06 [1;32mrm[0;00m
-rwx------ 1 vhall001 csmajs  139841 May 26 23:05 [1;32mrshell[0;00m

./src:
total 64
drwx------ 2 vhall001 csmajs    4096 May 26 23:03 [1;47;34m.[0;00m/
drwx------ 6 vhall001 csmajs    4096 May 26 23:05 [1;47;34m..[0;00m/
-rw------- 1 vhall001 csmajs    2977 May 18 16:43 cp.cpp
-rw------- 1 vhall001 csmajs   17073 May 26 23:03 ls.cpp
do_ypcall: clnt_call: RPC: Unable to send; errno = Operation not permitted
-rw------- 1 vhall001 csmajs     909 May 18 16:34 mv.cpp
-rw------- 1 vhall001 csmajs    1495 May 18 16:39 rm.cpp
-rw------- 1 vhall001 csmajs   16826 May 26 22:36 shell.cpp
-rw------- 1 vhall001 csmajs    2291 May 18 15:48 Timer.h

./tests:
total 80
drwx------ 2 vhall001 csmajs    4096 May 26 23:05 [1;47;34m.[0;00m/
do_ypcall: clnt_call: RPC: Unable to send; errno = Operation not permitted
drwx------ 6 vhall001 csmajs    4096 May 26 23:05 [1;47;34m..[0;00m/
-rw------- 1 vhall001 csmajs       0 May 17 21:59 exec.script
-rw------- 1 vhall001 csmajs   65536 May 26 23:09 ls.script
-rw------- 1 vhall001 csmajs    7792 May 17 23:16 piping.script
~/rshell
vhall001@hammer $ bin/ls -R -l -a
.:
total 52
drwx------ 6 vhall001 csmajs    4096 May 26 23:05 [1;47;34m.[0;00m/
drwx------ 12 vhall001 csmajs    4096 May 26 23:01 [1;47;34m..[0;00m/
drwx------ 8 vhall001 csmajs    4096 May 26 23:04 [1;47;34m.git[0;00m/
drwx------ 2 vhall001 csmajs    4096 May 26 23:06 [1;34mbin[0;00m/
-rw------- 1 vhall001 csmajs   18027 May 17 21:59 LICENSE
-rw------- 1 vhall001 csmajs     672 May 26 21:04 Makefile
-rw------- 1 vhall001 csmajs     457 May 26 21:04 README.md
drwx------ 2 vhall001 csmajs    4096 May 26 23:03 [1;34msrc[0;00m/
drwx------ 2 vhall001 csmajs    4096 May 26 23:05 [1;34mtests[0;00m/

./.git:
total 52
drwx------ 8 vhall001 csmajs    4096 May 26 23:04 [1;47;34m.[0;00m/
drwx------ 6 vhall001 csmajs    4096 May 26 23:05 [1;47;34m..[0;00m/
drwx------ 2 vhall001 csmajs    4096 May 17 21:59 [1;34mbranches[0;00m/
-rw------- 1 vhall001 csmajs      18 May 26 23:04 COMMIT_EDITMSG
-rw------- 1 vhall001 csmajs     259 May 17 21:59 config
-rw------- 1 vhall001 csmajs      73 May 17 21:59 description
-rw------- 1 vhall001 csmajs     203 May 26 21:04 FETCH_HEAD
-rw------- 1 vhall001 csmajs      23 May 17 23:16 HEAD
drwx------ 2 vhall001 csmajs    4096 May 17 21:59 [1;34mhooks[0;00m/
-rw------- 1 vhall001 csmajs     896 May 26 23:03 index
drwx------ 2 vhall001 csmajs    4096 May 17 21:59 [1;34minfo[0;00m/
drwx------ 3 vhall001 csmajs    4096 May 17 21:59 [1;34mlogs[0;00m/
drwx------ 120 vhall001 csmajs    4096 May 26 23:04 [1;34mobjects[0;00m/
-rw------- 1 vhall001 csmajs      41 May 26 21:04 ORIG_HEAD
-rw------- 1 vhall001 csmajs     173 May 17 22:08 packed-refs
drwx------ 5 vhall001 csmajs    4096 May 17 21:59 [1;34mrefs[0;00m/

./branches:
total 8
drwx------ 2 vhall001 csmajs    4096 May 17 21:59 [1;47;34m.[0;00m/
drwx------ 8 vhall001 csmajs    4096 May 26 23:04 [1;47;34m..[0;00m/

./hooks:
total 48
drwx------ 2 vhall001 csmajs    4096 May 17 21:59 [1;47;34m.[0;00m/
drwx------ 8 vhall001 csmajs    4096 May 26 23:04 [1;47;34m..[0;00m/
-rwx------ 1 vhall001 csmajs     452 May 17 21:59 [1;32mapplypatch-msg.sample[0;00m
-rwx------ 1 vhall001 csmajs     896 May 17 21:59 [1;32mcommit-msg.sample[0;00m
-rwx------ 1 vhall001 csmajs     189 May 17 21:59 [1;32mpost-update.sample[0;00m
-rwx------ 1 vhall001 csmajs     398 May 17 21:59 [1;32mpre-applypatch.sample[0;00m
-rwx------ 1 vhall001 csmajs    1635 May 17 21:59 [1;32mpre-commit.sample[0;00m
-rwx------ 1 vhall001 csmajs    1348 May 17 21:59 [1;32mpre-push.sample[0;00m
-rwx------ 1 vhall001 csmajs    4951 May 17 21:59 [1;32mpre-rebase.sample[0;00m
-rwx------ 1 vhall001 csmajs    1239 May 17 21:59 [1;32mprepare-commit-msg.sample[0;00m
-rwx------ 1 vhall001 csmajs    3611 May 17 21:59 [1;32mupdate.sample[0;00m

./info:
total 12
drwx------ 2 vhall001 csmajs    4096 May 17 21:59 [1;47;34m.[0;00m/
drwx------ 8 vhall001 csmajs    4096 May 26 23:04 [1;47;34m..[0;00m/
-rw------- 1 vhall001 csmajs     240 May 17 21:59 exclude

./logs:
total 16
drwx------ 3 vhall001 csmajs    4096 May 17 21:59 [1;47;34m.[0;00m/
drwx------ 8 vhall001 csmajs    4096 May 26 23:04 [1;47;34m..[0;00m/
-rw------- 1 vhall001 csmajs    3453 May 26 23:04 HEAD
drwx------ 4 vhall001 csmajs    4096 May 17 21:59 [1;34mrefs[0;00m/

./refs:
total 16
drwx------ 4 vhall001 csmajs    4096 May 17 21:59 [1;47;34m.[0;00m/
drwx------ 3 vhall001 csmajs    4096 May 17 21:59 [1;47;34m..[0;00m/
drwx------ 2 vhall001 csmajs    4096 May 17 21:59 [1;34mheads[0;00m/
drwx------ 3 vhall001 csmajs    4096 May 17 21:59 [1;34mremotes[0;00m/

./heads:
total 12
drwx------ 2 vhall001 csmajs    4096 May 17 21:59 [1;47;34m.[0;00m/
drwx------ 4 vhall001 csmajs    4096 May 17 21:59 [1;47;34m..[0;00m/
-rw------- 1 vhall001 csmajs    2236 May 26 23:04 master

./remotes:
total 12
drwx------ 3 vhall001 csmajs    4096 May 17 21:59 [1;47;34m.[0;00m/
drwx------ 4 vhall001 csmajs    4096 May 17 21:59 [1;47;34m..[0;00m/
drwx------ 2 vhall001 csmajs    4096 May 17 22:01 [1;34morigin[0;00m/

./origin:
total 16
drwx------ 2 vhall001 csmajs    4096 May 17 22:01 [1;47;34m.[0;00m/
drwx------ 3 vhall001 csmajs    4096 May 17 21:59 [1;47;34m..[0;00m/
-rw------- 1 vhall001 csmajs     189 May 17 21:59 HEAD
-rw------- 1 vhall001 csmajs    1260 May 26 21:04 master

./objects:
total 480
drwx------ 120 vhall001 csmajs    4096 May 26 23:04 [1;47;34m.[0;00m/
drwx------ 8 vhall001 csmajs    4096 May 26 23:04 [1;47;34m..[0;00m/
drwx------ 2 vhall001 csmajs    4096 May 17 21:59 [1;34m00[0;00m/
drwx------ 2 vhall001 csmajs    4096 May 18 16:29 [1;34m01[0;00m/
drwx------ 2 vhall001 csmajs    4096 May 26 21:04 [1;34m02[0;00m/
drwx------ 2 vhall001 csmajs    4096 May 17 21:59 [1;34m04[0;00m/
drwx------ 2 vhall001 csmajs    4096 May 26 22:55 [1;34m05[0;00m/
drwx------ 2 vhall001 csmajs    4096 May 17 21:59 [1;34m09[0;00m/
drwx------ 2 vhall001 csmajs    4096 May 17 22:21 [1;34m0a[0;00m/
drwx------ 2 vhall001 csmajs    4096 May 17 21:59 [1;34m10[0;00m/
drwx------ 2 vhall001 csmajs    4096 May 17 21:59 [1;34m12[0;00m/
drwx------ 2 vhall001 csmajs    4096 May 18 16:44 [1;34m15[0;00m/
drwx------ 2 vhall001 csmajs    4096 May 17 23:20 [1;34m18[0;00m/
drwx------ 2 vhall001 csmajs    4096 May 17 21:59 [1;34m1d[0;00m/
drwx------ 2 vhall001 csmajs    4096 May 17 22:21 [1;34m1e[0;00m/
drwx------ 2 vhall001 csmajs    4096 May 17 21:59 [1;34m21[0;00m/
drwx------ 2 vhall001 csmajs    4096 May 17 23:15 [1;34m22[0;00m/
drwx------ 2 vhall001 csmajs    4096 May 26 21:04 [1;34m24[0;00m/
drwx------ 2 vhall001 csmajs    4096 May 17 21:59 [1;34m28[0;00m/
drwx------ 2 vhall001 csmajs    4096 May 17 23:20 [1;34m29[0;00m/
drwx------ 2 vhall001 csmajs    4096 May 18 16:40 [1;34m2a[0;00m/
drwx------ 2 vhall001 csmajs    4096 May 18 16:40 [1;34m2e[0;00m/
drwx------ 2 vhall001 csmajs    4096 May 17 21:59 [1;34m30[0;00m/
drwx------ 2 vhall001 csmajs    4096 May 17 21:59 [1;34m33[0;00m/
drwx------ 2 vhall001 csmajs    4096 May 17 21:59 [1;34m37[0;00m/
drwx------ 2 vhall001 csmajs    4096 May 17 21:59 [1;34m3a[0;00m/
drwx------ 2 vhall001 csmajs    4096 May 26 23:04 [1;34m3b[0;00m/
drwx------ 2 vhall001 csmajs    4096 May 18 15:49 [1;34m3d[0;00m/
drwx------ 2 vhall001 csmajs    4096 May 17 21:59 [1;34m3e[0;00m/
drwx------ 2 vhall001 csmajs    4096 May 17 23:15 [1;34m3f[0;00m/
drwx------ 2 vhall001 csmajs    4096 May 17 21:59 [1;34m42[0;00m/
drwx------ 2 vhall001 csmajs    4096 May 17 23:15 [1;34m44[0;00m/
drwx------ 2 vhall001 csmajs    4096 May 17 21:59 [1;34m47[0;00m/
drwx------ 2 vhall001 csmajs    4096 May 18 15:48 [1;34m4c[0;00m/
drwx------ 2 vhall001 csmajs    4096 May 17 23:15 [1;34m4f[0;00m/
drwx------ 2 vhall001 csmajs    4096 May 18 16:40 [1;34m50[0;00m/
drwx------ 2 vhall001 csmajs    4096 May 17 21:59 [1;34m51[0;00m/
drwx------ 2 vhall001 csmajs    4096 May 17 23:14 [1;34m52[0;00m/
drwx------ 2 vhall001 csmajs    4096 May 17 21:59 [1;34m53[0;00m/
drwx------ 2 vhall001 csmajs    4096 May 17 21:59 [1;34m54[0;00m/
drwx------ 2 vhall001 csmajs    4096 May 17 21:59 [1;34m55[0;00m/
drwx------ 2 vhall001 csmajs    4096 May 26 21:04 [1;34m58[0;00m/
drwx------ 2 vhall001 csmajs    4096 May 26 21:04 [1;34m5a[0;00m/
drwx------ 2 vhall001 csmajs    4096 May 17 21:59 [1;34m5f[0;00m/
drwx------ 2 vhall001 csmajs    4096 May 18 16:44 [1;34m62[0;00m/
drwx------ 2 vhall001 csmajs    4096 May 17 21:59 [1;34m66[0;00m/
drwx------ 2 vhall001 csmajs    4096 May 18 16:29 [1;34m67[0;00m/
drwx------ 2 vhall001 csmajs    4096 May 17 23:20 [1;34m6a[0;00m/
drwx------ 2 vhall001 csmajs    4096 May 17 21:59 [1;34m6c[0;00m/
drwx------ 2 vhall001 csmajs    4096 May 26 21:04 [1;34m6d[0;00m/
drwx------ 2 vhall001 csmajs    4096 May 26 21:04 [1;34m70[0;00m/
drwx------ 2 vhall001 csmajs    4096 May 18 16:44 [1;34m72[0;00m/
drwx------ 2 vhall001 csmajs    4096 May 17 22:03 [1;34m73[0;00m/
drwx------ 2 vhall001 csmajs    4096 May 17 21:59 [1;34m75[0;00m/
drwx------ 2 vhall001 csmajs    4096 May 17 21:59 [1;34m77[0;00m/
drwx------ 2 vhall001 csmajs    4096 May 17 21:59 [1;34m79[0;00m/
drwx------ 2 vhall001 csmajs    4096 May 17 21:59 [1;34m7b[0;00m/
drwx------ 2 vhall001 csmajs    4096 May 17 21:59 [1;34m7d[0;00m/
drwx------ 2 vhall001 csmajs    4096 May 17 21:59 [1;34m7e[0;00m/
drwx------ 2 vhall001 csmajs    4096 May 17 22:34 [1;34m7f[0;00m/
drwx------ 2 vhall001 csmajs    4096 May 18 15:49 [1;34m80[0;00m/
drwx------ 2 vhall001 csmajs    4096 May 18 16:29 [1;34m89[0;00m/
drwx------ 2 vhall001 csmajs    4096 May 17 21:59 [1;34m8a[0;00m/
drwx------ 2 vhall001 csmajs    4096 May 26 21:04 [1;34m8b[0;00m/
drwx------ 2 vhall001 csmajs    4096 May 17 21:59 [1;34m8e[0;00m/
drwx------ 2 vhall001 csmajs    4096 May 17 22:21 [1;34m8f[0;00m/
drwx------ 2 vhall001 csmajs    4096 May 17 21:59 [1;34m92[0;00m/
drwx------ 2 vhall001 csmajs    4096 May 18 16:44 [1;34m94[0;00m/
drwx------ 2 vhall001 csmajs    4096 May 17 21:59 [1;34m96[0;00m/
drwx------ 2 vhall001 csmajs    4096 May 18 16:29 [1;34m97[0;00m/
drwx------ 2 vhall001 csmajs    4096 May 17 21:59 [1;34m98[0;00m/
drwx------ 2 vhall001 csmajs    4096 May 18 16:44 [1;34m99[0;00m/
drwx------ 2 vhall001 csmajs    4096 May 17 21:59 [1;34m9a[0;00m/
drwx------ 2 vhall001 csmajs    4096 May 17 22:03 [1;34m9c[0;00m/
drwx------ 2 vhall001 csmajs    4096 May 17 22:33 [1;34m9e[0;00m/
drwx------ 2 vhall001 csmajs    4096 May 17 21:59 [1;34ma1[0;00m/
drwx------ 2 vhall001 csmajs    4096 May 17 21:59 [1;34ma6[0;00m/
drwx------ 2 vhall001 csmajs    4096 May 18 16:40 [1;34ma7[0;00m/
drwx------ 2 vhall001 csmajs    4096 May 17 21:59 [1;34ma8[0;00m/
drwx------ 2 vhall001 csmajs    4096 May 17 21:59 [1;34mab[0;00m/
drwx------ 2 vhall001 csmajs    4096 May 17 21:59 [1;34mac[0;00m/
drwx------ 2 vhall001 csmajs    4096 May 17 21:59 [1;34mad[0;00m/
drwx------ 2 vhall001 csmajs    4096 May 17 21:59 [1;34mb0[0;00m/
drwx------ 2 vhall001 csmajs    4096 May 17 21:59 [1;34mb2[0;00m/
drwx------ 2 vhall001 csmajs    4096 May 18 16:29 [1;34mb9[0;00m/
drwx------ 2 vhall001 csmajs    4096 May 17 21:59 [1;34mba[0;00m/
drwx------ 2 vhall001 csmajs    4096 May 17 21:59 [1;34mbb[0;00m/
drwx------ 2 vhall001 csmajs    4096 May 17 21:59 [1;34mbf[0;00m/
drwx------ 2 vhall001 csmajs    4096 May 26 23:04 [1;34mc0[0;00m/
drwx------ 2 vhall001 csmajs    4096 May 26 21:04 [1;34mc2[0;00m/
drwx------ 2 vhall001 csmajs    4096 May 17 22:01 [1;34mc3[0;00m/
drwx------ 2 vhall001 csmajs    4096 May 18 15:49 [1;34mc4[0;00m/
drwx------ 2 vhall001 csmajs    4096 May 17 21:59 [1;34mc5[0;00m/
drwx------ 2 vhall001 csmajs    4096 May 17 21:59 [1;34mc7[0;00m/
drwx------ 2 vhall001 csmajs    4096 May 17 21:59 [1;34mc8[0;00m/
drwx------ 2 vhall001 csmajs    4096 May 26 21:04 [1;34mca[0;00m/
drwx------ 2 vhall001 csmajs    4096 May 17 21:59 [1;34mcb[0;00m/
drwx------ 2 vhall001 csmajs    4096 May 17 21:59 [1;34md3[0;00m/
drwx------ 2 vhall001 csmajs    4096 May 17 21:59 [1;34md6[0;00m/
drwx------ 2 vhall001 csmajs    4096 May 17 21:59 [1;34md8[0;00m/
drwx------ 2 vhall001 csmajs    4096 May 26 23:04 [1;34md9[0;00m/
drwx------ 2 vhall001 csmajs    4096 May 18 16:40 [1;34mdb[0;00m/
drwx------ 2 vhall001 csmajs    4096 May 26 22:54 [1;34mdd[0;00m/
drwx------ 2 vhall001 csmajs    4096 May 17 22:01 [1;34me0[0;00m/
drwx------ 2 vhall001 csmajs    4096 May 17 21:59 [1;34me1[0;00m/
drwx------ 2 vhall001 csmajs    4096 May 17 21:59 [1;34me3[0;00m/
drwx------ 2 vhall001 csmajs    4096 May 17 21:59 [1;34me5[0;00m/
drwx------ 2 vhall001 csmajs    4096 May 17 21:59 [1;34me6[0;00m/
drwx------ 2 vhall001 csmajs    4096 May 17 22:03 [1;34meb[0;00m/
drwx------ 2 vhall001 csmajs    4096 May 18 15:48 [1;34mee[0;00m/
drwx------ 2 vhall001 csmajs    4096 May 17 21:59 [1;34mf1[0;00m/
drwx------ 2 vhall001 csmajs    4096 May 17 22:01 [1;34mf2[0;00m/
drwx------ 2 vhall001 csmajs    4096 May 17 21:59 [1;34mf3[0;00m/
drwx------ 2 vhall001 csmajs    4096 May 26 21:04 [1;34mf5[0;00m/
drwx------ 2 vhall001 csmajs    4096 May 17 21:59 [1;34mf6[0;00m/
drwx------ 2 vhall001 csmajs    4096 May 17 21:59 [1;34mf7[0;00m/
drwx------ 2 vhall001 csmajs    4096 May 17 22:03 [1;34mf9[0;00m/
drwx------ 2 vhall001 csmajs    4096 May 17 23:14 [1;34mfe[0;00m/
drwx------ 2 vhall001 csmajs    4096 May 17 21:59 [1;34minfo[0;00m/
drwx------ 2 vhall001 csmajs    4096 May 17 21:59 [1;34mpack[0;00m/

./00:
total 8
drwx------ 2 vhall001 csmajs    4096 May 17 21:59 [1;47;34m.[0;00m/
drwx------ 120 vhall001 csmajs    4096 May 26 23:04 [1;47;34m..[0;00m/
-r-------- 1 vhall001 csmajs      54 May 17 21:59 e4686e7846a8060b53c734c21f6dc0c9f8c4b2

./01:
total 12
drwx------ 2 vhall001 csmajs    4096 May 18 16:29 [1;47;34m.[0;00m/
drwx------ 120 vhall001 csmajs    4096 May 26 23:04 [1;47;34m..[0;00m/
-r-------- 1 vhall001 csmajs     176 May 18 16:29 4561edc69d1623f2fbe4d970a4b335038fe544

./02:
total 12
drwx------ 2 vhall001 csmajs    4096 May 26 21:04 [1;47;34m.[0;00m/
drwx------ 120 vhall001 csmajs    4096 May 26 23:04 [1;47;34m..[0;00m/
-r-------- 1 vhall001 csmajs     194 May 26 21:04 05e2763f57d4b50ba57848fcb9dd97d9da5d1c

./04:
total 12
drwx------ 2 vhall001 csmajs    4096 May 17 21:59 [1;47;34m.[0;00m/
drwx------ 120 vhall001 csmajs    4096 May 26 23:04 [1;47;34m..[0;00m/
-r-------- 1 vhall001 csmajs      54 May 17 21:59 2fc7ffef3acc5c3bf8a79125a79658c3f904cc
-r-------- 1 vhall001 csmajs     177 May 17 21:59 c0204f5aabb2007f3ee86ddcdffda015967021

./05:
total 20
drwx------ 2 vhall001 csmajs    4096 May 26 22:55 [1;47;34m.[0;00m/
drwx------ 120 vhall001 csmajs    4096 May 26 23:04 [1;47;34m..[0;00m/
-r-------- 1 vhall001 csmajs    4316 May 26 22:55 64a8a487e2f9b493abc8453c558011999b3948
-r-------- 1 vhall001 csmajs     182 May 18 16:29 be84da74cc4dd9e7171e6778f409ff68fdeec6

./09:
total 12
drwx------ 2 vhall001 csmajs    4096 May 17 21:59 [1;47;34m.[0;00m/
drwx------ 120 vhall001 csmajs    4096 May 26 23:04 [1;47;34m..[0;00m/
-r-------- 1 vhall001 csmajs    1666 May 17 21:59 16ce03d4ff95fec01314ef37543b0644073928

./0a:
total 12
drwx------ 2 vhall001 csmajs    4096 May 17 22:21 [1;47;34m.[0;00m/
drwx------ 120 vhall001 csmajs    4096 May 26 23:04 [1;47;34m..[0;00m/
-r-------- 1 vhall001 csmajs     176 May 17 22:21 17176d6577d2b1345e4bf70ee4bd53933eb25d

./10:
total 12
drwx------ 2 vhall001 csmajs    4096 May 17 21:59 [1;47;34m.[0;00m/
drwx------ 120 vhall001 csmajs    4096 May 26 23:04 [1;47;34m..[0;00m/
-r-------- 1 vhall001 csmajs     148 May 17 21:59 6f7a26ca2a024efb6f8c7fa5fc5d0e0f2a7df0

./12:
total 12
drwx------ 2 vhall001 csmajs    4096 May 17 21:59 [1;47;34m.[0;00m/
drwx------ 120 vhall001 csmajs    4096 May 26 23:04 [1;47;34m..[0;00m/
-r-------- 1 vhall001 csmajs     177 May 17 21:59 a9b143a753a68a7f407be3a67d728b5acc54ec

./15:
total 12
drwx------ 2 vhall001 csmajs    4096 May 18 16:44 [1;47;34m.[0;00m/
drwx------ 120 vhall001 csmajs    4096 May 26 23:04 [1;47;34m..[0;00m/
-r-------- 1 vhall001 csmajs     174 May 18 16:44 2187f8f7d6b882542db91dddb4f7498d186094

./18:
total 12
drwx------ 2 vhall001 csmajs    4096 May 17 23:20 [1;47;34m.[0;00m/
drwx------ 120 vhall001 csmajs    4096 May 26 23:04 [1;47;34m..[0;00m/
-r-------- 1 vhall001 csmajs     176 May 17 23:20 518a14dee32f4aae3f87e2840a8683ac82ed7d

./1d:
total 12
drwx------ 2 vhall001 csmajs    4096 May 17 21:59 [1;47;34m.[0;00m/
drwx------ 120 vhall001 csmajs    4096 May 26 23:04 [1;47;34m..[0;00m/
-r-------- 1 vhall001 csmajs     180 May 17 21:59 c5b82057d0df13c406cc2481535fb62eacdb9d

./1e:
total 12
drwx------ 2 vhall001 csmajs    4096 May 17 22:21 [1;47;34m.[0;00m/
drwx------ 120 vhall001 csmajs    4096 May 26 23:04 [1;47;34m..[0;00m/
do_ypcall: clnt_call: RPC: Unable to send; errno = Operation not permitted
-r-------- 1 vhall001 csmajs     171 May 17 22:21 258b81f4ab5898c47263c459438cda673c1ca6
-r-------- 1 vhall001 csmajs      54 May 17 21:59 4f707632b8dafdb49b0ff57f3e6261be7b8ce5

./21:
total 12
drwx------ 2 vhall001 csmajs    4096 May 17 21:59 [1;47;34m.[0;00m/
drwx------ 120 vhall001 csmajs    4096 May 26 23:04 [1;47;34m..[0;00m/
-r-------- 1 vhall001 csmajs     148 May 17 21:59 231a0b8fdbc88708ed69c7ac434d701cd3504f

./22:
total 12
drwx------ 2 vhall001 csmajs    4096 May 17 23:15 [1;47;34m.[0;00m/
drwx------ 120 vhall001 csmajs    4096 May 26 23:04 [1;47;34m..[0;00m/
-r-------- 1 vhall001 csmajs      88 May 17 23:15 89dbfb301096804f826f299a4299896d98557b

./24:
total 12
drwx------ 2 vhall001 csmajs    4096 May 26 21:04 [1;47;34m.[0;00m/
drwx------ 120 vhall001 csmajs    4096 May 26 23:04 [1;47;34m..[0;00m/
-r-------- 1 vhall001 csmajs     191 May 26 21:04 90b6a969f2f2c38f3ce44e7bf6297afaa5e3d8

./28:
total 12
drwx------ 2 vhall001 csmajs    4096 May 17 21:59 [1;47;34m.[0;00m/
drwx------ 120 vhall001 csmajs    4096 May 26 23:04 [1;47;34m..[0;00m/
-r-------- 1 vhall001 csmajs    1273 May 17 21:59 1d171ed5f15c6666a6c95f180e3dcda318aeae

./29:
total 24
drwx------ 2 vhall001 csmajs    4096 May 17 23:20 [1;47;34m.[0;00m/
drwx------ 120 vhall001 csmajs    4096 May 26 23:04 [1;47;34m..[0;00m/
-r-------- 1 vhall001 csmajs     178 May 17 22:01 0ba06ca74b64a247828bfb07eae6393ca2d5d3
-r-------- 1 vhall001 csmajs     157 May 17 21:59 26d429bf34d904b279af8ce74bdf5c160d2b26
-r-------- 1 vhall001 csmajs     168 May 17 23:20 896c129cf540914fd9b6ba4884243e907adf4e
-r-------- 1 vhall001 csmajs     177 May 17 21:59 fc379e307a65674f4160a4bd1e67639852d7f7

./2a:
total 16
drwx------ 2 vhall001 csmajs    4096 May 18 16:40 [1;47;34m.[0;00m/
drwx------ 120 vhall001 csmajs    4096 May 26 23:04 [1;47;34m..[0;00m/
-r-------- 1 vhall001 csmajs     166 May 18 16:40 10cd42cb15978bfbf71daa34cd9c79995e2294
-r-------- 1 vhall001 csmajs     185 May 17 21:59 f7f15ed4a6b2354d13cdacd70046bb02489f77

./2e:
total 12
drwx------ 2 vhall001 csmajs    4096 May 18 16:40 [1;47;34m.[0;00m/
do_ypcall: clnt_call: RPC: Unable to send; errno = Operation not permitted
drwx------ 120 vhall001 csmajs    4096 May 26 23:04 [1;47;34m..[0;00m/
-r-------- 1 vhall001 csmajs     171 May 18 16:40 d6a7cdf8b5d34f6dcbe0200f6516006e54c78e

./30:
total 16
drwx------ 2 vhall001 csmajs    4096 May 17 21:59 [1;47;34m.[0;00m/
drwx------ 120 vhall001 csmajs    4096 May 26 23:04 [1;47;34m..[0;00m/
do_ypcall: clnt_call: RPC: Unable to send; errno = Operation not permitted
-r-------- 1 vhall001 csmajs     176 May 17 21:59 25c8644338e276742f7f16687ce31114954edb
-r-------- 1 vhall001 csmajs     835 May 17 21:59 7a019873d20abd7787ab2e7d04b5d405331fa7

./33:
total 12
drwx------ 2 vhall001 csmajs    4096 May 17 21:59 [1;47;34m.[0;00m/
drwx------ 120 vhall001 csmajs    4096 May 26 23:04 [1;47;34m..[0;00m/
-r-------- 1 vhall001 csmajs     177 May 17 21:59 662d10f3c76ed8097853068d7ba5c25a8e4820

./37:
total 12
drwx------ 2 vhall001 csmajs    4096 May 17 21:59 [1;47;34m.[0;00m/
drwx------ 120 vhall001 csmajs    4096 May 26 23:04 [1;47;34m..[0;00m/
-r-------- 1 vhall001 csmajs     378 May 17 21:59 fbd1d63726028c8a22c6d04dc6b498c2328468

./3a:
total 12
drwx------ 2 vhall001 csmajs    4096 May 17 21:59 [1;47;34m.[0;00m/
drwx------ 120 vhall001 csmajs    4096 May 26 23:04 [1;47;34m..[0;00m/
-r-------- 1 vhall001 csmajs     172 May 17 21:59 4ec65061ccb3babcebf4643091bf5e7017c3c8

./3b:
total 16
drwx------ 2 vhall001 csmajs    4096 May 26 23:04 [1;47;34m.[0;00m/
do_ypcall: clnt_call: RPC: Unable to send; errno = Operation not permitted
drwx------ 120 vhall001 csmajs    4096 May 26 23:04 [1;47;34m..[0;00m/
-r-------- 1 vhall001 csmajs     177 May 26 23:04 daa49671c47678c83e8c8158f230c6223819b1
-r-------- 1 vhall001 csmajs     147 May 17 21:59 ec4fdd5a6faade9ed3221d3485f71b9e84441c

./3d:
total 12
drwx------ 2 vhall001 csmajs    4096 May 18 15:49 [1;47;34m.[0;00m/
drwx------ 120 vhall001 csmajs    4096 May 26 23:04 [1;47;34m..[0;00m/
-r-------- 1 vhall001 csmajs     176 May 18 15:49 c0140b0593f3620271cfdd3b7ca0603b609782

./3e:
total 12
drwx------ 2 vhall001 csmajs    4096 May 17 21:59 [1;47;34m.[0;00m/
drwx------ 120 vhall001 csmajs    4096 May 26 23:04 [1;47;34m..[0;00m/
-r-------- 1 vhall001 csmajs     187 May 17 21:59 324fdcbea9e33a11a8e2dbc509a0fcdc557c02

./3f:
total 16
drwx------ 2 vhall001 csmajs    4096 May 17 23:15 [1;47;34m.[0;00m/
drwx------ 120 vhall001 csmajs    4096 May 26 23:04 [1;47;34m..[0;00m/
-r-------- 1 vhall001 csmajs     177 May 17 21:59 9caa01370d2725de8e4ffd288c231541e2cb57
-r-------- 1 vhall001 csmajs     176 May 17 23:15 b34db656a4138f0ebbba1d7f95c4b801e8cd8a

./42:
total 12
drwx------ 2 vhall001 csmajs    4096 May 17 21:59 [1;47;34m.[0;00m/
drwx------ 120 vhall001 csmajs    4096 May 26 23:04 [1;47;34m..[0;00m/
-r-------- 1 vhall001 csmajs     117 May 17 21:59 e4010c249082509a25a6a6a4039704b44864e3

./44:
total 12
drwx------ 2 vhall001 csmajs    4096 May 17 23:15 [1;47;34m.[0;00m/
do_ypcall: clnt_call: RPC: Unable to send; errno = Operation not permitted
drwx------ 120 vhall001 csmajs    4096 May 26 23:04 [1;47;34m..[0;00m/
-r-------- 1 vhall001 csmajs     137 May 17 23:15 934efccb2e212946f0712f9445ac46af7403b3

./47:
total 8
drwx------ 2 vhall001 csmajs    4096 May 17 21:59 [1;47;34m.[0;00m/
drwx------ 120 vhall001 csmajs    4096 May 26 23:04 [1;47;34m..[0;00m/
-r-------- 1 vhall001 csmajs      54 May 17 21:59 d9955f036f077afaa27dee05888d3b2f040bc4

./4c:
total 12
drwx------ 2 vhall001 csmajs    4096 May 18 15:48 [1;47;34m.[0;00m/
drwx------ 120 vhall001 csmajs    4096 May 26 23:04 [1;47;34m..[0;00m/
-r-------- 1 vhall001 csmajs     682 May 18 15:48 3dd38f5079afb45a27e48dfe7b6a6ec278fe50

./4f:
total 12
drwx------ 2 vhall001 csmajs    4096 May 17 23:15 [1;47;34m.[0;00m/
drwx------ 120 vhall001 csmajs    4096 May 26 23:04 [1;47;34m..[0;00m/
-r-------- 1 vhall001 csmajs     175 May 17 23:15 0a23c05c1d415a418a5b736d35441040e5cbc0

./50:
total 12
drwx------ 2 vhall001 csmajs    4096 May 18 16:40 [1;47;34m.[0;00m/
drwx------ 120 vhall001 csmajs    4096 May 26 23:04 [1;47;34m..[0;00m/
-r-------- 1 vhall001 csmajs     399 May 18 16:40 2d2ba96689c494e04a810639b5dcc6b4ae3f8f

./51:
total 12
drwx------ 2 vhall001 csmajs    4096 May 17 21:59 [1;47;34m.[0;00m/
drwx------ 120 vhall001 csmajs    4096 May 26 23:04 [1;47;34m..[0;00m/
-r-------- 1 vhall001 csmajs    1648 May 17 21:59 d2602f66d53bc18b60ab6c0822218c1e5171d8

./52:
total 16
drwx------ 2 vhall001 csmajs    4096 May 17 23:14 [1;47;34m.[0;00m/
drwx------ 120 vhall001 csmajs    4096 May 26 23:04 [1;47;34m..[0;00m/
-r-------- 1 vhall001 csmajs    1971 May 17 23:14 d624df9a93b6390fcb55c4baafae3572b20e96
-r-------- 1 vhall001 csmajs    1632 May 17 21:59 fcc8a69b94edf2257c0a0157dee1d1bd468dd8

./53:
total 12
drwx------ 2 vhall001 csmajs    4096 May 17 21:59 [1;47;34m.[0;00m/
drwx------ 120 vhall001 csmajs    4096 May 26 23:04 [1;47;34m..[0;00m/
-r-------- 1 vhall001 csmajs     171 May 17 21:59 b8075dcdcf4e3d017b29035b9d2cb4638b306c

./54:
total 8
drwx------ 2 vhall001 csmajs    4096 May 17 21:59 [1;47;34m.[0;00m/
drwx------ 120 vhall001 csmajs    4096 May 26 23:04 [1;47;34m..[0;00m/
-r-------- 1 vhall001 csmajs      54 May 17 21:59 a40aedb8d658b01f62d056c06ea38c4f08c508

./55:
total 12
do_ypcall: clnt_call: RPC: Unable to send; errno = Operation not permitted
drwx------ 2 vhall001 csmajs    4096 May 17 21:59 [1;47;34m.[0;00m/
drwx------ 120 vhall001 csmajs    4096 May 26 23:04 [1;47;34m..[0;00m/
-r-------- 1 vhall001 csmajs     132 May 17 21:59 724983b9e44d48ceff84c43d19973dcbf84ab4

./58:
total 12
drwx------ 2 vhall001 csmajs    4096 May 26 21:04 [1;47;34m.[0;00m/
drwx------ 120 vhall001 csmajs    4096 May 26 23:04 [1;47;34m..[0;00m/
-r-------- 1 vhall001 csmajs     155 May 26 21:04 2571771c4b35f908e144e0f943e72bf7dd3840

./5a:
total 12
drwx------ 2 vhall001 csmajs    4096 May 26 21:04 [1;47;34m.[0;00m/
drwx------ 120 vhall001 csmajs    4096 May 26 23:04 [1;47;34m..[0;00m/
-r-------- 1 vhall001 csmajs     177 May 26 21:04 075607ceb21d7c1fe2ad9c038f17ab713d6bf8

./5f:
total 12
drwx------ 2 vhall001 csmajs    4096 May 17 21:59 [1;47;34m.[0;00m/
drwx------ 120 vhall001 csmajs    4096 May 26 23:04 [1;47;34m..[0;00m/
-r-------- 1 vhall001 csmajs     177 May 17 21:59 872c58566302284f8278959dd141c2fb77d225

./62:
total 12
drwx------ 2 vhall001 csmajs    4096 May 18 16:44 [1;47;34m.[0;00m/
drwx------ 120 vhall001 csmajs    4096 May 26 23:04 [1;47;34m..[0;00m/
-r-------- 1 vhall001 csmajs     167 May 18 16:44 798071a0e28d67e4e72ce683b39bebf3aedb35

./66:
total 12
drwx------ 2 vhall001 csmajs    4096 May 17 21:59 [1;47;34m.[0;00m/
drwx------ 120 vhall001 csmajs    4096 May 26 23:04 [1;47;34m..[0;00m/
-r-------- 1 vhall001 csmajs     104 May 17 21:59 76d09aa00769c9ce05c04bcaff496a476cad7c

./67:
total 16
drwx------ 2 vhall001 csmajs    4096 May 18 16:29 [1;47;34m.[0;00m/
drwx------ 120 vhall001 csmajs    4096 May 26 23:04 [1;47;34m..[0;00m/
-r-------- 1 vhall001 csmajs     664 May 18 16:29 082a0d1fde470fa335f6751a63924fb4ea7125
-r-------- 1 vhall001 csmajs     389 May 18 16:29 db043ee9a5f1d9586dbe842dadb946cbcaf593

./6a:
total 12
drwx------ 2 vhall001 csmajs    4096 May 17 23:20 [1;47;34m.[0;00m/
drwx------ 120 vhall001 csmajs    4096 May 26 23:04 [1;47;34m..[0;00m/
-r-------- 1 vhall001 csmajs     309 May 17 23:20 1a6f90dcb6c92c93b5530c08564738746a43e9

./6c:
total 12
drwx------ 2 vhall001 csmajs    4096 May 17 21:59 [1;47;34m.[0;00m/
drwx------ 120 vhall001 csmajs    4096 May 26 23:04 [1;47;34m..[0;00m/
-r-------- 1 vhall001 csmajs     148 May 17 21:59 b08313680d298a2f25b7e97e1ddb05d76f673c

./6d:
total 12
drwx------ 2 vhall001 csmajs    4096 May 26 21:04 [1;47;34m.[0;00m/
drwx------ 120 vhall001 csmajs    4096 May 26 23:04 [1;47;34m..[0;00m/
-r-------- 1 vhall001 csmajs     177 May 26 21:04 ba4ca753ea9549087bf1da62b4036a40af7232

./70:
total 12
drwx------ 2 vhall001 csmajs    4096 May 26 21:04 [1;47;34m.[0;00m/
drwx------ 120 vhall001 csmajs    4096 May 26 23:04 [1;47;34m..[0;00m/
-r-------- 1 vhall001 csmajs     304 May 26 21:04 a4344c2a01dc22db42fedc1582b64757f15f12

./72:
total 12
drwx------ 2 vhall001 csmajs    4096 May 18 16:44 [1;47;34m.[0;00m/
drwx------ 120 vhall001 csmajs    4096 May 26 23:04 [1;47;34m..[0;00m/
-r-------- 1 vhall001 csmajs    1063 May 18 16:44 f61d1f6d2dc141bf9db5251448aca05ce6cda2

./73:
total 12
drwx------ 2 vhall001 csmajs    4096 May 17 22:03 [1;47;34m.[0;00m/
drwx------ 120 vhall001 csmajs    4096 May 26 23:04 [1;47;34m..[0;00m/
-r-------- 1 vhall001 csmajs     177 May 17 22:03 19d3d5ff89f379a98898f19548472a7220e77a

./75:
total 8
drwx------ 2 vhall001 csmajs    4096 May 17 21:59 [1;47;34m.[0;00m/
drwx------ 120 vhall001 csmajs    4096 May 26 23:04 [1;47;34m..[0;00m/
-r-------- 1 vhall001 csmajs      54 May 17 21:59 4706e0deb188879cd23bea23d160ca71c6ba01

./77:
total 12
drwx------ 2 vhall001 csmajs    4096 May 17 21:59 [1;47;34m.[0;00m/
drwx------ 120 vhall001 csmajs    4096 May 26 23:04 [1;47;34m..[0;00m/
-r-------- 1 vhall001 csmajs     177 May 17 21:59 7695fa847c5f933ef822fc2fa796c7eb4ed9b5

./79:
total 12
drwx------ 2 vhall001 csmajs    4096 May 17 21:59 [1;47;34m.[0;00m/
drwx------ 120 vhall001 csmajs    4096 May 26 23:04 [1;47;34m..[0;00m/
-r-------- 1 vhall001 csmajs      54 May 17 21:59 4400a3b16f0b72e5800a80fe03a517844fb85c
-r-------- 1 vhall001 csmajs     167 May 17 21:59 5db412413958a7436110f166ea2706e5b287e8

./7b:
total 12
drwx------ 2 vhall001 csmajs    4096 May 17 21:59 [1;47;34m.[0;00m/
drwx------ 120 vhall001 csmajs    4096 May 26 23:04 [1;47;34m..[0;00m/
-r-------- 1 vhall001 csmajs     148 May 17 21:59 e674f133cdaceae2c0fa00a6cc6d2b13ca4515

./7d:
total 12
drwx------ 2 vhall001 csmajs    4096 May 17 21:59 [1;47;34m.[0;00m/
drwx------ 120 vhall001 csmajs    4096 May 26 23:04 [1;47;34m..[0;00m/
-r-------- 1 vhall001 csmajs    1674 May 17 21:59 d33a596aff58e9d1922c7c8f56a9242209c273

./7e:
total 12
drwx------ 2 vhall001 csmajs    4096 May 17 21:59 [1;47;34m.[0;00m/
drwx------ 120 vhall001 csmajs    4096 May 26 23:04 [1;47;34m..[0;00m/
-r-------- 1 vhall001 csmajs     132 May 17 21:59 999af13fa28a0de87c4c1875f1f08fa2914871

./7f:
total 12
drwx------ 2 vhall001 csmajs    4096 May 17 22:34 [1;47;34m.[0;00m/
drwx------ 120 vhall001 csmajs    4096 May 26 23:04 [1;47;34m..[0;00m/
-r-------- 1 vhall001 csmajs     177 May 17 22:34 663d072c2c65fbec9ebe90b768d5e4c799ee52

./80:
total 12
drwx------ 2 vhall001 csmajs    4096 May 18 15:49 [1;47;34m.[0;00m/
drwx------ 120 vhall001 csmajs    4096 May 26 23:04 [1;47;34m..[0;00m/
-r-------- 1 vhall001 csmajs     182 May 18 15:49 62aa373b8ce174a8c07b2abdb9309c95ef8bc6

./89:
total 12
drwx------ 2 vhall001 csmajs    4096 May 18 16:29 [1;47;34m.[0;00m/
drwx------ 120 vhall001 csmajs    4096 May 26 23:04 [1;47;34m..[0;00m/
-r-------- 1 vhall001 csmajs     165 May 18 16:29 c53aa3dc10a0d5b7d3105171296992be199436

./8a:
total 16
drwx------ 2 vhall001 csmajs    4096 May 17 21:59 [1;47;34m.[0;00m/
drwx------ 120 vhall001 csmajs    4096 May 26 23:04 [1;47;34m..[0;00m/
-r-------- 1 vhall001 csmajs     248 May 17 21:59 0c736ead13f1adc55e913ecb81a51a00241eee
-r-------- 1 vhall001 csmajs     177 May 17 21:59 ce59d7bd8577c35287af9cf3ae541aabca5952

./8b:
total 8
drwx------ 2 vhall001 csmajs    4096 May 26 21:04 [1;47;34m.[0;00m/
drwx------ 120 vhall001 csmajs    4096 May 26 23:04 [1;47;34m..[0;00m/
-r-------- 1 vhall001 csmajs      16 May 26 21:04 137891791fe96927ad78e64b0aad7bded08bdc

./8e:
total 8
drwx------ 2 vhall001 csmajs    4096 May 17 21:59 [1;47;34m.[0;00m/
drwx------ 120 vhall001 csmajs    4096 May 26 23:04 [1;47;34m..[0;00m/
-r-------- 1 vhall001 csmajs      54 May 17 21:59 81b1c3d7b7bbc8ed0615086359a13797fca5d8

./8f:
total 16
drwx------ 2 vhall001 csmajs    4096 May 17 22:21 [1;47;34m.[0;00m/
drwx------ 120 vhall001 csmajs    4096 May 26 23:04 [1;47;34m..[0;00m/
-r-------- 1 vhall001 csmajs     195 May 17 22:21 0ce684a5341538b9cf3b8c00621394bb760ab4
-r-------- 1 vhall001 csmajs     170 May 17 21:59 f4621898edf4df130384dc6641a925c142f38e

./92:
total 12
drwx------ 2 vhall001 csmajs    4096 May 17 21:59 [1;47;34m.[0;00m/
do_ypcall: clnt_call: RPC: Unable to send; errno = Operation not permitted
drwx------ 120 vhall001 csmajs    4096 May 26 23:04 [1;47;34m..[0;00m/
do_ypcall: clnt_call: RPC: Unable to send; errno = Operation not permitted
-r-------- 1 vhall001 csmajs     124 May 17 21:59 c862808e140a6665d52d4bb2c7c160068e8545

./94:
total 12
drwx------ 2 vhall001 csmajs    4096 May 18 16:44 [1;47;34m.[0;00m/
drwx------ 120 vhall001 csmajs    4096 May 26 23:04 [1;47;34m..[0;00m/
-r-------- 1 vhall001 csmajs     176 May 18 16:44 7b61721a3f4166b8d85bc06373535238bbca5f

./96:
total 12
drwx------ 2 vhall001 csmajs    4096 May 17 21:59 [1;47;34m.[0;00m/
drwx------ 120 vhall001 csmajs    4096 May 26 23:04 [1;47;34m..[0;00m/
-r-------- 1 vhall001 csmajs     178 May 17 21:59 4aa82f750b4793f77280130b49bffb30df875c

./97:
total 12
drwx------ 2 vhall001 csmajs    4096 May 18 16:29 [1;47;34m.[0;00m/
drwx------ 120 vhall001 csmajs    4096 May 26 23:04 [1;47;34m..[0;00m/
-r-------- 1 vhall001 csmajs    4015 May 18 16:29 e050b123a54e7b44755c77cd4095eeec1276ba

./98:
total 12
drwx------ 2 vhall001 csmajs    4096 May 17 21:59 [1;47;34m.[0;00m/
drwx------ 120 vhall001 csmajs    4096 May 26 23:04 [1;47;34m..[0;00m/
-r-------- 1 vhall001 csmajs     183 May 17 21:59 370a3402fbbebed9ae3999bd43f51d70319e91

./99:
total 12
drwx------ 2 vhall001 csmajs    4096 May 18 16:44 [1;47;34m.[0;00m/
do_ypcall: clnt_call: RPC: Unable to send; errno = Operation not permitted
drwx------ 120 vhall001 csmajs    4096 May 26 23:04 [1;47;34m..[0;00m/
-r-------- 1 vhall001 csmajs     176 May 18 16:44 00021ca21e6dc18e86a395b1b9340c88ff67c1

./9a:
total 12
drwx------ 2 vhall001 csmajs    4096 May 17 21:59 [1;47;34m.[0;00m/
drwx------ 120 vhall001 csmajs    4096 May 26 23:04 [1;47;34m..[0;00m/
-r-------- 1 vhall001 csmajs     147 May 17 21:59 4d521bcfc9cd0c9f2cb763cb069bfb89558323

./9c:
total 12
drwx------ 2 vhall001 csmajs    4096 May 17 22:03 [1;47;34m.[0;00m/
drwx------ 120 vhall001 csmajs    4096 May 26 23:04 [1;47;34m..[0;00m/
-r-------- 1 vhall001 csmajs     170 May 17 22:03 fc512c4b07a52f63cbc26c24ebdd0746bbcc7a

./9e:
total 16
drwx------ 2 vhall001 csmajs    4096 May 17 22:33 [1;47;34m.[0;00m/
drwx------ 120 vhall001 csmajs    4096 May 26 23:04 [1;47;34m..[0;00m/
-r-------- 1 vhall001 csmajs      54 May 17 21:59 56c8c77d21c550541d30c3ddfeb1e76f7e10dd
-r-------- 1 vhall001 csmajs     193 May 17 22:33 d1dda6b3a41d137a0afccbed07cde5cd4b30f6
-r-------- 1 vhall001 csmajs     117 May 17 21:59 f0ef3d9a36d522bac392e841f05ecf6982f38e

./a1:
total 12
drwx------ 2 vhall001 csmajs    4096 May 17 21:59 [1;47;34m.[0;00m/
do_ypcall: clnt_call: RPC: Unable to send; errno = Operation not permitted
drwx------ 120 vhall001 csmajs    4096 May 26 23:04 [1;47;34m..[0;00m/
-r-------- 1 vhall001 csmajs     361 May 17 21:59 4258a5c09324342affcafa63c75a35dacab7a2
-r-------- 1 vhall001 csmajs      53 May 17 21:59 4b8e5ded2778b2880114c6804c142f296dcd2b

./a6:
total 8
drwx------ 2 vhall001 csmajs    4096 May 17 21:59 [1;47;34m.[0;00m/
drwx------ 120 vhall001 csmajs    4096 May 26 23:04 [1;47;34m..[0;00m/
-r-------- 1 vhall001 csmajs      56 May 17 21:59 e9e28ce0fdfb3cff1935e7eb5e8bdcab378f86

./a7:
total 16
drwx------ 2 vhall001 csmajs    4096 May 18 16:40 [1;47;34m.[0;00m/
drwx------ 120 vhall001 csmajs    4096 May 26 23:04 [1;47;34m..[0;00m/
-r-------- 1 vhall001 csmajs    3969 May 17 23:14 0d052bd594e8b16c246a9cb061a5f6fdfc4b1e
-r-------- 1 vhall001 csmajs     671 May 18 16:40 caf5432cbf9f0c34348cee432770843ec9439d

./a8:
total 12
drwx------ 2 vhall001 csmajs    4096 May 17 21:59 [1;47;34m.[0;00m/
drwx------ 120 vhall001 csmajs    4096 May 26 23:04 [1;47;34m..[0;00m/
-r-------- 1 vhall001 csmajs      54 May 17 21:59 33a1ac8b3a1d8fdd534b0f6eee50d417385977
-r-------- 1 vhall001 csmajs     118 May 17 21:59 38f2683962b16e385773ba3717711b7a032542

./ab:
total 16
drwx------ 2 vhall001 csmajs    4096 May 17 21:59 [1;47;34m.[0;00m/
drwx------ 120 vhall001 csmajs    4096 May 26 23:04 [1;47;34m..[0;00m/
-r-------- 1 vhall001 csmajs     172 May 17 21:59 1f02698ee1f7ac3bf99051fc06721272274635
-r-------- 1 vhall001 csmajs     175 May 17 21:59 bdda4a4b9116fefb2eb79e8509d005c697f996

./ac:
total 12
drwx------ 2 vhall001 csmajs    4096 May 17 21:59 [1;47;34m.[0;00m/
drwx------ 120 vhall001 csmajs    4096 May 26 23:04 [1;47;34m..[0;00m/
-r-------- 1 vhall001 csmajs     191 May 17 21:59 c91c291d37fe6deeee5b671b0fdd393bbe36d9

./ad:
total 12
drwx------ 2 vhall001 csmajs    4096 May 17 21:59 [1;47;34m.[0;00m/
drwx------ 120 vhall001 csmajs    4096 May 26 23:04 [1;47;34m..[0;00m/
-r-------- 1 vhall001 csmajs     607 May 17 21:59 0be61784fd8a79b92226d6ef7bebb8fa2ef1b3

./b0:
total 16
drwx------ 2 vhall001 csmajs    4096 May 17 21:59 [1;47;34m.[0;00m/
drwx------ 120 vhall001 csmajs    4096 May 26 23:04 [1;47;34m..[0;00m/
-r-------- 1 vhall001 csmajs     147 May 17 21:59 f33b387def62168c2894454ca2688904756ab5
-r-------- 1 vhall001 csmajs     208 May 17 21:59 f7d61f7338f6e6d1c2d4bf20b7792e0647ac96

./b2:
total 12
drwx------ 2 vhall001 csmajs    4096 May 17 21:59 [1;47;34m.[0;00m/
drwx------ 120 vhall001 csmajs    4096 May 26 23:04 [1;47;34m..[0;00m/
-r-------- 1 vhall001 csmajs     176 May 17 21:59 a8043ba9fe2914c2366669bc777d5633e59a0a

./b9:
total 16
drwx------ 2 vhall001 csmajs    4096 May 18 16:29 [1;47;34m.[0;00m/
drwx------ 120 vhall001 csmajs    4096 May 26 23:04 [1;47;34m..[0;00m/
-r-------- 1 vhall001 csmajs    1066 May 18 16:29 00f2afb70e00400fed56817cfc7901dc45d550
-r-------- 1 vhall001 csmajs     148 May 17 21:59 cb49eef64d6d5ac3f06927e1c2d01dc3f0b647

./ba:
total 16
drwx------ 2 vhall001 csmajs    4096 May 17 21:59 [1;47;34m.[0;00m/
drwx------ 120 vhall001 csmajs    4096 May 26 23:04 [1;47;34m..[0;00m/
-r-------- 1 vhall001 csmajs     107 May 17 21:59 45c124cbdc278b063ec880edbc31c6f5ed5262
-r-------- 1 vhall001 csmajs     160 May 17 21:59 df8959067f45d63b6213253cd2b8f233262f52

./bb:
total 12
drwx------ 2 vhall001 csmajs    4096 May 17 21:59 [1;47;34m.[0;00m/
drwx------ 120 vhall001 csmajs    4096 May 26 23:04 [1;47;34m..[0;00m/
-r-------- 1 vhall001 csmajs    1653 May 17 21:59 fce26936c02e47708ce0a5c39ad91979264865

./bf:
total 8
drwx------ 2 vhall001 csmajs    4096 May 17 21:59 [1;47;34m.[0;00m/
drwx------ 120 vhall001 csmajs    4096 May 26 23:04 [1;47;34m..[0;00m/
-r-------- 1 vhall001 csmajs      54 May 17 21:59 55d04cbe41606f08839521b69443bbf44378a5

./c0:
total 12
drwx------ 2 vhall001 csmajs    4096 May 26 23:04 [1;47;34m.[0;00m/
drwx------ 120 vhall001 csmajs    4096 May 26 23:04 [1;47;34m..[0;00m/
-r-------- 1 vhall001 csmajs     170 May 26 23:04 614f814a1cd9fe0d75b195964f2abd18b99651

./c2:
total 12
drwx------ 2 vhall001 csmajs    4096 May 26 21:04 [1;47;34m.[0;00m/
drwx------ 120 vhall001 csmajs    4096 May 26 23:04 [1;47;34m..[0;00m/
-r-------- 1 vhall001 csmajs     157 May 26 21:04 b89a52ee4eade5257600e04bec764824f39668
-r-------- 1 vhall001 csmajs      54 May 17 21:59 f86eac088d14119d6b7b13fc86e204362f51b8

./c3:
total 12
drwx------ 2 vhall001 csmajs    4096 May 17 22:01 [1;47;34m.[0;00m/
drwx------ 120 vhall001 csmajs    4096 May 26 23:04 [1;47;34m..[0;00m/
-r-------- 1 vhall001 csmajs     109 May 17 22:01 3647d41bbc77227bc0387fafaf916c3182b8ab

./c4:
total 16
drwx------ 2 vhall001 csmajs    4096 May 18 15:49 [1;47;34m.[0;00m/
drwx------ 120 vhall001 csmajs    4096 May 26 23:04 [1;47;34m..[0;00m/
-r-------- 1 vhall001 csmajs     168 May 18 15:49 7da919d1a55ecba45755ff3fc698a9122648ae
-r-------- 1 vhall001 csmajs     171 May 17 22:34 874cc7b1859abfc097104937bb3d050931411c

./c5:
total 12
drwx------ 2 vhall001 csmajs    4096 May 17 21:59 [1;47;34m.[0;00m/
drwx------ 120 vhall001 csmajs    4096 May 26 23:04 [1;47;34m..[0;00m/
-r-------- 1 vhall001 csmajs     148 May 17 21:59 358081619fa80eba34edc226ad10ea9710e9ef

./c7:
total 12
drwx------ 2 vhall001 csmajs    4096 May 17 21:59 [1;47;34m.[0;00m/
drwx------ 120 vhall001 csmajs    4096 May 26 23:04 [1;47;34m..[0;00m/
-r-------- 1 vhall001 csmajs     171 May 17 21:59 653599075418184fafe79f922067e81ec4203c

./c8:
total 8
drwx------ 2 vhall001 csmajs    4096 May 17 21:59 [1;47;34m.[0;00m/
drwx------ 120 vhall001 csmajs    4096 May 26 23:04 [1;47;34m..[0;00m/
-r-------- 1 vhall001 csmajs      54 May 17 21:59 8893bfd261b5b661bfbcc32140b9cfb66dab20

./ca:
total 12
drwx------ 2 vhall001 csmajs    4096 May 26 21:04 [1;47;34m.[0;00m/
drwx------ 120 vhall001 csmajs    4096 May 26 23:04 [1;47;34m..[0;00m/
-r-------- 1 vhall001 csmajs     161 May 26 21:04 4f1dffa3d29ee2a73a301aed2b2481b76d0505

./cb:
total 12
drwx------ 2 vhall001 csmajs    4096 May 17 21:59 [1;47;34m.[0;00m/
drwx------ 120 vhall001 csmajs    4096 May 26 23:04 [1;47;34m..[0;00m/
-r-------- 1 vhall001 csmajs     109 May 17 21:59 3d83bd1a1b68eea7c315038b00c5295d05be73

./d3:
total 12
drwx------ 2 vhall001 csmajs    4096 May 17 21:59 [1;47;34m.[0;00m/
drwx------ 120 vhall001 csmajs    4096 May 26 23:04 [1;47;34m..[0;00m/
-r-------- 1 vhall001 csmajs    1004 May 17 21:59 4859355d2632931617ae52b951a64fa412bea0

./d6:
total 16
drwx------ 2 vhall001 csmajs    4096 May 17 21:59 [1;47;34m.[0;00m/
drwx------ 120 vhall001 csmajs    4096 May 26 23:04 [1;47;34m..[0;00m/
-r-------- 1 vhall001 csmajs    7710 May 17 21:59 a93266f748d606b884f9434ff662fe80b9dc21

./d8:
total 16
drwx------ 2 vhall001 csmajs    4096 May 17 21:59 [1;47;34m.[0;00m/
drwx------ 120 vhall001 csmajs    4096 May 26 23:04 [1;47;34m..[0;00m/
-r-------- 1 vhall001 csmajs     381 May 17 21:59 4909bdde047fec685aeee2dba5d57e579f1233
-r-------- 1 vhall001 csmajs     187 May 17 21:59 908e7383fd6d585701fc61bcbfc87fca43fab7

./d9:
total 16
drwx------ 2 vhall001 csmajs    4096 May 26 23:04 [1;47;34m.[0;00m/
drwx------ 120 vhall001 csmajs    4096 May 26 23:04 [1;47;34m..[0;00m/
-r-------- 1 vhall001 csmajs     195 May 26 23:04 2d0f86e223f82cadfa190cd61f9e1835b200ee
-r-------- 1 vhall001 csmajs    3238 May 26 23:03 eab3b9c00de60bfcca211f87fa612595c98942

./db:
total 12
drwx------ 2 vhall001 csmajs    4096 May 18 16:40 [1;47;34m.[0;00m/
drwx------ 120 vhall001 csmajs    4096 May 26 23:04 [1;47;34m..[0;00m/
-r-------- 1 vhall001 csmajs     176 May 18 16:40 264da369e248af57e5850aadd9c88085991dce

./dd:
total 12
drwx------ 2 vhall001 csmajs    4096 May 26 22:54 [1;47;34m.[0;00m/
drwx------ 120 vhall001 csmajs    4096 May 26 23:04 [1;47;34m..[0;00m/
-r-------- 1 vhall001 csmajs    3256 May 26 22:54 258e2be2f6b8931fd6d62307c1aca089a5cb07

./e0:
total 12
drwx------ 2 vhall001 csmajs    4096 May 17 22:01 [1;47;34m.[0;00m/
drwx------ 120 vhall001 csmajs    4096 May 26 23:04 [1;47;34m..[0;00m/
-r-------- 1 vhall001 csmajs    3981 May 17 22:01 04948398175b2f01f53bb0d603ff3460ee0374

./e1:
total 12
drwx------ 2 vhall001 csmajs    4096 May 17 21:59 [1;47;34m.[0;00m/
drwx------ 120 vhall001 csmajs    4096 May 26 23:04 [1;47;34m..[0;00m/
-r-------- 1 vhall001 csmajs     165 May 17 21:59 19d6a5c8cffd6b955c6f7d544b56d6797502d0

./e3:
total 8
drwx------ 2 vhall001 csmajs    4096 May 17 21:59 [1;47;34m.[0;00m/
drwx------ 120 vhall001 csmajs    4096 May 26 23:04 [1;47;34m..[0;00m/
-r-------- 1 vhall001 csmajs      52 May 17 21:59 f24eefa7d934afb31b96c1303718dc8a84d6dc

./e5:
total 12
drwx------ 2 vhall001 csmajs    4096 May 17 21:59 [1;47;34m.[0;00m/
drwx------ 120 vhall001 csmajs    4096 May 26 23:04 [1;47;34m..[0;00m/
-r-------- 1 vhall001 csmajs     367 May 17 21:59 cdb24c183c476f62fd6081110777d258c310f7

./e6:
total 8
do_ypcall: clnt_call: RPC: Unable to send; errno = Operation not permitted
do_ypcall: clnt_call: RPC: Unable to send; errno = Operation not permitted
Getpwuid Error: Success
~/rshell
vhall001@hammer $ bin/ls -a -R -l
.:
total 52
drwx------ 6 vhall001 csmajs    4096 May 26 23:05 [1;47;34m.[0;00m/
do_ypcall: clnt_call: RPC: Unable to send; errno = Operation not permitted
drwx------ 12 vhall001 csmajs    4096 May 26 23:01 [1;47;34m..[0;00m/
drwx------ 8 vhall001 csmajs    4096 May 26 23:04 [1;47;34m.git[0;00m/
drwx------ 2 vhall001 csmajs    4096 May 26 23:06 [1;34mbin[0;00m/
-rw------- 1 vhall001 csmajs   18027 May 17 21:59 LICENSE
-rw------- 1 vhall001 csmajs     672 May 26 21:04 Makefile
-rw------- 1 vhall001 csmajs     457 May 26 21:04 README.md
drwx------ 2 vhall001 csmajs    4096 May 26 23:03 [1;34msrc[0;00m/
drwx------ 2 vhall001 csmajs    4096 May 26 23:05 [1;34mtests[0;00m/

./.git:
total 52
drwx------ 8 vhall001 csmajs    4096 May 26 23:04 [1;47;34m.[0;00m/
drwx------ 6 vhall001 csmajs    4096 May 26 23:05 [1;47;34m..[0;00m/
drwx------ 2 vhall001 csmajs    4096 May 17 21:59 [1;34mbranches[0;00m/
-rw------- 1 vhall001 csmajs      18 May 26 23:04 COMMIT_EDITMSG
-rw------- 1 vhall001 csmajs     259 May 17 21:59 config
-rw------- 1 vhall001 csmajs      73 May 17 21:59 description
do_ypcall: clnt_call: RPC: Unable to send; errno = Operation not permitted
-rw------- 1 vhall001 csmajs     203 May 26 21:04 FETCH_HEAD
-rw------- 1 vhall001 csmajs      23 May 17 23:16 HEAD
drwx------ 2 vhall001 csmajs    4096 May 17 21:59 [1;34mhooks[0;00m/
-rw------- 1 vhall001 csmajs     896 May 26 23:03 index
drwx------ 2 vhall001 csmajs    4096 May 17 21:59 [1;34minfo[0;00m/
drwx------ 3 vhall001 csmajs    4096 May 17 21:59 [1;34mlogs[0;00m/
do_ypcall: clnt_call: RPC: Unable to send; errno = Operation not permitted
drwx------ 120 vhall001 csmajs    4096 May 26 23:04 [1;34mobjects[0;00m/
-rw------- 1 vhall001 csmajs      41 May 26 21:04 ORIG_HEAD
-rw------- 1 vhall001 csmajs     173 May 17 22:08 packed-refs
drwx------ 5 vhall001 csmajs    4096 May 17 21:59 [1;34mrefs[0;00m/

./branches:
total 8
drwx------ 2 vhall001 csmajs    4096 May 17 21:59 [1;47;34m.[0;00m/
drwx------ 8 vhall001 csmajs    4096 May 26 23:04 [1;47;34m..[0;00m/

./hooks:
total 48
drwx------ 2 vhall001 csmajs    4096 May 17 21:59 [1;47;34m.[0;00m/
drwx------ 8 vhall001 csmajs    4096 May 26 23:04 [1;47;34m..[0;00m/
-rwx------ 1 vhall001 csmajs     452 May 17 21:59 [1;32mapplypatch-msg.sample[0;00m
-rwx------ 1 vhall001 csmajs     896 May 17 21:59 [1;32mcommit-msg.sample[0;00m
-rwx------ 1 vhall001 csmajs     189 May 17 21:59 [1;32mpost-update.sample[0;00m
-rwx------ 1 vhall001 csmajs     398 May 17 21:59 [1;32mpre-applypatch.sample[0;00m
-rwx------ 1 vhall001 csmajs    1635 May 17 21:59 [1;32mpre-commit.sample[0;00m
-rwx------ 1 vhall001 csmajs    1348 May 17 21:59 [1;32mpre-push.sample[0;00m
-rwx------ 1 vhall001 csmajs    4951 May 17 21:59 [1;32mpre-rebase.sample[0;00m
-rwx------ 1 vhall001 csmajs    1239 May 17 21:59 [1;32mprepare-commit-msg.sample[0;00m
do_ypcall: clnt_call: RPC: Unable to send; errno = Operation not permitted
-rwx------ 1 vhall001 csmajs    3611 May 17 21:59 [1;32mupdate.sample[0;00m

./info:
total 12
drwx------ 2 vhall001 csmajs    4096 May 17 21:59 [1;47;34m.[0;00m/
drwx------ 8 vhall001 csmajs    4096 May 26 23:04 [1;47;34m..[0;00m/
-rw------- 1 vhall001 csmajs     240 May 17 21:59 exclude

./logs:
total 16
drwx------ 3 vhall001 csmajs    4096 May 17 21:59 [1;47;34m.[0;00m/
drwx------ 8 vhall001 csmajs    4096 May 26 23:04 [1;47;34m..[0;00m/
-rw------- 1 vhall001 csmajs    3453 May 26 23:04 HEAD
drwx------ 4 vhall001 csmajs    4096 May 17 21:59 [1;34mrefs[0;00m/

./refs:
total 16
do_ypcall: clnt_call: RPC: Unable to send; errno = Operation not permitted
drwx------ 4 vhall001 csmajs    4096 May 17 21:59 [1;47;34m.[0;00m/
drwx------ 3 vhall001 csmajs    4096 May 17 21:59 [1;47;34m..[0;00m/
drwx------ 2 vhall001 csmajs    4096 May 17 21:59 [1;34mheads[0;00m/
drwx------ 3 vhall001 csmajs    4096 May 17 21:59 [1;34mremotes[0;00m/

./heads:
total 12
drwx------ 2 vhall001 csmajs    4096 May 17 21:59 [1;47;34m.[0;00m/
drwx------ 4 vhall001 csmajs    4096 May 17 21:59 [1;47;34m..[0;00m/
do_ypcall: clnt_call: RPC: Unable to send; errno = Operation not permitted
-rw------- 1 vhall001 csmajs    2236 May 26 23:04 master

./remotes:
total 12
drwx------ 3 vhall001 csmajs    4096 May 17 21:59 [1;47;34m.[0;00m/
drwx------ 4 vhall001 csmajs    4096 May 17 21:59 [1;47;34m..[0;00m/
drwx------ 2 vhall001 csmajs    4096 May 17 22:01 [1;34morigin[0;00m/

./origin:
total 16
drwx------ 2 vhall001 csmajs    4096 May 17 22:01 [1;47;34m.[0;00m/
drwx------ 3 vhall001 csmajs    4096 May 17 21:59 [1;47;34m..[0;00m/
-rw------- 1 vhall001 csmajs     189 May 17 21:59 HEAD
-rw------- 1 vhall001 csmajs    1260 May 26 21:04 master

./objects:
total 480
drwx------ 120 vhall001 csmajs    4096 May 26 23:04 [1;47;34m.[0;00m/
drwx------ 8 vhall001 csmajs    4096 May 26 23:04 [1;47;34m..[0;00m/
drwx------ 2 vhall001 csmajs    4096 May 17 21:59 [1;34m00[0;00m/
drwx------ 2 vhall001 csmajs    4096 May 18 16:29 [1;34m01[0;00m/
drwx------ 2 vhall001 csmajs    4096 May 26 21:04 [1;34m02[0;00m/
drwx------ 2 vhall001 csmajs    4096 May 17 21:59 [1;34m04[0;00m/
drwx------ 2 vhall001 csmajs    4096 May 26 22:55 [1;34m05[0;00m/
drwx------ 2 vhall001 csmajs    4096 May 17 21:59 [1;34m09[0;00m/
drwx------ 2 vhall001 csmajs    4096 May 17 22:21 [1;34m0a[0;00m/
do_ypcall: clnt_call: RPC: Unable to send; errno = Operation not permitted
drwx------ 2 vhall001 csmajs    4096 May 17 21:59 [1;34m10[0;00m/
drwx------ 2 vhall001 csmajs    4096 May 17 21:59 [1;34m12[0;00m/
drwx------ 2 vhall001 csmajs    4096 May 18 16:44 [1;34m15[0;00m/
drwx------ 2 vhall001 csmajs    4096 May 17 23:20 [1;34m18[0;00m/
drwx------ 2 vhall001 csmajs    4096 May 17 21:59 [1;34m1d[0;00m/
drwx------ 2 vhall001 csmajs    4096 May 17 22:21 [1;34m1e[0;00m/
drwx------ 2 vhall001 csmajs    4096 May 17 21:59 [1;34m21[0;00m/
drwx------ 2 vhall001 csmajs    4096 May 17 23:15 [1;34m22[0;00m/
drwx------ 2 vhall001 csmajs    4096 May 26 21:04 [1;34m24[0;00m/
do_ypcall: clnt_call: RPC: Unable to send; errno = Operation not permitted
drwx------ 2 vhall001 csmajs    4096 May 17 21:59 [1;34m28[0;00m/
drwx------ 2 vhall001 csmajs    4096 May 17 23:20 [1;34m29[0;00m/
drwx------ 2 vhall001 csmajs    4096 May 18 16:40 [1;34m2a[0;00m/
drwx------ 2 vhall001 csmajs    4096 May 18 16:40 [1;34m2e[0;00m/
drwx------ 2 vhall001 csmajs    4096 May 17 21:59 [1;34m30[0;00m/
drwx------ 2 vhall001 csmajs    4096 May 17 21:59 [1;34m33[0;00m/
drwx------ 2 vhall001 csmajs    4096 May 17 21:59 [1;34m37[0;00m/
drwx------ 2 vhall001 csmajs    4096 May 17 21:59 [1;34m3a[0;00m/
drwx------ 2 vhall001 csmajs    4096 May 26 23:04 [1;34m3b[0;00m/
drwx------ 2 vhall001 csmajs    4096 May 18 15:49 [1;34m3d[0;00m/
drwx------ 2 vhall001 csmajs    4096 May 17 21:59 [1;34m3e[0;00m/
drwx------ 2 vhall001 csmajs    4096 May 17 23:15 [1;34m3f[0;00m/
drwx------ 2 vhall001 csmajs    4096 May 17 21:59 [1;34m42[0;00m/
drwx------ 2 vhall001 csmajs    4096 May 17 23:15 [1;34m44[0;00m/
drwx------ 2 vhall001 csmajs    4096 May 17 21:59 [1;34m47[0;00m/
drwx------ 2 vhall001 csmajs    4096 May 18 15:48 [1;34m4c[0;00m/
drwx------ 2 vhall001 csmajs    4096 May 17 23:15 [1;34m4f[0;00m/
do_ypcall: clnt_call: RPC: Unable to send; errno = Operation not permitted
drwx------ 2 vhall001 csmajs    4096 May 18 16:40 [1;34m50[0;00m/
drwx------ 2 vhall001 csmajs    4096 May 17 21:59 [1;34m51[0;00m/
drwx------ 2 vhall001 csmajs    4096 May 17 23:14 [1;34m52[0;00m/
drwx------ 2 vhall001 csmajs    4096 May 17 21:59 [1;34m53[0;00m/
do_ypcall: clnt_call: RPC: Unable to send; errno = Operation not permitted
drwx------ 2 vhall001 csmajs    4096 May 17 21:59 [1;34m54[0;00m/
drwx------ 2 vhall001 csmajs    4096 May 17 21:59 [1;34m55[0;00m/
drwx------ 2 vhall001 csmajs    4096 May 26 21:04 [1;34m58[0;00m/
drwx------ 2 vhall001 csmajs    4096 May 26 21:04 [1;34m5a[0;00m/
drwx------ 2 vhall001 csmajs    4096 May 17 21:59 [1;34m5f[0;00m/
drwx------ 2 vhall001 csmajs    4096 May 18 16:44 [1;34m62[0;00m/
drwx------ 2 vhall001 csmajs    4096 May 17 21:59 [1;34m66[0;00m/
drwx------ 2 vhall001 csmajs    4096 May 18 16:29 [1;34m67[0;00m/
drwx------ 2 vhall001 csmajs    4096 May 17 23:20 [1;34m6a[0;00m/
drwx------ 2 vhall001 csmajs    4096 May 17 21:59 [1;34m6c[0;00m/
drwx------ 2 vhall001 csmajs    4096 May 26 21:04 [1;34m6d[0;00m/
drwx------ 2 vhall001 csmajs    4096 May 26 21:04 [1;34m70[0;00m/
drwx------ 2 vhall001 csmajs    4096 May 18 16:44 [1;34m72[0;00m/
drwx------ 2 vhall001 csmajs    4096 May 17 22:03 [1;34m73[0;00m/
drwx------ 2 vhall001 csmajs    4096 May 17 21:59 [1;34m75[0;00m/
drwx------ 2 vhall001 csmajs    4096 May 17 21:59 [1;34m77[0;00m/
do_ypcall: clnt_call: RPC: Unable to send; errno = Operation not permitted
drwx------ 2 vhall001 csmajs    4096 May 17 21:59 [1;34m79[0;00m/
drwx------ 2 vhall001 csmajs    4096 May 17 21:59 [1;34m7b[0;00m/
drwx------ 2 vhall001 csmajs    4096 May 17 21:59 [1;34m7d[0;00m/
drwx------ 2 vhall001 csmajs    4096 May 17 21:59 [1;34m7e[0;00m/
do_ypcall: clnt_call: RPC: Unable to send; errno = Operation not permitted
drwx------ 2 vhall001 csmajs    4096 May 17 22:34 [1;34m7f[0;00m/
drwx------ 2 vhall001 csmajs    4096 May 18 15:49 [1;34m80[0;00m/
drwx------ 2 vhall001 csmajs    4096 May 18 16:29 [1;34m89[0;00m/
drwx------ 2 vhall001 csmajs    4096 May 17 21:59 [1;34m8a[0;00m/
do_ypcall: clnt_call: RPC: Unable to send; errno = Operation not permitted
drwx------ 2 vhall001 csmajs    4096 May 26 21:04 [1;34m8b[0;00m/
drwx------ 2 vhall001 csmajs    4096 May 17 21:59 [1;34m8e[0;00m/
drwx------ 2 vhall001 csmajs    4096 May 17 22:21 [1;34m8f[0;00m/
drwx------ 2 vhall001 csmajs    4096 May 17 21:59 [1;34m92[0;00m/
do_ypcall: clnt_call: RPC: Unable to send; errno = Operation not permitted
drwx------ 2 vhall001 csmajs    4096 May 18 16:44 [1;34m94[0;00m/
drwx------ 2 vhall001 csmajs    4096 May 17 21:59 [1;34m96[0;00m/
drwx------ 2 vhall001 csmajs    4096 May 18 16:29 [1;34m97[0;00m/
drwx------ 2 vhall001 csmajs    4096 May 17 21:59 [1;34m98[0;00m/
drwx------ 2 vhall001 csmajs    4096 May 18 16:44 [1;34m99[0;00m/
drwx------ 2 vhall001 csmajs    4096 May 17 21:59 [1;34m9a[0;00m/
drwx------ 2 vhall001 csmajs    4096 May 17 22:03 [1;34m9c[0;00m/
do_ypcall: clnt_call: RPC: Unable to send; errno = Operation not permitted
drwx------ 2 vhall001 csmajs    4096 May 17 22:33 [1;34m9e[0;00m/
drwx------ 2 vhall001 csmajs    4096 May 17 21:59 [1;34ma1[0;00m/
drwx------ 2 vhall001 csmajs    4096 May 17 21:59 [1;34ma6[0;00m/
drwx------ 2 vhall001 csmajs    4096 May 18 16:40 [1;34ma7[0;00m/
drwx------ 2 vhall001 csmajs    4096 May 17 21:59 [1;34ma8[0;00m/
drwx------ 2 vhall001 csmajs    4096 May 17 21:59 [1;34mab[0;00m/
drwx------ 2 vhall001 csmajs    4096 May 17 21:59 [1;34mac[0;00m/
drwx------ 2 vhall001 csmajs    4096 May 17 21:59 [1;34mad[0;00m/
drwx------ 2 vhall001 csmajs    4096 May 17 21:59 [1;34mb0[0;00m/
drwx------ 2 vhall001 csmajs    4096 May 17 21:59 [1;34mb2[0;00m/
drwx------ 2 vhall001 csmajs    4096 May 18 16:29 [1;34mb9[0;00m/
drwx------ 2 vhall001 csmajs    4096 May 17 21:59 [1;34mba[0;00m/
drwx------ 2 vhall001 csmajs    4096 May 17 21:59 [1;34mbb[0;00m/
drwx------ 2 vhall001 csmajs    4096 May 17 21:59 [1;34mbf[0;00m/
drwx------ 2 vhall001 csmajs    4096 May 26 23:04 [1;34mc0[0;00m/
drwx------ 2 vhall001 csmajs    4096 May 26 21:04 [1;34mc2[0;00m/
drwx------ 2 vhall001 csmajs    4096 May 17 22:01 [1;34mc3[0;00m/
drwx------ 2 vhall001 csmajs    4096 May 18 15:49 [1;34mc4[0;00m/
drwx------ 2 vhall001 csmajs    4096 May 17 21:59 [1;34mc5[0;00m/
drwx------ 2 vhall001 csmajs    4096 May 17 21:59 [1;34mc7[0;00m/
drwx------ 2 vhall001 csmajs    4096 May 17 21:59 [1;34mc8[0;00m/
drwx------ 2 vhall001 csmajs    4096 May 26 21:04 [1;34mca[0;00m/
drwx------ 2 vhall001 csmajs    4096 May 17 21:59 [1;34mcb[0;00m/
do_ypcall: clnt_call: RPC: Unable to send; errno = Operation not permitted
drwx------ 2 vhall001 csmajs    4096 May 17 21:59 [1;34md3[0;00m/
drwx------ 2 vhall001 csmajs    4096 May 17 21:59 [1;34md6[0;00m/
drwx------ 2 vhall001 csmajs    4096 May 17 21:59 [1;34md8[0;00m/
drwx------ 2 vhall001 csmajs    4096 May 26 23:04 [1;34md9[0;00m/
drwx------ 2 vhall001 csmajs    4096 May 18 16:40 [1;34mdb[0;00m/
drwx------ 2 vhall001 csmajs    4096 May 26 22:54 [1;34mdd[0;00m/
drwx------ 2 vhall001 csmajs    4096 May 17 22:01 [1;34me0[0;00m/
do_ypcall: clnt_call: RPC: Unable to send; errno = Operation not permitted
drwx------ 2 vhall001 csmajs    4096 May 17 21:59 [1;34me1[0;00m/
drwx------ 2 vhall001 csmajs    4096 May 17 21:59 [1;34me3[0;00m/
drwx------ 2 vhall001 csmajs    4096 May 17 21:59 [1;34me5[0;00m/
drwx------ 2 vhall001 csmajs    4096 May 17 21:59 [1;34me6[0;00m/
drwx------ 2 vhall001 csmajs    4096 May 17 22:03 [1;34meb[0;00m/
drwx------ 2 vhall001 csmajs    4096 May 18 15:48 [1;34mee[0;00m/
drwx------ 2 vhall001 csmajs    4096 May 17 21:59 [1;34mf1[0;00m/
drwx------ 2 vhall001 csmajs    4096 May 17 22:01 [1;34mf2[0;00m/
drwx------ 2 vhall001 csmajs    4096 May 17 21:59 [1;34mf3[0;00m/
drwx------ 2 vhall001 csmajs    4096 May 26 21:04 [1;34mf5[0;00m/
do_ypcall: clnt_call: RPC: Unable to send; errno = Operation not permitted
drwx------ 2 vhall001 csmajs    4096 May 17 21:59 [1;34mf6[0;00m/
do_ypcall: clnt_call: RPC: Unable to send; errno = Operation not permitted
drwx------ 2 vhall001 csmajs    4096 May 17 21:59 [1;34mf7[0;00m/
drwx------ 2 vhall001 csmajs    4096 May 17 22:03 [1;34mf9[0;00m/
drwx------ 2 vhall001 csmajs    4096 May 17 23:14 [1;34mfe[0;00m/
drwx------ 2 vhall001 csmajs    4096 May 17 21:59 [1;34minfo[0;00m/
drwx------ 2 vhall001 csmajs    4096 May 17 21:59 [1;34mpack[0;00m/

./00:
total 8
drwx------ 2 vhall001 csmajs    4096 May 17 21:59 [1;47;34m.[0;00m/
drwx------ 120 vhall001 csmajs    4096 May 26 23:04 [1;47;34m..[0;00m/
-r-------- 1 vhall001 csmajs      54 May 17 21:59 e4686e7846a8060b53c734c21f6dc0c9f8c4b2

./01:
total 12
drwx------ 2 vhall001 csmajs    4096 May 18 16:29 [1;47;34m.[0;00m/
drwx------ 120 vhall001 csmajs    4096 May 26 23:04 [1;47;34m..[0;00m/
-r-------- 1 vhall001 csmajs     176 May 18 16:29 4561edc69d1623f2fbe4d970a4b335038fe544

./02:
total 12
drwx------ 2 vhall001 csmajs    4096 May 26 21:04 [1;47;34m.[0;00m/
drwx------ 120 vhall001 csmajs    4096 May 26 23:04 [1;47;34m..[0;00m/
-r-------- 1 vhall001 csmajs     194 May 26 21:04 05e2763f57d4b50ba57848fcb9dd97d9da5d1c

./04:
total 12
drwx------ 2 vhall001 csmajs    4096 May 17 21:59 [1;47;34m.[0;00m/
drwx------ 120 vhall001 csmajs    4096 May 26 23:04 [1;47;34m..[0;00m/
-r-------- 1 vhall001 csmajs      54 May 17 21:59 2fc7ffef3acc5c3bf8a79125a79658c3f904cc
-r-------- 1 vhall001 csmajs     177 May 17 21:59 c0204f5aabb2007f3ee86ddcdffda015967021

./05:
total 20
drwx------ 2 vhall001 csmajs    4096 May 26 22:55 [1;47;34m.[0;00m/
do_ypcall: clnt_call: RPC: Unable to send; errno = Operation not permitted
do_ypcall: clnt_call: RPC: Unable to send; errno = Operation not permitted
drwx------ 120 vhall001 csmajs    4096 May 26 23:04 [1;47;34m..[0;00m/
-r-------- 1 vhall001 csmajs    4316 May 26 22:55 64a8a487e2f9b493abc8453c558011999b3948
-r-------- 1 vhall001 csmajs     182 May 18 16:29 be84da74cc4dd9e7171e6778f409ff68fdeec6

./09:
total 12
drwx------ 2 vhall001 csmajs    4096 May 17 21:59 [1;47;34m.[0;00m/
drwx------ 120 vhall001 csmajs    4096 May 26 23:04 [1;47;34m..[0;00m/
-r-------- 1 vhall001 csmajs    1666 May 17 21:59 16ce03d4ff95fec01314ef37543b0644073928

./0a:
total 12
drwx------ 2 vhall001 csmajs    4096 May 17 22:21 [1;47;34m.[0;00m/
drwx------ 120 vhall001 csmajs    4096 May 26 23:04 [1;47;34m..[0;00m/
-r-------- 1 vhall001 csmajs     176 May 17 22:21 17176d6577d2b1345e4bf70ee4bd53933eb25d

./10:
total 12
drwx------ 2 vhall001 csmajs    4096 May 17 21:59 [1;47;34m.[0;00m/
drwx------ 120 vhall001 csmajs    4096 May 26 23:04 [1;47;34m..[0;00m/
-r-------- 1 vhall001 csmajs     148 May 17 21:59 6f7a26ca2a024efb6f8c7fa5fc5d0e0f2a7df0

./12:
total 12
drwx------ 2 vhall001 csmajs    4096 May 17 21:59 [1;47;34m.[0;00m/
drwx------ 120 vhall001 csmajs    4096 May 26 23:04 [1;47;34m..[0;00m/
-r-------- 1 vhall001 csmajs     177 May 17 21:59 a9b143a753a68a7f407be3a67d728b5acc54ec

./15:
total 12
drwx------ 2 vhall001 csmajs    4096 May 18 16:44 [1;47;34m.[0;00m/
drwx------ 120 vhall001 csmajs    4096 May 26 23:04 [1;47;34m..[0;00m/
-r-------- 1 vhall001 csmajs     174 May 18 16:44 2187f8f7d6b882542db91dddb4f7498d186094

./18:
total 12
do_ypcall: clnt_call: RPC: Unable to send; errno = Operation not permitted
drwx------ 2 vhall001 csmajs    4096 May 17 23:20 [1;47;34m.[0;00m/
drwx------ 120 vhall001 csmajs    4096 May 26 23:04 [1;47;34m..[0;00m/
-r-------- 1 vhall001 csmajs     176 May 17 23:20 518a14dee32f4aae3f87e2840a8683ac82ed7d

./1d:
total 12
drwx------ 2 vhall001 csmajs    4096 May 17 21:59 [1;47;34m.[0;00m/
drwx------ 120 vhall001 csmajs    4096 May 26 23:04 [1;47;34m..[0;00m/
-r-------- 1 vhall001 csmajs     180 May 17 21:59 c5b82057d0df13c406cc2481535fb62eacdb9d

./1e:
total 12
drwx------ 2 vhall001 csmajs    4096 May 17 22:21 [1;47;34m.[0;00m/
drwx------ 120 vhall001 csmajs    4096 May 26 23:04 [1;47;34m..[0;00m/
-r-------- 1 vhall001 csmajs     171 May 17 22:21 258b81f4ab5898c47263c459438cda673c1ca6
-r-------- 1 vhall001 csmajs      54 May 17 21:59 4f707632b8dafdb49b0ff57f3e6261be7b8ce5

./21:
total 12
drwx------ 2 vhall001 csmajs    4096 May 17 21:59 [1;47;34m.[0;00m/
drwx------ 120 vhall001 csmajs    4096 May 26 23:04 [1;47;34m..[0;00m/
-r-------- 1 vhall001 csmajs     148 May 17 21:59 231a0b8fdbc88708ed69c7ac434d701cd3504f

./22:
total 12
drwx------ 2 vhall001 csmajs    4096 May 17 23:15 [1;47;34m.[0;00m/
drwx------ 120 vhall001 csmajs    4096 May 26 23:04 [1;47;34m..[0;00m/
-r-------- 1 vhall001 csmajs      88 May 17 23:15 89dbfb301096804f826f299a4299896d98557b

./24:
total 12
drwx------ 2 vhall001 csmajs    4096 May 26 21:04 [1;47;34m.[0;00m/
drwx------ 120 vhall001 csmajs    4096 May 26 23:04 [1;47;34m..[0;00m/
-r-------- 1 vhall001 csmajs     191 May 26 21:04 90b6a969f2f2c38f3ce44e7bf6297afaa5e3d8

./28:
total 12
drwx------ 2 vhall001 csmajs    4096 May 17 21:59 [1;47;34m.[0;00m/
drwx------ 120 vhall001 csmajs    4096 May 26 23:04 [1;47;34m..[0;00m/
-r-------- 1 vhall001 csmajs    1273 May 17 21:59 1d171ed5f15c6666a6c95f180e3dcda318aeae

./29:
total 24
drwx------ 2 vhall001 csmajs    4096 May 17 23:20 [1;47;34m.[0;00m/
drwx------ 120 vhall001 csmajs    4096 May 26 23:04 [1;47;34m..[0;00m/
-r-------- 1 vhall001 csmajs     178 May 17 22:01 0ba06ca74b64a247828bfb07eae6393ca2d5d3
-r-------- 1 vhall001 csmajs     157 May 17 21:59 26d429bf34d904b279af8ce74bdf5c160d2b26
-r-------- 1 vhall001 csmajs     168 May 17 23:20 896c129cf540914fd9b6ba4884243e907adf4e
-r-------- 1 vhall001 csmajs     177 May 17 21:59 fc379e307a65674f4160a4bd1e67639852d7f7

./2a:
total 16
drwx------ 2 vhall001 csmajs    4096 May 18 16:40 [1;47;34m.[0;00m/
do_ypcall: clnt_call: RPC: Unable to send; errno = Operation not permitted
drwx------ 120 vhall001 csmajs    4096 May 26 23:04 [1;47;34m..[0;00m/
-r-------- 1 vhall001 csmajs     166 May 18 16:40 10cd42cb15978bfbf71daa34cd9c79995e2294
-r-------- 1 vhall001 csmajs     185 May 17 21:59 f7f15ed4a6b2354d13cdacd70046bb02489f77

./2e:
total 12
drwx------ 2 vhall001 csmajs    4096 May 18 16:40 [1;47;34m.[0;00m/
do_ypcall: clnt_call: RPC: Unable to send; errno = Operation not permitted
drwx------ 120 vhall001 csmajs    4096 May 26 23:04 [1;47;34m..[0;00m/
-r-------- 1 vhall001 csmajs     171 May 18 16:40 d6a7cdf8b5d34f6dcbe0200f6516006e54c78e

./30:
total 16
drwx------ 2 vhall001 csmajs    4096 May 17 21:59 [1;47;34m.[0;00m/
drwx------ 120 vhall001 csmajs    4096 May 26 23:04 [1;47;34m..[0;00m/
do_ypcall: clnt_call: RPC: Unable to send; errno = Operation not permitted
-r-------- 1 vhall001 csmajs     176 May 17 21:59 25c8644338e276742f7f16687ce31114954edb
-r-------- 1 vhall001 csmajs     835 May 17 21:59 7a019873d20abd7787ab2e7d04b5d405331fa7

./33:
total 12
drwx------ 2 vhall001 csmajs    4096 May 17 21:59 [1;47;34m.[0;00m/
drwx------ 120 vhall001 csmajs    4096 May 26 23:04 [1;47;34m..[0;00m/
-r-------- 1 vhall001 csmajs     177 May 17 21:59 662d10f3c76ed8097853068d7ba5c25a8e4820

./37:
total 12
drwx------ 2 vhall001 csmajs    4096 May 17 21:59 [1;47;34m.[0;00m/
drwx------ 120 vhall001 csmajs    4096 May 26 23:04 [1;47;34m..[0;00m/
-r-------- 1 vhall001 csmajs     378 May 17 21:59 fbd1d63726028c8a22c6d04dc6b498c2328468

./3a:
total 12
drwx------ 2 vhall001 csmajs    4096 May 17 21:59 [1;47;34m.[0;00m/
drwx------ 120 vhall001 csmajs    4096 May 26 23:04 [1;47;34m..[0;00m/
-r-------- 1 vhall001 csmajs     172 May 17 21:59 4ec65061ccb3babcebf4643091bf5e7017c3c8

./3b:
total 16
drwx------ 2 vhall001 csmajs    4096 May 26 23:04 [1;47;34m.[0;00m/
drwx------ 120 vhall001 csmajs    4096 May 26 23:04 [1;47;34m..[0;00m/
-r-------- 1 vhall001 csmajs     177 May 26 23:04 daa49671c47678c83e8c8158f230c6223819b1
-r-------- 1 vhall001 csmajs     147 May 17 21:59 ec4fdd5a6faade9ed3221d3485f71b9e84441c

./3d:
total 12
drwx------ 2 vhall001 csmajs    4096 May 18 15:49 [1;47;34m.[0;00m/
drwx------ 120 vhall001 csmajs    4096 May 26 23:04 [1;47;34m..[0;00m/
-r-------- 1 vhall001 csmajs     176 May 18 15:49 c0140b0593f3620271cfdd3b7ca0603b609782

./3e:
total 12
do_ypcall: clnt_call: RPC: Unable to send; errno = Operation not permitted
drwx------ 2 vhall001 csmajs    4096 May 17 21:59 [1;47;34m.[0;00m/
drwx------ 120 vhall001 csmajs    4096 May 26 23:04 [1;47;34m..[0;00m/
-r-------- 1 vhall001 csmajs     187 May 17 21:59 324fdcbea9e33a11a8e2dbc509a0fcdc557c02

./3f:
total 16
drwx------ 2 vhall001 csmajs    4096 May 17 23:15 [1;47;34m.[0;00m/
drwx------ 120 vhall001 csmajs    4096 May 26 23:04 [1;47;34m..[0;00m/
-r-------- 1 vhall001 csmajs     177 May 17 21:59 9caa01370d2725de8e4ffd288c231541e2cb57
-r-------- 1 vhall001 csmajs     176 May 17 23:15 b34db656a4138f0ebbba1d7f95c4b801e8cd8a

./42:
total 12
drwx------ 2 vhall001 csmajs    4096 May 17 21:59 [1;47;34m.[0;00m/
do_ypcall: clnt_call: RPC: Unable to send; errno = Operation not permitted
drwx------ 120 vhall001 csmajs    4096 May 26 23:04 [1;47;34m..[0;00m/
-r-------- 1 vhall001 csmajs     117 May 17 21:59 e4010c249082509a25a6a6a4039704b44864e3

./44:
total 12
drwx------ 2 vhall001 csmajs    4096 May 17 23:15 [1;47;34m.[0;00m/
drwx------ 120 vhall001 csmajs    4096 May 26 23:04 [1;47;34m..[0;00m/
-r-------- 1 vhall001 csmajs     137 May 17 23:15 934efccb2e212946f0712f9445ac46af7403b3

./47:
total 8
do_ypcall: clnt_call: RPC: Unable to send; errno = Operation not permitted
drwx------ 2 vhall001 csmajs    4096 May 17 21:59 [1;47;34m.[0;00m/
drwx------ 120 vhall001 csmajs    4096 May 26 23:04 [1;47;34m..[0;00m/
-r-------- 1 vhall001 csmajs      54 May 17 21:59 d9955f036f077afaa27dee05888d3b2f040bc4

./4c:
total 12
drwx------ 2 vhall001 csmajs    4096 May 18 15:48 [1;47;34m.[0;00m/
drwx------ 120 vhall001 csmajs    4096 May 26 23:04 [1;47;34m..[0;00m/
-r-------- 1 vhall001 csmajs     682 May 18 15:48 3dd38f5079afb45a27e48dfe7b6a6ec278fe50

./4f:
total 12
drwx------ 2 vhall001 csmajs    4096 May 17 23:15 [1;47;34m.[0;00m/
drwx------ 120 vhall001 csmajs    4096 May 26 23:04 [1;47;34m..[0;00m/
-r-------- 1 vhall001 csmajs     175 May 17 23:15 0a23c05c1d415a418a5b736d35441040e5cbc0

./50:
total 12
drwx------ 2 vhall001 csmajs    4096 May 18 16:40 [1;47;34m.[0;00m/
drwx------ 120 vhall001 csmajs    4096 May 26 23:04 [1;47;34m..[0;00m/
-r-------- 1 vhall001 csmajs     399 May 18 16:40 2d2ba96689c494e04a810639b5dcc6b4ae3f8f

./51:
total 12
drwx------ 2 vhall001 csmajs    4096 May 17 21:59 [1;47;34m.[0;00m/
drwx------ 120 vhall001 csmajs    4096 May 26 23:04 [1;47;34m..[0;00m/
-r-------- 1 vhall001 csmajs    1648 May 17 21:59 d2602f66d53bc18b60ab6c0822218c1e5171d8

./52:
total 16
drwx------ 2 vhall001 csmajs    4096 May 17 23:14 [1;47;34m.[0;00m/
drwx------ 120 vhall001 csmajs    4096 May 26 23:04 [1;47;34m..[0;00m/
-r-------- 1 vhall001 csmajs    1971 May 17 23:14 d624df9a93b6390fcb55c4baafae3572b20e96
-r-------- 1 vhall001 csmajs    1632 May 17 21:59 fcc8a69b94edf2257c0a0157dee1d1bd468dd8

./53:
total 12
drwx------ 2 vhall001 csmajs    4096 May 17 21:59 [1;47;34m.[0;00m/
drwx------ 120 vhall001 csmajs    4096 May 26 23:04 [1;47;34m..[0;00m/
do_ypcall: clnt_call: RPC: Unable to send; errno = Operation not permitted
-r-------- 1 vhall001 csmajs     171 May 17 21:59 b8075dcdcf4e3d017b29035b9d2cb4638b306c

./54:
total 8
drwx------ 2 vhall001 csmajs    4096 May 17 21:59 [1;47;34m.[0;00m/
drwx------ 120 vhall001 csmajs    4096 May 26 23:04 [1;47;34m..[0;00m/
-r-------- 1 vhall001 csmajs      54 May 17 21:59 a40aedb8d658b01f62d056c06ea38c4f08c508

./55:
total 12
do_ypcall: clnt_call: RPC: Unable to send; errno = Operation not permitted
drwx------ 2 vhall001 csmajs    4096 May 17 21:59 [1;47;34m.[0;00m/
drwx------ 120 vhall001 csmajs    4096 May 26 23:04 [1;47;34m..[0;00m/
-r-------- 1 vhall001 csmajs     132 May 17 21:59 724983b9e44d48ceff84c43d19973dcbf84ab4

./58:
total 12
drwx------ 2 vhall001 csmajs    4096 May 26 21:04 [1;47;34m.[0;00m/
drwx------ 120 vhall001 csmajs    4096 May 26 23:04 [1;47;34m..[0;00m/
-r-------- 1 vhall001 csmajs     155 May 26 21:04 2571771c4b35f908e144e0f943e72bf7dd3840

./5a:
total 12
drwx------ 2 vhall001 csmajs    4096 May 26 21:04 [1;47;34m.[0;00m/
drwx------ 120 vhall001 csmajs    4096 May 26 23:04 [1;47;34m..[0;00m/
-r-------- 1 vhall001 csmajs     177 May 26 21:04 075607ceb21d7c1fe2ad9c038f17ab713d6bf8

./5f:
total 12
drwx------ 2 vhall001 csmajs    4096 May 17 21:59 [1;47;34m.[0;00m/
drwx------ 120 vhall001 csmajs    4096 May 26 23:04 [1;47;34m..[0;00m/
-r-------- 1 vhall001 csmajs     177 May 17 21:59 872c58566302284f8278959dd141c2fb77d225

./62:
total 12
drwx------ 2 vhall001 csmajs    4096 May 18 16:44 [1;47;34m.[0;00m/
drwx------ 120 vhall001 csmajs    4096 May 26 23:04 [1;47;34m..[0;00m/
-r-------- 1 vhall001 csmajs     167 May 18 16:44 798071a0e28d67e4e72ce683b39bebf3aedb35

./66:
total 12
drwx------ 2 vhall001 csmajs    4096 May 17 21:59 [1;47;34m.[0;00m/
drwx------ 120 vhall001 csmajs    4096 May 26 23:04 [1;47;34m..[0;00m/
-r-------- 1 vhall001 csmajs     104 May 17 21:59 76d09aa00769c9ce05c04bcaff496a476cad7c

./67:
total 16
drwx------ 2 vhall001 csmajs    4096 May 18 16:29 [1;47;34m.[0;00m/
do_ypcall: clnt_call: RPC: Unable to send; errno = Operation not permitted
drwx------ 120 vhall001 csmajs    4096 May 26 23:04 [1;47;34m..[0;00m/
-r-------- 1 vhall001 csmajs     664 May 18 16:29 082a0d1fde470fa335f6751a63924fb4ea7125
-r-------- 1 vhall001 csmajs     389 May 18 16:29 db043ee9a5f1d9586dbe842dadb946cbcaf593

./6a:
total 12
drwx------ 2 vhall001 csmajs    4096 May 17 23:20 [1;47;34m.[0;00m/
drwx------ 120 vhall001 csmajs    4096 May 26 23:04 [1;47;34m..[0;00m/
-r-------- 1 vhall001 csmajs     309 May 17 23:20 1a6f90dcb6c92c93b5530c08564738746a43e9

./6c:
total 12
drwx------ 2 vhall001 csmajs    4096 May 17 21:59 [1;47;34m.[0;00m/
drwx------ 120 vhall001 csmajs    4096 May 26 23:04 [1;47;34m..[0;00m/
-r-------- 1 vhall001 csmajs     148 May 17 21:59 b08313680d298a2f25b7e97e1ddb05d76f673c

./6d:
total 12
drwx------ 2 vhall001 csmajs    4096 May 26 21:04 [1;47;34m.[0;00m/
do_ypcall: clnt_call: RPC: Unable to send; errno = Operation not permitted
drwx------ 120 vhall001 csmajs    4096 May 26 23:04 [1;47;34m..[0;00m/
-r-------- 1 vhall001 csmajs     177 May 26 21:04 ba4ca753ea9549087bf1da62b4036a40af7232

./70:
total 12
drwx------ 2 vhall001 csmajs    4096 May 26 21:04 [1;47;34m.[0;00m/
drwx------ 120 vhall001 csmajs    4096 May 26 23:04 [1;47;34m..[0;00m/
-r-------- 1 vhall001 csmajs     304 May 26 21:04 a4344c2a01dc22db42fedc1582b64757f15f12

./72:
total 12
drwx------ 2 vhall001 csmajs    4096 May 18 16:44 [1;47;34m.[0;00m/
drwx------ 120 vhall001 csmajs    4096 May 26 23:04 [1;47;34m..[0;00m/
-r-------- 1 vhall001 csmajs    1063 May 18 16:44 f61d1f6d2dc141bf9db5251448aca05ce6cda2

./73:
total 12
drwx------ 2 vhall001 csmajs    4096 May 17 22:03 [1;47;34m.[0;00m/
drwx------ 120 vhall001 csmajs    4096 May 26 23:04 [1;47;34m..[0;00m/
-r-------- 1 vhall001 csmajs     177 May 17 22:03 19d3d5ff89f379a98898f19548472a7220e77a

./75:
total 8
drwx------ 2 vhall001 csmajs    4096 May 17 21:59 [1;47;34m.[0;00m/
drwx------ 120 vhall001 csmajs    4096 May 26 23:04 [1;47;34m..[0;00m/
-r-------- 1 vhall001 csmajs      54 May 17 21:59 4706e0deb188879cd23bea23d160ca71c6ba01

./77:
total 12
drwx------ 2 vhall001 csmajs    4096 May 17 21:59 [1;47;34m.[0;00m/
drwx------ 120 vhall001 csmajs    4096 May 26 23:04 [1;47;34m..[0;00m/
-r-------- 1 vhall001 csmajs     177 May 17 21:59 7695fa847c5f933ef822fc2fa796c7eb4ed9b5

./79:
total 12
do_ypcall: clnt_call: RPC: Unable to send; errno = Operation not permitted
do_ypcall: clnt_call: RPC: Unable to send; errno = Operation not permitted
Getpwuid Error: Success
~/rshell
vhall001@hammer $ bin/ls -l R
Can't open directory: No such file or directory
~/rshell
vhall001@hammer $ bin/ls -l R[K[K[KR l
l:
Can't open directory: No such file or directory
~/rshell
vhall001@hammer $ bin/ls -R l[K[Kl
.:
total 40
drwx------ 2 vhall001 csmajs    4096 May 26 23:06 [1;34mbin[0;00m/
-rw------- 1 vhall001 csmajs   18027 May 17 21:59 LICENSE
-rw------- 1 vhall001 csmajs     672 May 26 21:04 Makefile
-rw------- 1 vhall001 csmajs     457 May 26 21:04 README.md
drwx------ 2 vhall001 csmajs    4096 May 26 23:03 [1;34msrc[0;00m/
drwx------ 2 vhall001 csmajs    4096 May 26 23:05 [1;34mtests[0;00m/

./bin:
total 268
-rwx------ 1 vhall001 csmajs   16275 May 26 23:06 [1;32mcp[0;00m
-rwx------ 1 vhall001 csmajs   81256 May 26 23:05 [1;32mls[0;00m
-rwx------ 1 vhall001 csmajs    9993 May 26 23:06 [1;32mmv[0;00m
-rwx------ 1 vhall001 csmajs   10233 May 26 23:06 [1;32mrm[0;00m
-rwx------ 1 vhall001 csmajs  139841 May 26 23:05 [1;32mrshell[0;00m

./src:
total 56
-rw------- 1 vhall001 csmajs    2977 May 18 16:43 cp.cpp
-rw------- 1 vhall001 csmajs   17073 May 26 23:03 ls.cpp
-rw------- 1 vhall001 csmajs     909 May 18 16:34 mv.cpp
-rw------- 1 vhall001 csmajs    1495 May 18 16:39 rm.cpp
do_ypcall: clnt_call: RPC: Unable to send; errno = Operation not permitted
-rw------- 1 vhall001 csmajs   16826 May 26 22:36 shell.cpp
-rw------- 1 vhall001 csmajs    2291 May 18 15:48 Timer.h

./tests:
total 172
-rw------- 1 vhall001 csmajs       0 May 17 21:59 exec.script
-rw------- 1 vhall001 csmajs  163840 May 26 23:10 ls.script
-rw------- 1 vhall001 csmajs    7792 May 17 23:16 piping.script
~/rshell
vhall001@hammer $ bin [K/ls -d
[1;34mbin[0;00m/  LICENSE  Makefile  README.md  [1;34msrc[0;00m/  [1;34mtests[0;00m/  
~/rshell
vhall001@hammer $ #just pring[Kt ls with unsupported flag
~/rshell
vhall001@hammer $ bin [K/ls -l -l -;[Kl -l -l -l
total 40
drwx------ 2 vhall001 csmajs    4096 May 26 23:06 [1;34mbin[0;00m/
-rw------- 1 vhall001 csmajs   18027 May 17 21:59 LICENSE
-rw------- 1 vhall001 csmajs     672 May 26 21:04 Makefile
-rw------- 1 vhall001 csmajs     457 May 26 21:04 README.md
drwx------ 2 vhall001 csmajs    4096 May 26 23:03 [1;34msrc[0;00m/
drwx------ 2 vhall001 csmajs    4096 May 26 23:05 [1;34mtests[0;00m/
~/rshell
vhall001@hammer $ #flags only count[K[K[K[K[K[K[K[K[K[K[K[K[K[K[K[Keach flag only counted once
~/rshell
vhall001@hammer $ bin/ls -lllllllllllllllllllllllllllllllll
total 40
drwx------ 2 vhall001 csmajs    4096 May 26 23:06 [1;34mbin[0;00m/
-rw------- 1 vhall001 csmajs   18027 May 17 21:59 LICENSE
-rw------- 1 vhall001 csmajs     672 May 26 21:04 Makefile
-rw------- 1 vhall001 csmajs     457 May 26 21:04 README.md
drwx------ 2 vhall001 csmajs    4096 May 26 23:03 [1;34msrc[0;00m/
drwx------ 2 vhall001 csmajs    4096 May 26 23:05 [1;34mtests[0;00m/
~/rshell
vhall001@hammer $ bin/ls -akldjlkseff
total 52
drwx------ 6 vhall001 csmajs    4096 May 26 23:05 [1;47;34m.[0;00m/
drwx------ 12 vhall001 csmajs    4096 May 26 23:01 [1;47;34m..[0;00m/
drwx------ 8 vhall001 csmajs    4096 May 26 23:04 [1;47;34m.git[0;00m/
drwx------ 2 vhall001 csmajs    4096 May 26 23:06 [1;34mbin[0;00m/
-rw------- 1 vhall001 csmajs   18027 May 17 21:59 LICENSE
-rw------- 1 vhall001 csmajs     672 May 26 21:04 Makefile
-rw------- 1 vhall001 csmajs     457 May 26 21:04 README.md
drwx------ 2 vhall001 csmajs    4096 May 26 23:03 [1;34msrc[0;00m/
drwx------ 2 vhall001 csmajs    4096 May 26 23:05 [1;34mtests[0;00m/
~/rshell
vhall001@hammer $ #undk[K[Kknown flags o[Kabove in[Kgnored, known ones ec[Kxecuted
~/rshell
vhall001@hammer $ ls                    [K[K[K[K[K[K[K[K[K[K[K[K[K[K[K[K[K[K[K[K[K[Kbin/ls                         -a
[1;47;34m.[0;00m/  [1;47;34m..[0;00m/  [1;47;34m.git[0;00m/  [1;34mbin[0;00m/  LICENSE  Makefile  README.md  [1;34msrc[0;00m/  [1;34mtests[0;00m/  
~/rshell
vhall001@hammer $ #spacin[K[Kes ok
~/rshell
vhall001@hammer $ bin/ls              -l                          -a                               -R
.:
total 52
drwx------ 6 vhall001 csmajs    4096 May 26 23:05 [1;47;34m.[0;00m/
drwx------ 12 vhall001 csmajs    4096 May 26 23:01 [1;47;34m..[0;00m/
drwx------ 8 vhall001 csmajs    4096 May 26 23:04 [1;47;34m.git[0;00m/
drwx------ 2 vhall001 csmajs    4096 May 26 23:06 [1;34mbin[0;00m/
-rw------- 1 vhall001 csmajs   18027 May 17 21:59 LICENSE
-rw------- 1 vhall001 csmajs     672 May 26 21:04 Makefile
-rw------- 1 vhall001 csmajs     457 May 26 21:04 README.md
drwx------ 2 vhall001 csmajs    4096 May 26 23:03 [1;34msrc[0;00m/
drwx------ 2 vhall001 csmajs    4096 May 26 23:05 [1;34mtests[0;00m/

./.git:
total 52
drwx------ 8 vhall001 csmajs    4096 May 26 23:04 [1;47;34m.[0;00m/
drwx------ 6 vhall001 csmajs    4096 May 26 23:05 [1;47;34m..[0;00m/
drwx------ 2 vhall001 csmajs    4096 May 17 21:59 [1;34mbranches[0;00m/
-rw------- 1 vhall001 csmajs      18 May 26 23:04 COMMIT_EDITMSG
-rw------- 1 vhall001 csmajs     259 May 17 21:59 config
-rw------- 1 vhall001 csmajs      73 May 17 21:59 description
-rw------- 1 vhall001 csmajs     203 May 26 21:04 FETCH_HEAD
-rw------- 1 vhall001 csmajs      23 May 17 23:16 HEAD
drwx------ 2 vhall001 csmajs    4096 May 17 21:59 [1;34mhooks[0;00m/
-rw------- 1 vhall001 csmajs     896 May 26 23:03 index
drwx------ 2 vhall001 csmajs    4096 May 17 21:59 [1;34minfo[0;00m/
drwx------ 3 vhall001 csmajs    4096 May 17 21:59 [1;34mlogs[0;00m/
drwx------ 120 vhall001 csmajs    4096 May 26 23:04 [1;34mobjects[0;00m/
-rw------- 1 vhall001 csmajs      41 May 26 21:04 ORIG_HEAD
-rw------- 1 vhall001 csmajs     173 May 17 22:08 packed-refs
drwx------ 5 vhall001 csmajs    4096 May 17 21:59 [1;34mrefs[0;00m/

./branches:
total 8
drwx------ 2 vhall001 csmajs    4096 May 17 21:59 [1;47;34m.[0;00m/
drwx------ 8 vhall001 csmajs    4096 May 26 23:04 [1;47;34m..[0;00m/

./hooks:
total 48
drwx------ 2 vhall001 csmajs    4096 May 17 21:59 [1;47;34m.[0;00m/
drwx------ 8 vhall001 csmajs    4096 May 26 23:04 [1;47;34m..[0;00m/
-rwx------ 1 vhall001 csmajs     452 May 17 21:59 [1;32mapplypatch-msg.sample[0;00m
-rwx------ 1 vhall001 csmajs     896 May 17 21:59 [1;32mcommit-msg.sample[0;00m
-rwx------ 1 vhall001 csmajs     189 May 17 21:59 [1;32mpost-update.sample[0;00m
-rwx------ 1 vhall001 csmajs     398 May 17 21:59 [1;32mpre-applypatch.sample[0;00m
-rwx------ 1 vhall001 csmajs    1635 May 17 21:59 [1;32mpre-commit.sample[0;00m
-rwx------ 1 vhall001 csmajs    1348 May 17 21:59 [1;32mpre-push.sample[0;00m
-rwx------ 1 vhall001 csmajs    4951 May 17 21:59 [1;32mpre-rebase.sample[0;00m
-rwx------ 1 vhall001 csmajs    1239 May 17 21:59 [1;32mprepare-commit-msg.sample[0;00m
-rwx------ 1 vhall001 csmajs    3611 May 17 21:59 [1;32mupdate.sample[0;00m

./info:
total 12
drwx------ 2 vhall001 csmajs    4096 May 17 21:59 [1;47;34m.[0;00m/
drwx------ 8 vhall001 csmajs    4096 May 26 23:04 [1;47;34m..[0;00m/
-rw------- 1 vhall001 csmajs     240 May 17 21:59 exclude

./logs:
total 16
drwx------ 3 vhall001 csmajs    4096 May 17 21:59 [1;47;34m.[0;00m/
drwx------ 8 vhall001 csmajs    4096 May 26 23:04 [1;47;34m..[0;00m/
-rw------- 1 vhall001 csmajs    3453 May 26 23:04 HEAD
drwx------ 4 vhall001 csmajs    4096 May 17 21:59 [1;34mrefs[0;00m/

./refs:
total 16
drwx------ 4 vhall001 csmajs    4096 May 17 21:59 [1;47;34m.[0;00m/
drwx------ 3 vhall001 csmajs    4096 May 17 21:59 [1;47;34m..[0;00m/
drwx------ 2 vhall001 csmajs    4096 May 17 21:59 [1;34mheads[0;00m/
drwx------ 3 vhall001 csmajs    4096 May 17 21:59 [1;34mremotes[0;00m/

./heads:
total 12
drwx------ 2 vhall001 csmajs    4096 May 17 21:59 [1;47;34m.[0;00m/
drwx------ 4 vhall001 csmajs    4096 May 17 21:59 [1;47;34m..[0;00m/
-rw------- 1 vhall001 csmajs    2236 May 26 23:04 master

./remotes:
total 12
drwx------ 3 vhall001 csmajs    4096 May 17 21:59 [1;47;34m.[0;00m/
drwx------ 4 vhall001 csmajs    4096 May 17 21:59 [1;47;34m..[0;00m/
drwx------ 2 vhall001 csmajs    4096 May 17 22:01 [1;34morigin[0;00m/

./origin:
total 16
drwx------ 2 vhall001 csmajs    4096 May 17 22:01 [1;47;34m.[0;00m/
drwx------ 3 vhall001 csmajs    4096 May 17 21:59 [1;47;34m..[0;00m/
-rw------- 1 vhall001 csmajs     189 May 17 21:59 HEAD
-rw------- 1 vhall001 csmajs    1260 May 26 21:04 master

./objects:
total 480
drwx------ 120 vhall001 csmajs    4096 May 26 23:04 [1;47;34m.[0;00m/
drwx------ 8 vhall001 csmajs    4096 May 26 23:04 [1;47;34m..[0;00m/
drwx------ 2 vhall001 csmajs    4096 May 17 21:59 [1;34m00[0;00m/
drwx------ 2 vhall001 csmajs    4096 May 18 16:29 [1;34m01[0;00m/
drwx------ 2 vhall001 csmajs    4096 May 26 21:04 [1;34m02[0;00m/
drwx------ 2 vhall001 csmajs    4096 May 17 21:59 [1;34m04[0;00m/
drwx------ 2 vhall001 csmajs    4096 May 26 22:55 [1;34m05[0;00m/
drwx------ 2 vhall001 csmajs    4096 May 17 21:59 [1;34m09[0;00m/
drwx------ 2 vhall001 csmajs    4096 May 17 22:21 [1;34m0a[0;00m/
do_ypcall: clnt_call: RPC: Unable to send; errno = Operation not permitted
drwx------ 2 vhall001 csmajs    4096 May 17 21:59 [1;34m10[0;00m/
drwx------ 2 vhall001 csmajs    4096 May 17 21:59 [1;34m12[0;00m/
drwx------ 2 vhall001 csmajs    4096 May 18 16:44 [1;34m15[0;00m/
drwx------ 2 vhall001 csmajs    4096 May 17 23:20 [1;34m18[0;00m/
drwx------ 2 vhall001 csmajs    4096 May 17 21:59 [1;34m1d[0;00m/
drwx------ 2 vhall001 csmajs    4096 May 17 22:21 [1;34m1e[0;00m/
drwx------ 2 vhall001 csmajs    4096 May 17 21:59 [1;34m21[0;00m/
drwx------ 2 vhall001 csmajs    4096 May 17 23:15 [1;34m22[0;00m/
drwx------ 2 vhall001 csmajs    4096 May 26 21:04 [1;34m24[0;00m/
drwx------ 2 vhall001 csmajs    4096 May 17 21:59 [1;34m28[0;00m/
drwx------ 2 vhall001 csmajs    4096 May 17 23:20 [1;34m29[0;00m/
drwx------ 2 vhall001 csmajs    4096 May 18 16:40 [1;34m2a[0;00m/
drwx------ 2 vhall001 csmajs    4096 May 18 16:40 [1;34m2e[0;00m/
drwx------ 2 vhall001 csmajs    4096 May 17 21:59 [1;34m30[0;00m/
drwx------ 2 vhall001 csmajs    4096 May 17 21:59 [1;34m33[0;00m/
drwx------ 2 vhall001 csmajs    4096 May 17 21:59 [1;34m37[0;00m/
drwx------ 2 vhall001 csmajs    4096 May 17 21:59 [1;34m3a[0;00m/
drwx------ 2 vhall001 csmajs    4096 May 26 23:04 [1;34m3b[0;00m/
drwx------ 2 vhall001 csmajs    4096 May 18 15:49 [1;34m3d[0;00m/
drwx------ 2 vhall001 csmajs    4096 May 17 21:59 [1;34m3e[0;00m/
drwx------ 2 vhall001 csmajs    4096 May 17 23:15 [1;34m3f[0;00m/
drwx------ 2 vhall001 csmajs    4096 May 17 21:59 [1;34m42[0;00m/
drwx------ 2 vhall001 csmajs    4096 May 17 23:15 [1;34m44[0;00m/
drwx------ 2 vhall001 csmajs    4096 May 17 21:59 [1;34m47[0;00m/
drwx------ 2 vhall001 csmajs    4096 May 18 15:48 [1;34m4c[0;00m/
drwx------ 2 vhall001 csmajs    4096 May 17 23:15 [1;34m4f[0;00m/
drwx------ 2 vhall001 csmajs    4096 May 18 16:40 [1;34m50[0;00m/
drwx------ 2 vhall001 csmajs    4096 May 17 21:59 [1;34m51[0;00m/
drwx------ 2 vhall001 csmajs    4096 May 17 23:14 [1;34m52[0;00m/
drwx------ 2 vhall001 csmajs    4096 May 17 21:59 [1;34m53[0;00m/
drwx------ 2 vhall001 csmajs    4096 May 17 21:59 [1;34m54[0;00m/
drwx------ 2 vhall001 csmajs    4096 May 17 21:59 [1;34m55[0;00m/
drwx------ 2 vhall001 csmajs    4096 May 26 21:04 [1;34m58[0;00m/
drwx------ 2 vhall001 csmajs    4096 May 26 21:04 [1;34m5a[0;00m/
drwx------ 2 vhall001 csmajs    4096 May 17 21:59 [1;34m5f[0;00m/
drwx------ 2 vhall001 csmajs    4096 May 18 16:44 [1;34m62[0;00m/
drwx------ 2 vhall001 csmajs    4096 May 17 21:59 [1;34m66[0;00m/
drwx------ 2 vhall001 csmajs    4096 May 18 16:29 [1;34m67[0;00m/
drwx------ 2 vhall001 csmajs    4096 May 17 23:20 [1;34m6a[0;00m/
drwx------ 2 vhall001 csmajs    4096 May 17 21:59 [1;34m6c[0;00m/
drwx------ 2 vhall001 csmajs    4096 May 26 21:04 [1;34m6d[0;00m/
drwx------ 2 vhall001 csmajs    4096 May 26 21:04 [1;34m70[0;00m/
drwx------ 2 vhall001 csmajs    4096 May 18 16:44 [1;34m72[0;00m/
drwx------ 2 vhall001 csmajs    4096 May 17 22:03 [1;34m73[0;00m/
drwx------ 2 vhall001 csmajs    4096 May 17 21:59 [1;34m75[0;00m/
drwx------ 2 vhall001 csmajs    4096 May 17 21:59 [1;34m77[0;00m/
drwx------ 2 vhall001 csmajs    4096 May 17 21:59 [1;34m79[0;00m/
drwx------ 2 vhall001 csmajs    4096 May 17 21:59 [1;34m7b[0;00m/
drwx------ 2 vhall001 csmajs    4096 May 17 21:59 [1;34m7d[0;00m/
drwx------ 2 vhall001 csmajs    4096 May 17 21:59 [1;34m7e[0;00m/
drwx------ 2 vhall001 csmajs    4096 May 17 22:34 [1;34m7f[0;00m/
drwx------ 2 vhall001 csmajs    4096 May 18 15:49 [1;34m80[0;00m/
drwx------ 2 vhall001 csmajs    4096 May 18 16:29 [1;34m89[0;00m/
drwx------ 2 vhall001 csmajs    4096 May 17 21:59 [1;34m8a[0;00m/
drwx------ 2 vhall001 csmajs    4096 May 26 21:04 [1;34m8b[0;00m/
drwx------ 2 vhall001 csmajs    4096 May 17 21:59 [1;34m8e[0;00m/
drwx------ 2 vhall001 csmajs    4096 May 17 22:21 [1;34m8f[0;00m/
drwx------ 2 vhall001 csmajs    4096 May 17 21:59 [1;34m92[0;00m/
drwx------ 2 vhall001 csmajs    4096 May 18 16:44 [1;34m94[0;00m/
drwx------ 2 vhall001 csmajs    4096 May 17 21:59 [1;34m96[0;00m/
drwx------ 2 vhall001 csmajs    4096 May 18 16:29 [1;34m97[0;00m/
drwx------ 2 vhall001 csmajs    4096 May 17 21:59 [1;34m98[0;00m/
drwx------ 2 vhall001 csmajs    4096 May 18 16:44 [1;34m99[0;00m/
drwx------ 2 vhall001 csmajs    4096 May 17 21:59 [1;34m9a[0;00m/
drwx------ 2 vhall001 csmajs    4096 May 17 22:03 [1;34m9c[0;00m/
drwx------ 2 vhall001 csmajs    4096 May 17 22:33 [1;34m9e[0;00m/
drwx------ 2 vhall001 csmajs    4096 May 17 21:59 [1;34ma1[0;00m/
drwx------ 2 vhall001 csmajs    4096 May 17 21:59 [1;34ma6[0;00m/
do_ypcall: clnt_call: RPC: Unable to send; errno = Operation not permitted
drwx------ 2 vhall001 csmajs    4096 May 18 16:40 [1;34ma7[0;00m/
drwx------ 2 vhall001 csmajs    4096 May 17 21:59 [1;34ma8[0;00m/
drwx------ 2 vhall001 csmajs    4096 May 17 21:59 [1;34mab[0;00m/
drwx------ 2 vhall001 csmajs    4096 May 17 21:59 [1;34mac[0;00m/
drwx------ 2 vhall001 csmajs    4096 May 17 21:59 [1;34mad[0;00m/
drwx------ 2 vhall001 csmajs    4096 May 17 21:59 [1;34mb0[0;00m/
drwx------ 2 vhall001 csmajs    4096 May 17 21:59 [1;34mb2[0;00m/
drwx------ 2 vhall001 csmajs    4096 May 18 16:29 [1;34mb9[0;00m/
drwx------ 2 vhall001 csmajs    4096 May 17 21:59 [1;34mba[0;00m/
drwx------ 2 vhall001 csmajs    4096 May 17 21:59 [1;34mbb[0;00m/
drwx------ 2 vhall001 csmajs    4096 May 17 21:59 [1;34mbf[0;00m/
drwx------ 2 vhall001 csmajs    4096 May 26 23:04 [1;34mc0[0;00m/
drwx------ 2 vhall001 csmajs    4096 May 26 21:04 [1;34mc2[0;00m/
drwx------ 2 vhall001 csmajs    4096 May 17 22:01 [1;34mc3[0;00m/
drwx------ 2 vhall001 csmajs    4096 May 18 15:49 [1;34mc4[0;00m/
drwx------ 2 vhall001 csmajs    4096 May 17 21:59 [1;34mc5[0;00m/
drwx------ 2 vhall001 csmajs    4096 May 17 21:59 [1;34mc7[0;00m/
drwx------ 2 vhall001 csmajs    4096 May 17 21:59 [1;34mc8[0;00m/
drwx------ 2 vhall001 csmajs    4096 May 26 21:04 [1;34mca[0;00m/
drwx------ 2 vhall001 csmajs    4096 May 17 21:59 [1;34mcb[0;00m/
drwx------ 2 vhall001 csmajs    4096 May 17 21:59 [1;34md3[0;00m/
drwx------ 2 vhall001 csmajs    4096 May 17 21:59 [1;34md6[0;00m/
drwx------ 2 vhall001 csmajs    4096 May 17 21:59 [1;34md8[0;00m/
drwx------ 2 vhall001 csmajs    4096 May 26 23:04 [1;34md9[0;00m/
do_ypcall: clnt_call: RPC: Unable to send; errno = Operation not permitted
drwx------ 2 vhall001 csmajs    4096 May 18 16:40 [1;34mdb[0;00m/
drwx------ 2 vhall001 csmajs    4096 May 26 22:54 [1;34mdd[0;00m/
drwx------ 2 vhall001 csmajs    4096 May 17 22:01 [1;34me0[0;00m/
drwx------ 2 vhall001 csmajs    4096 May 17 21:59 [1;34me1[0;00m/
drwx------ 2 vhall001 csmajs    4096 May 17 21:59 [1;34me3[0;00m/
drwx------ 2 vhall001 csmajs    4096 May 17 21:59 [1;34me5[0;00m/
drwx------ 2 vhall001 csmajs    4096 May 17 21:59 [1;34me6[0;00m/
drwx------ 2 vhall001 csmajs    4096 May 17 22:03 [1;34meb[0;00m/
drwx------ 2 vhall001 csmajs    4096 May 18 15:48 [1;34mee[0;00m/
drwx------ 2 vhall001 csmajs    4096 May 17 21:59 [1;34mf1[0;00m/
drwx------ 2 vhall001 csmajs    4096 May 17 22:01 [1;34mf2[0;00m/
drwx------ 2 vhall001 csmajs    4096 May 17 21:59 [1;34mf3[0;00m/
drwx------ 2 vhall001 csmajs    4096 May 26 21:04 [1;34mf5[0;00m/
drwx------ 2 vhall001 csmajs    4096 May 17 21:59 [1;34mf6[0;00m/
drwx------ 2 vhall001 csmajs    4096 May 17 21:59 [1;34mf7[0;00m/
drwx------ 2 vhall001 csmajs    4096 May 17 22:03 [1;34mf9[0;00m/
drwx------ 2 vhall001 csmajs    4096 May 17 23:14 [1;34mfe[0;00m/
drwx------ 2 vhall001 csmajs    4096 May 17 21:59 [1;34minfo[0;00m/
drwx------ 2 vhall001 csmajs    4096 May 17 21:59 [1;34mpack[0;00m/

./00:
total 8
drwx------ 2 vhall001 csmajs    4096 May 17 21:59 [1;47;34m.[0;00m/
drwx------ 120 vhall001 csmajs    4096 May 26 23:04 [1;47;34m..[0;00m/
-r-------- 1 vhall001 csmajs      54 May 17 21:59 e4686e7846a8060b53c734c21f6dc0c9f8c4b2

./01:
total 12
drwx------ 2 vhall001 csmajs    4096 May 18 16:29 [1;47;34m.[0;00m/
drwx------ 120 vhall001 csmajs    4096 May 26 23:04 [1;47;34m..[0;00m/
-r-------- 1 vhall001 csmajs     176 May 18 16:29 4561edc69d1623f2fbe4d970a4b335038fe544

./02:
total 12
drwx------ 2 vhall001 csmajs    4096 May 26 21:04 [1;47;34m.[0;00m/
drwx------ 120 vhall001 csmajs    4096 May 26 23:04 [1;47;34m..[0;00m/
-r-------- 1 vhall001 csmajs     194 May 26 21:04 05e2763f57d4b50ba57848fcb9dd97d9da5d1c

./04:
total 12
drwx------ 2 vhall001 csmajs    4096 May 17 21:59 [1;47;34m.[0;00m/
drwx------ 120 vhall001 csmajs    4096 May 26 23:04 [1;47;34m..[0;00m/
-r-------- 1 vhall001 csmajs      54 May 17 21:59 2fc7ffef3acc5c3bf8a79125a79658c3f904cc
-r-------- 1 vhall001 csmajs     177 May 17 21:59 c0204f5aabb2007f3ee86ddcdffda015967021

./05:
total 20
do_ypcall: clnt_call: RPC: Unable to send; errno = Operation not permitted
drwx------ 2 vhall001 csmajs    4096 May 26 22:55 [1;47;34m.[0;00m/
drwx------ 120 vhall001 csmajs    4096 May 26 23:04 [1;47;34m..[0;00m/
-r-------- 1 vhall001 csmajs    4316 May 26 22:55 64a8a487e2f9b493abc8453c558011999b3948
-r-------- 1 vhall001 csmajs     182 May 18 16:29 be84da74cc4dd9e7171e6778f409ff68fdeec6

./09:
total 12
drwx------ 2 vhall001 csmajs    4096 May 17 21:59 [1;47;34m.[0;00m/
drwx------ 120 vhall001 csmajs    4096 May 26 23:04 [1;47;34m..[0;00m/
-r-------- 1 vhall001 csmajs    1666 May 17 21:59 16ce03d4ff95fec01314ef37543b0644073928

./0a:
total 12
do_ypcall: clnt_call: RPC: Unable to send; errno = Operation not permitted
drwx------ 2 vhall001 csmajs    4096 May 17 22:21 [1;47;34m.[0;00m/
drwx------ 120 vhall001 csmajs    4096 May 26 23:04 [1;47;34m..[0;00m/
-r-------- 1 vhall001 csmajs     176 May 17 22:21 17176d6577d2b1345e4bf70ee4bd53933eb25d

./10:
total 12
drwx------ 2 vhall001 csmajs    4096 May 17 21:59 [1;47;34m.[0;00m/
drwx------ 120 vhall001 csmajs    4096 May 26 23:04 [1;47;34m..[0;00m/
-r-------- 1 vhall001 csmajs     148 May 17 21:59 6f7a26ca2a024efb6f8c7fa5fc5d0e0f2a7df0

./12:
total 12
drwx------ 2 vhall001 csmajs    4096 May 17 21:59 [1;47;34m.[0;00m/
drwx------ 120 vhall001 csmajs    4096 May 26 23:04 [1;47;34m..[0;00m/
-r-------- 1 vhall001 csmajs     177 May 17 21:59 a9b143a753a68a7f407be3a67d728b5acc54ec

./15:
total 12
drwx------ 2 vhall001 csmajs    4096 May 18 16:44 [1;47;34m.[0;00m/
drwx------ 120 vhall001 csmajs    4096 May 26 23:04 [1;47;34m..[0;00m/
-r-------- 1 vhall001 csmajs     174 May 18 16:44 2187f8f7d6b882542db91dddb4f7498d186094

./18:
total 12
drwx------ 2 vhall001 csmajs    4096 May 17 23:20 [1;47;34m.[0;00m/
drwx------ 120 vhall001 csmajs    4096 May 26 23:04 [1;47;34m..[0;00m/
-r-------- 1 vhall001 csmajs     176 May 17 23:20 518a14dee32f4aae3f87e2840a8683ac82ed7d

./1d:
total 12
drwx------ 2 vhall001 csmajs    4096 May 17 21:59 [1;47;34m.[0;00m/
drwx------ 120 vhall001 csmajs    4096 May 26 23:04 [1;47;34m..[0;00m/
-r-------- 1 vhall001 csmajs     180 May 17 21:59 c5b82057d0df13c406cc2481535fb62eacdb9d

./1e:
total 12
drwx------ 2 vhall001 csmajs    4096 May 17 22:21 [1;47;34m.[0;00m/
drwx------ 120 vhall001 csmajs    4096 May 26 23:04 [1;47;34m..[0;00m/
-r-------- 1 vhall001 csmajs     171 May 17 22:21 258b81f4ab5898c47263c459438cda673c1ca6
-r-------- 1 vhall001 csmajs      54 May 17 21:59 4f707632b8dafdb49b0ff57f3e6261be7b8ce5

./21:
total 12
drwx------ 2 vhall001 csmajs    4096 May 17 21:59 [1;47;34m.[0;00m/
drwx------ 120 vhall001 csmajs    4096 May 26 23:04 [1;47;34m..[0;00m/
-r-------- 1 vhall001 csmajs     148 May 17 21:59 231a0b8fdbc88708ed69c7ac434d701cd3504f

./22:
total 12
drwx------ 2 vhall001 csmajs    4096 May 17 23:15 [1;47;34m.[0;00m/
drwx------ 120 vhall001 csmajs    4096 May 26 23:04 [1;47;34m..[0;00m/
-r-------- 1 vhall001 csmajs      88 May 17 23:15 89dbfb301096804f826f299a4299896d98557b

./24:
total 12
drwx------ 2 vhall001 csmajs    4096 May 26 21:04 [1;47;34m.[0;00m/
drwx------ 120 vhall001 csmajs    4096 May 26 23:04 [1;47;34m..[0;00m/
-r-------- 1 vhall001 csmajs     191 May 26 21:04 90b6a969f2f2c38f3ce44e7bf6297afaa5e3d8

./28:
total 12
do_ypcall: clnt_call: RPC: Unable to send; errno = Operation not permitted
drwx------ 2 vhall001 csmajs    4096 May 17 21:59 [1;47;34m.[0;00m/
drwx------ 120 vhall001 csmajs    4096 May 26 23:04 [1;47;34m..[0;00m/
-r-------- 1 vhall001 csmajs    1273 May 17 21:59 1d171ed5f15c6666a6c95f180e3dcda318aeae

./29:
total 24
drwx------ 2 vhall001 csmajs    4096 May 17 23:20 [1;47;34m.[0;00m/
drwx------ 120 vhall001 csmajs    4096 May 26 23:04 [1;47;34m..[0;00m/
do_ypcall: clnt_call: RPC: Unable to send; errno = Operation not permitted
-r-------- 1 vhall001 csmajs     178 May 17 22:01 0ba06ca74b64a247828bfb07eae6393ca2d5d3
-r-------- 1 vhall001 csmajs     157 May 17 21:59 26d429bf34d904b279af8ce74bdf5c160d2b26
-r-------- 1 vhall001 csmajs     168 May 17 23:20 896c129cf540914fd9b6ba4884243e907adf4e
-r-------- 1 vhall001 csmajs     177 May 17 21:59 fc379e307a65674f4160a4bd1e67639852d7f7

./2a:
total 16
drwx------ 2 vhall001 csmajs    4096 May 18 16:40 [1;47;34m.[0;00m/
drwx------ 120 vhall001 csmajs    4096 May 26 23:04 [1;47;34m..[0;00m/
-r-------- 1 vhall001 csmajs     166 May 18 16:40 10cd42cb15978bfbf71daa34cd9c79995e2294
-r-------- 1 vhall001 csmajs     185 May 17 21:59 f7f15ed4a6b2354d13cdacd70046bb02489f77

./2e:
total 12
drwx------ 2 vhall001 csmajs    4096 May 18 16:40 [1;47;34m.[0;00m/
drwx------ 120 vhall001 csmajs    4096 May 26 23:04 [1;47;34m..[0;00m/
-r-------- 1 vhall001 csmajs     171 May 18 16:40 d6a7cdf8b5d34f6dcbe0200f6516006e54c78e

./30:
total 16
drwx------ 2 vhall001 csmajs    4096 May 17 21:59 [1;47;34m.[0;00m/
drwx------ 120 vhall001 csmajs    4096 May 26 23:04 [1;47;34m..[0;00m/
-r-------- 1 vhall001 csmajs     176 May 17 21:59 25c8644338e276742f7f16687ce31114954edb
-r-------- 1 vhall001 csmajs     835 May 17 21:59 7a019873d20abd7787ab2e7d04b5d405331fa7

./33:
total 12
drwx------ 2 vhall001 csmajs    4096 May 17 21:59 [1;47;34m.[0;00m/
drwx------ 120 vhall001 csmajs    4096 May 26 23:04 [1;47;34m..[0;00m/
-r-------- 1 vhall001 csmajs     177 May 17 21:59 662d10f3c76ed8097853068d7ba5c25a8e4820

./37:
total 12
do_ypcall: clnt_call: RPC: Unable to send; errno = Operation not permitted
drwx------ 2 vhall001 csmajs    4096 May 17 21:59 [1;47;34m.[0;00m/
drwx------ 120 vhall001 csmajs    4096 May 26 23:04 [1;47;34m..[0;00m/
-r-------- 1 vhall001 csmajs     378 May 17 21:59 fbd1d63726028c8a22c6d04dc6b498c2328468

./3a:
total 12
drwx------ 2 vhall001 csmajs    4096 May 17 21:59 [1;47;34m.[0;00m/
drwx------ 120 vhall001 csmajs    4096 May 26 23:04 [1;47;34m..[0;00m/
-r-------- 1 vhall001 csmajs     172 May 17 21:59 4ec65061ccb3babcebf4643091bf5e7017c3c8

./3b:
total 16
drwx------ 2 vhall001 csmajs    4096 May 26 23:04 [1;47;34m.[0;00m/
drwx------ 120 vhall001 csmajs    4096 May 26 23:04 [1;47;34m..[0;00m/
-r-------- 1 vhall001 csmajs     177 May 26 23:04 daa49671c47678c83e8c8158f230c6223819b1
-r-------- 1 vhall001 csmajs     147 May 17 21:59 ec4fdd5a6faade9ed3221d3485f71b9e84441c

./3d:
total 12
drwx------ 2 vhall001 csmajs    4096 May 18 15:49 [1;47;34m.[0;00m/
drwx------ 120 vhall001 csmajs    4096 May 26 23:04 [1;47;34m..[0;00m/
-r-------- 1 vhall001 csmajs     176 May 18 15:49 c0140b0593f3620271cfdd3b7ca0603b609782

./3e:
total 12
drwx------ 2 vhall001 csmajs    4096 May 17 21:59 [1;47;34m.[0;00m/
drwx------ 120 vhall001 csmajs    4096 May 26 23:04 [1;47;34m..[0;00m/
-r-------- 1 vhall001 csmajs     187 May 17 21:59 324fdcbea9e33a11a8e2dbc509a0fcdc557c02

./3f:
total 16
do_ypcall: clnt_call: RPC: Unable to send; errno = Operation not permitted
drwx------ 2 vhall001 csmajs    4096 May 17 23:15 [1;47;34m.[0;00m/
drwx------ 120 vhall001 csmajs    4096 May 26 23:04 [1;47;34m..[0;00m/
-r-------- 1 vhall001 csmajs     177 May 17 21:59 9caa01370d2725de8e4ffd288c231541e2cb57
-r-------- 1 vhall001 csmajs     176 May 17 23:15 b34db656a4138f0ebbba1d7f95c4b801e8cd8a

./42:
total 12
drwx------ 2 vhall001 csmajs    4096 May 17 21:59 [1;47;34m.[0;00m/
drwx------ 120 vhall001 csmajs    4096 May 26 23:04 [1;47;34m..[0;00m/
-r-------- 1 vhall001 csmajs     117 May 17 21:59 e4010c249082509a25a6a6a4039704b44864e3

./44:
total 12
drwx------ 2 vhall001 csmajs    4096 May 17 23:15 [1;47;34m.[0;00m/
drwx------ 120 vhall001 csmajs    4096 May 26 23:04 [1;47;34m..[0;00m/
-r-------- 1 vhall001 csmajs     137 May 17 23:15 934efccb2e212946f0712f9445ac46af7403b3

./47:
total 8
drwx------ 2 vhall001 csmajs    4096 May 17 21:59 [1;47;34m.[0;00m/
drwx------ 120 vhall001 csmajs    4096 May 26 23:04 [1;47;34m..[0;00m/
-r-------- 1 vhall001 csmajs      54 May 17 21:59 d9955f036f077afaa27dee05888d3b2f040bc4

./4c:
total 12
drwx------ 2 vhall001 csmajs    4096 May 18 15:48 [1;47;34m.[0;00m/
drwx------ 120 vhall001 csmajs    4096 May 26 23:04 [1;47;34m..[0;00m/
-r-------- 1 vhall001 csmajs     682 May 18 15:48 3dd38f5079afb45a27e48dfe7b6a6ec278fe50

./4f:
total 12
drwx------ 2 vhall001 csmajs    4096 May 17 23:15 [1;47;34m.[0;00m/
drwx------ 120 vhall001 csmajs    4096 May 26 23:04 [1;47;34m..[0;00m/
-r-------- 1 vhall001 csmajs     175 May 17 23:15 0a23c05c1d415a418a5b736d35441040e5cbc0

./50:
total 12
do_ypcall: clnt_call: RPC: Unable to send; errno = Operation not permitted
drwx------ 2 vhall001 csmajs    4096 May 18 16:40 [1;47;34m.[0;00m/
drwx------ 120 vhall001 csmajs    4096 May 26 23:04 [1;47;34m..[0;00m/
-r-------- 1 vhall001 csmajs     399 May 18 16:40 2d2ba96689c494e04a810639b5dcc6b4ae3f8f

./51:
total 12
drwx------ 2 vhall001 csmajs    4096 May 17 21:59 [1;47;34m.[0;00m/
drwx------ 120 vhall001 csmajs    4096 May 26 23:04 [1;47;34m..[0;00m/
-r-------- 1 vhall001 csmajs    1648 May 17 21:59 d2602f66d53bc18b60ab6c0822218c1e5171d8

./52:
total 16
drwx------ 2 vhall001 csmajs    4096 May 17 23:14 [1;47;34m.[0;00m/
drwx------ 120 vhall001 csmajs    4096 May 26 23:04 [1;47;34m..[0;00m/
-r-------- 1 vhall001 csmajs    1971 May 17 23:14 d624df9a93b6390fcb55c4baafae3572b20e96
-r-------- 1 vhall001 csmajs    1632 May 17 21:59 fcc8a69b94edf2257c0a0157dee1d1bd468dd8

./53:
total 12
do_ypcall: clnt_call: RPC: Unable to send; errno = Operation not permitted
drwx------ 2 vhall001 csmajs    4096 May 17 21:59 [1;47;34m.[0;00m/
drwx------ 120 vhall001 csmajs    4096 May 26 23:04 [1;47;34m..[0;00m/
-r-------- 1 vhall001 csmajs     171 May 17 21:59 b8075dcdcf4e3d017b29035b9d2cb4638b306c

./54:
total 8
do_ypcall: clnt_call: RPC: Unable to send; errno = Operation not permitted
drwx------ 2 vhall001 csmajs    4096 May 17 21:59 [1;47;34m.[0;00m/
drwx------ 120 vhall001 csmajs    4096 May 26 23:04 [1;47;34m..[0;00m/
-r-------- 1 vhall001 csmajs      54 May 17 21:59 a40aedb8d658b01f62d056c06ea38c4f08c508

./55:
total 12
drwx------ 2 vhall001 csmajs    4096 May 17 21:59 [1;47;34m.[0;00m/
drwx------ 120 vhall001 csmajs    4096 May 26 23:04 [1;47;34m..[0;00m/
-r-------- 1 vhall001 csmajs     132 May 17 21:59 724983b9e44d48ceff84c43d19973dcbf84ab4

./58:
total 12
drwx------ 2 vhall001 csmajs    4096 May 26 21:04 [1;47;34m.[0;00m/
drwx------ 120 vhall001 csmajs    4096 May 26 23:04 [1;47;34m..[0;00m/
-r-------- 1 vhall001 csmajs     155 May 26 21:04 2571771c4b35f908e144e0f943e72bf7dd3840

./5a:
total 12
drwx------ 2 vhall001 csmajs    4096 May 26 21:04 [1;47;34m.[0;00m/
drwx------ 120 vhall001 csmajs    4096 May 26 23:04 [1;47;34m..[0;00m/
-r-------- 1 vhall001 csmajs     177 May 26 21:04 075607ceb21d7c1fe2ad9c038f17ab713d6bf8

./5f:
total 12
drwx------ 2 vhall001 csmajs    4096 May 17 21:59 [1;47;34m.[0;00m/
drwx------ 120 vhall001 csmajs    4096 May 26 23:04 [1;47;34m..[0;00m/
-r-------- 1 vhall001 csmajs     177 May 17 21:59 872c58566302284f8278959dd141c2fb77d225

./62:
total 12
drwx------ 2 vhall001 csmajs    4096 May 18 16:44 [1;47;34m.[0;00m/
drwx------ 120 vhall001 csmajs    4096 May 26 23:04 [1;47;34m..[0;00m/
-r-------- 1 vhall001 csmajs     167 May 18 16:44 798071a0e28d67e4e72ce683b39bebf3aedb35

./66:
total 12
drwx------ 2 vhall001 csmajs    4096 May 17 21:59 [1;47;34m.[0;00m/
drwx------ 120 vhall001 csmajs    4096 May 26 23:04 [1;47;34m..[0;00m/
-r-------- 1 vhall001 csmajs     104 May 17 21:59 76d09aa00769c9ce05c04bcaff496a476cad7c

./67:
total 16
do_ypcall: clnt_call: RPC: Unable to send; errno = Operation not permitted
drwx------ 2 vhall001 csmajs    4096 May 18 16:29 [1;47;34m.[0;00m/
drwx------ 120 vhall001 csmajs    4096 May 26 23:04 [1;47;34m..[0;00m/
-r-------- 1 vhall001 csmajs     664 May 18 16:29 082a0d1fde470fa335f6751a63924fb4ea7125
-r-------- 1 vhall001 csmajs     389 May 18 16:29 db043ee9a5f1d9586dbe842dadb946cbcaf593

./6a:
total 12
drwx------ 2 vhall001 csmajs    4096 May 17 23:20 [1;47;34m.[0;00m/
drwx------ 120 vhall001 csmajs    4096 May 26 23:04 [1;47;34m..[0;00m/
-r-------- 1 vhall001 csmajs     309 May 17 23:20 1a6f90dcb6c92c93b5530c08564738746a43e9

./6c:
total 12
drwx------ 2 vhall001 csmajs    4096 May 17 21:59 [1;47;34m.[0;00m/
drwx------ 120 vhall001 csmajs    4096 May 26 23:04 [1;47;34m..[0;00m/
-r-------- 1 vhall001 csmajs     148 May 17 21:59 b08313680d298a2f25b7e97e1ddb05d76f673c

./6d:
total 12
drwx------ 2 vhall001 csmajs    4096 May 26 21:04 [1;47;34m.[0;00m/
drwx------ 120 vhall001 csmajs    4096 May 26 23:04 [1;47;34m..[0;00m/
-r-------- 1 vhall001 csmajs     177 May 26 21:04 ba4ca753ea9549087bf1da62b4036a40af7232

./70:
total 12
drwx------ 2 vhall001 csmajs    4096 May 26 21:04 [1;47;34m.[0;00m/
drwx------ 120 vhall001 csmajs    4096 May 26 23:04 [1;47;34m..[0;00m/
-r-------- 1 vhall001 csmajs     304 May 26 21:04 a4344c2a01dc22db42fedc1582b64757f15f12

./72:
total 12
drwx------ 2 vhall001 csmajs    4096 May 18 16:44 [1;47;34m.[0;00m/
drwx------ 120 vhall001 csmajs    4096 May 26 23:04 [1;47;34m..[0;00m/
-r-------- 1 vhall001 csmajs    1063 May 18 16:44 f61d1f6d2dc141bf9db5251448aca05ce6cda2

./73:
total 12
do_ypcall: clnt_call: RPC: Unable to send; errno = Operation not permitted
do_ypcall: clnt_call: RPC: Unable to send; errno = Operation not permitted
Getgrgid Error: Success
~/rshell
vhall001@hammer $ bin/ls sc[Krc
cp.cpp  ls.cpp  mv.cpp  rm.cpp  shell.cpp  Timer.h  
~/rshell
vhall001@hammer $ bin/ls tests
exec.script  ls.script  piping.script  
~/rshell
vhall001@hammer $ #tas[Kkes a file parameter properly
~/rshell
vhall001@hammer $ bin/ls .
[1;34mbin[0;00m/  LICENSE  Makefile  README.md  [1;34msrc[0;00m/  [1;34mtests[0;00m/  
~/rshell
vhall001@hammer $ bin [K/ls ..
[1;32ma.out[0;00m  checksyscalls.sh  [1;34mcs100[0;00m/  [1;34mcs111[0;00m/  [1;34mrshell[0;00m/  [1;34mtemp[0;00m/  [1;34mucr-cs100[0;00m/  
~/rshell
vhall001@hammer $ bin/ls -al tests
total 180
drwx------ 2 vhall001 csmajs    4096 May 26 23:05 [1;47;34m.[0;00m/
drwx------ 6 vhall001 csmajs    4096 May 26 23:05 [1;47;34m..[0;00m/
-rw------- 1 vhall001 csmajs       0 May 17 21:59 exec.script
-rw------- 1 vhall001 csmajs  163840 May 26 23:10 ls.script
-rw------- 1 vhall001 csmajs    7792 May 17 23:16 piping.script
~/rshell
vhall001@hammer $ #with flags and directory
~/rshell
vhall001@hammer $ bin/ls -llllllllllllllllll tests
total 172
do_ypcall: clnt_call: RPC: Unable to send; errno = Operation not permitted
-rw------- 1 vhall001 csmajs       0 May 17 21:59 exec.script
-rw------- 1 vhall001 csmajs  163840 May 26 23:10 ls.script
-rw------- 1 vhall001 csmajs    7792 May 17 23:16 piping.script
~/rshell
vhall001@hammer $ bin/ls ./src[K[K[K[K[K../rshell/r[Ksrc
cp.cpp  ls.cpp  mv.cpp  rm.cpp  shell.cpp  Timer.h  
~/rshell
vhall001@hammer $ #file path as parameter
~/rshell
vhall001@hammer $ bin/ls tests[K[K[K[K[K[K src tests . bin
cp.cpp  ls.cpp  mv.cpp  rm.cpp  shell.cpp  Timer.h  
exec.script  ls.script  piping.script  
[1;34mbin[0;00m/  LICENSE  Makefile  README.md  [1;34msrc[0;00m/  [1;34mtests[0;00m/  
[1;32mcp[0;00m  [1;32mls[0;00m  [1;32mmv[0;00m  [1;32mrm[0;00m  [1;32mrshell[0;00m  
~/rshell
vhall001@hammer $ #works on multiple directory[Ky parameters
~/rshell
vhall001@hammer $ bin/ls invalid file[K[K[K[K[K[KdFa[Kile
Can't open directory: No such file or directory
~/rshell
vhall001@hammer $ #doesn't work on none[K-existent files
~/rshell
vhall001@hammer $ bin/ls file1 file2 file3
Can't open directory: No such file or directory
~/rshell
vhall001@hammer $ #doesnt' w[K[K[K[K[Kn't work on multiple incorre[K[K[K[K[K[K[Knon-existenf[Kt files
~/rshell
vhall001@hammer $ bin/ls file1 . file2 src
Can't open directory: No such file or directory
~/rshell
vhall001@hammer $ #if any file doesn't exist, won't ro[Kun
~/rshell
vhall001@hammer $ bin/ls [K
[1;34mbin[0;00m/  LICENSE  Makefile  README.md  [1;34msrc[0;00m/  [1;34mtests[0;00m/  
~/rshell
vhall001@hammer $ bin [K/ls Makefile
Can't open directory: Not a directory
~/rshell
vhall001@hammer $ #doesn't run on non-directio[K[Kory items
~/rshell
vhall001@hammer $ bin/ls -a src bin tests
[1;47;34m.[0;00m/  [1;47;34m..[0;00m/  cp.cpp  ls.cpp  mv.cpp  rm.cpp  shell.cpp  Timer.h  
[1;47;34m.[0;00m/  [1;47;34m..[0;00m/  [1;32mcp[0;00m  [1;32mls[0;00m  [1;32mmv[0;00m  [1;32mrm[0;00m  [1;32mrshell[0;00m  
[1;47;34m.[0;00m/  [1;47;34m..[0;00m/  exec.script  ls.script  piping.script  
~/rshell
vhall001@hammer $ bin/ls -a src bin tests[C[4hl[4l
total 64
drwx------ 2 vhall001 csmajs    4096 May 26 23:03 [1;47;34m.[0;00m/
drwx------ 6 vhall001 csmajs    4096 May 26 23:05 [1;47;34m..[0;00m/
-rw------- 1 vhall001 csmajs    2977 May 18 16:43 cp.cpp
-rw------- 1 vhall001 csmajs   17073 May 26 23:03 ls.cpp
-rw------- 1 vhall001 csmajs     909 May 18 16:34 mv.cpp
-rw------- 1 vhall001 csmajs    1495 May 18 16:39 rm.cpp
-rw------- 1 vhall001 csmajs   16826 May 26 22:36 shell.cpp
-rw------- 1 vhall001 csmajs    2291 May 18 15:48 Timer.h
total 276
drwx------ 2 vhall001 csmajs    4096 May 26 23:06 [1;47;34m.[0;00m/
drwx------ 6 vhall001 csmajs    4096 May 26 23:05 [1;47;34m..[0;00m/
-rwx------ 1 vhall001 csmajs   16275 May 26 23:06 [1;32mcp[0;00m
-rwx------ 1 vhall001 csmajs   81256 May 26 23:05 [1;32mls[0;00m
-rwx------ 1 vhall001 csmajs    9993 May 26 23:06 [1;32mmv[0;00m
-rwx------ 1 vhall001 csmajs   10233 May 26 23:06 [1;32mrm[0;00m
-rwx------ 1 vhall001 csmajs  139841 May 26 23:05 [1;32mrshell[0;00m
total 212
drwx------ 2 vhall001 csmajs    4096 May 26 23:05 [1;47;34m.[0;00m/
drwx------ 6 vhall001 csmajs    4096 May 26 23:05 [1;47;34m..[0;00m/
-rw------- 1 vhall001 csmajs       0 May 17 21:59 exec.script
-rw------- 1 vhall001 csmajs  196608 May 26 23:19 ls.script
-rw------- 1 vhall001 csmajs    7792 May 17 23:16 piping.script
~/rshell
vhall001@hammer $ f[K#flags with multiple files
~/rshell
vhall001@hammer $ exit[K[K[K[Kbin/ls
[1;34mbin[0;00m/  LICENSE  Makefile  README.md  [1;34msrc[0;00m/  [1;34mtests[0;00m/  
~/rshell
vhall001@hammer $ #color coded so folder [Ks are blue
~/rshell
vhall001@hammer $ bin/ls src
cp.cpp  ls.cpp  mv.cpp  rm.cpp  shell.cpp  Timer.h  
~/rshell
vhall001@hammer $ bin/ls bin
[1;32mcp[0;00m  [1;32mls[0;00m  [1;32mmv[0;00m  [1;32mrm[0;00m  [1;32mrshell[0;00m  
~/rshell
vhall001@hammer $ #color d[Kcoded so ew[Kxecutat[K[Kables are green
~/rshell
vhall001@hammer $ exit
exit

Script done on Tue 26 May 2015 11:30:02 PM PDT
